<?xml version="1.0" encoding="utf-8"?><testsuites name="pytest tests"><testsuite name="pytest" errors="0" failures="0" skipped="3" tests="1165" time="14.976" timestamp="2026-09-14T00:36:43.005190-03:00" hostname="localhost"><testcase classname="tests.lyrics.test_lyrics_engine.TestMsToLrcTimestamp" name="test_formato_correto" file="tests/lyrics/test_lyrics_engine.py" line="85" time="0.003" /><testcase classname="tests.lyrics.test_lyrics_engine.TestMsToLrcTimestamp" name="test_minutos_corretamente_calculados" file="tests/lyrics/test_lyrics_engine.py" line="88" time="0.001" /><testcase classname="tests.lyrics.test_lyrics_engine.TestMsToLrcTimestamp" name="test_milissegundos_preservados" file="tests/lyrics/test_lyrics_engine.py" line="92" time="0.001" /><testcase classname="tests.lyrics.test_lyrics_engine.TestBuildBilingualLrc" name="test_retorna_original_sem_traducao" file="tests/lyrics/test_lyrics_engine.py" line="103" time="0.002" /><testcase classname="tests.lyrics.test_lyrics_engine.TestBuildBilingualLrc" name="test_retorna_original_com_traducao_vazia" file="tests/lyrics/test_lyrics_engine.py" line="107" time="0.001" /><testcase classname="tests.lyrics.test_lyrics_engine.TestBuildBilingualLrc" name="test_retorna_traducao_sem_original" file="tests/lyrics/test_lyrics_engine.py" line="111" time="0.001" /><testcase classname="tests.lyrics.test_lyrics_engine.TestBuildBilingualLrc" name="test_resultado_nao_e_none" file="tests/lyrics/test_lyrics_engine.py" line="115" time="0.002" /><testcase classname="tests.lyrics.test_lyrics_engine.TestBuildBilingualLrc" name="test_original_aparece_antes_da_traducao_em_cada_par" file="tests/lyrics/test_lyrics_engine.py" line="119" time="0.002" /><testcase classname="tests.lyrics.test_lyrics_engine.TestBuildBilingualLrc" name="test_prefixo_de_traducao_presente" file="tests/lyrics/test_lyrics_engine.py" line="135" time="0.001" /><testcase classname="tests.lyrics.test_lyrics_engine.TestBuildBilingualLrc" name="test_linhas_originais_sem_prefixo" file="tests/lyrics/test_lyrics_engine.py" line="140" time="0.002" /><testcase classname="tests.lyrics.test_lyrics_engine.TestBuildBilingualLrc" name="test_numero_total_de_linhas" file="tests/lyrics/test_lyrics_engine.py" line="146" time="0.002" /><testcase classname="tests.lyrics.test_lyrics_engine.TestBuildBilingualLrc" name="test_ordem_cronologica_preservada" file="tests/lyrics/test_lyrics_engine.py" line="152" time="0.002" /><testcase classname="tests.lyrics.test_lyrics_engine.TestBuildBilingualLrc" name="test_traducao_sem_par_nao_quebra" file="tests/lyrics/test_lyrics_engine.py" line="165" time="0.001" /><testcase classname="tests.lyrics.test_lyrics_engine.TestBuildBilingualLrc" name="test_original_sem_par_de_traducao_aparece" file="tests/lyrics/test_lyrics_engine.py" line="173" time="0.001" /><testcase classname="tests.lyrics.test_lyrics_engine.TestBuildBilingualLrc" name="test_timestamps_com_2_casas_decimais_aceitos" file="tests/lyrics/test_lyrics_engine.py" line="181" time="0.001" /><testcase classname="tests.lyrics.test_lyrics_engine.TestBuildBilingualLrc" name="test_linhas_sem_timestamp_ignoradas" file="tests/lyrics/test_lyrics_engine.py" line="189" time="0.001" /><testcase classname="tests.lyrics.test_lyrics_engine.TestBuildBilingualLrc" name="test_linhas_vazias_no_lrc_ignoradas" file="tests/lyrics/test_lyrics_engine.py" line="198" time="0.002" /><testcase classname="tests.network.test_musicbrainz.TestEntradaInvalida" name="test_isrc_vazio_nao_faz_requisicao" file="tests/network/test_musicbrainz.py" line="76" time="0.011" /><testcase classname="tests.network.test_musicbrainz.TestEntradaInvalida" name="test_isrc_none_nao_faz_requisicao" file="tests/network/test_musicbrainz.py" line="82" time="0.004" /><testcase classname="tests.network.test_musicbrainz.TestNormalizacaoDeIsrc" name="test_isrc_minusculo_e_com_espaco_e_normalizado" file="tests/network/test_musicbrainz.py" line="88" time="0.041" /><testcase classname="tests.network.test_musicbrainz.TestCache" name="test_segunda_chamada_usa_cache_sem_nova_requisicao" file="tests/network/test_musicbrainz.py" line="104" time="0.010" /><testcase classname="tests.network.test_musicbrainz.TestCache" name="test_sem_recordings_tambem_e_cacheado" file="tests/network/test_musicbrainz.py" line="127" time="0.010" /><testcase classname="tests.network.test_musicbrainz.TestExtracaoDosCampos" name="test_sem_releases_album_mbid_fica_none" file="tests/network/test_musicbrainz.py" line="142" time="0.009" /><testcase classname="tests.network.test_musicbrainz.TestExtracaoDosCampos" name="test_credito_com_item_nao_dict_e_ignorado" file="tests/network/test_musicbrainz.py" line="157" time="0.009" /><testcase classname="tests.network.test_musicbrainz.TestExtracaoDosCampos" name="test_sem_nenhum_artist_credit_valido_artist_mbid_fica_none" file="tests/network/test_musicbrainz.py" line="180" time="0.009" /><testcase classname="tests.network.test_musicbrainz.TestFalhasNaoSaoCacheadasPermanentemente" name="test_erro_http_nao_e_cacheado" file="tests/network/test_musicbrainz.py" line="203" time="0.014" /><testcase classname="tests.network.test_musicbrainz.TestFalhasNaoSaoCacheadasPermanentemente" name="test_excecao_generica_nao_e_cacheada" file="tests/network/test_musicbrainz.py" line="217" time="0.013" /><testcase classname="tests.network.test_musicbrainz.TestThrottle" name="test_throttle_e_respeitado_apos_requisicao" file="tests/network/test_musicbrainz.py" line="229" time="0.009" /><testcase classname="tests.network.test_musicbrainz.TestThrottle" name="test_cache_hit_nao_dispara_throttle" file="tests/network/test_musicbrainz.py" line="241" time="0.010" /><testcase classname="tests.network.test_rede.TestCheckForUpdates" name="test_avisa_quando_ha_versao_nova" file="tests/network/test_rede.py" line="30" time="0.015" /><testcase classname="tests.network.test_rede.TestCheckForUpdates" name="test_silencio_quando_ja_esta_atualizado" file="tests/network/test_rede.py" line="39" time="0.007" /><testcase classname="tests.network.test_rede.TestCheckForUpdates" name="test_nao_avisa_para_release_candidate" file="tests/network/test_rede.py" line="52" time="0.008" /><testcase classname="tests.network.test_rede.TestCheckForUpdates" name="test_tags_nao_numericas_nao_quebram[v99.0.0-rc1]" file="tests/network/test_rede.py" line="70" time="0.008" /><testcase classname="tests.network.test_rede.TestCheckForUpdates" name="test_tags_nao_numericas_nao_quebram[v99.0.0b1]" file="tests/network/test_rede.py" line="70" time="0.008" /><testcase classname="tests.network.test_rede.TestCheckForUpdates" name="test_tags_nao_numericas_nao_quebram[v99.0.0.post1]" file="tests/network/test_rede.py" line="70" time="0.008" /><testcase classname="tests.network.test_rede.TestCheckForUpdates" name="test_erro_http_nao_derruba_o_programa" file="tests/network/test_rede.py" line="82" time="0.008" /><testcase classname="tests.network.test_rede.TestCheckForUpdates" name="test_sem_rede_nao_derruba_o_programa" file="tests/network/test_rede.py" line="91" time="0.007" /><testcase classname="tests.network.test_rede.TestCheckForUpdates" name="test_timeout_nao_derruba_o_programa" file="tests/network/test_rede.py" line="98" time="0.007" /><testcase classname="tests.network.test_rede.TestCheckForUpdates" name="test_json_invalido_nao_derruba_o_programa" file="tests/network/test_rede.py" line="105" time="0.009" /><testcase classname="tests.network.test_rede.TestCheckForUpdates" name="test_resposta_sem_tag_name" file="tests/network/test_rede.py" line="114" time="0.008" /><testcase classname="tests.network.test_rede.TestCheckForUpdates" name="test_falha_e_registrada_em_debug" file="tests/network/test_rede.py" line="124" time="0.009" /><testcase classname="tests.regression.test_binarios.TestEncontrarBinario" name="test_acha_binario_que_existe" file="tests/regression/test_binarios.py" line="22" time="0.002" /><testcase classname="tests.regression.test_binarios.TestEncontrarBinario" name="test_devolve_none_para_inexistente" file="tests/regression/test_binarios.py" line="27" time="0.002" /><testcase classname="tests.regression.test_binarios.TestEncontrarBinario" name="test_memoriza_o_resultado" file="tests/regression/test_binarios.py" line="30" time="0.002" /><testcase classname="tests.regression.test_binarios.TestEncontrarBinario" name="test_memoriza_tambem_a_ausencia" file="tests/regression/test_binarios.py" line="48" time="0.002" /><testcase classname="tests.regression.test_binarios.TestEncontrarBinario" name="test_procura_no_appdir_do_a_shell" file="tests/regression/test_binarios.py" line="64" time="0.005" /><testcase classname="tests.regression.test_binarios.TestChecarBinariosExternos" name="test_avisa_uma_vez_sobre_ffmpeg_ausente" file="tests/regression/test_binarios.py" line="95" time="0.003" /><testcase classname="tests.regression.test_binarios.TestChecarBinariosExternos" name="test_nao_cobra_fpcalc_de_quem_nao_pediu" file="tests/regression/test_binarios.py" line="104" time="0.003" /><testcase classname="tests.regression.test_binarios.TestChecarBinariosExternos" name="test_cobra_fpcalc_quando_pedido" file="tests/regression/test_binarios.py" line="111" time="0.003" /><testcase classname="tests.regression.test_binarios.TestChecarBinariosExternos" name="test_silencio_quando_tudo_esta_presente" file="tests/regression/test_binarios.py" line="118" time="0.002" /><testcase classname="tests.regression.test_binarios.TestChecarBinariosExternos" name="test_cai_para_logging_sem_a_ui" file="tests/regression/test_binarios.py" line="128" time="0.003" /><testcase classname="tests.regression.test_binarios.TestVerifyAudioIntegrity" name="test_sem_ffmpeg_devolve_motivo_claro" file="tests/regression/test_binarios.py" line="149" time="0.004" /><testcase classname="tests.regression.test_binarios.TestVerifyAudioIntegrity" name="test_arquivo_inexistente" file="tests/regression/test_binarios.py" line="162" time="0.003" /><testcase classname="tests.regression.test_binarios.TestOrdemDaChecagem" name="test_aviso_de_fpcalc_alcanca_find_duplicates" file="tests/regression/test_binarios.py" line="191" time="0.090" /><testcase classname="tests.regression.test_binarios.TestOrdemDaChecagem" name="test_aviso_de_ffmpeg_aparece_uma_vez_so" file="tests/regression/test_binarios.py" line="200" time="0.029" /><testcase classname="tests.regression.test_binarios.TestOrdemDaChecagem" name="test_avisos_nao_estouram_terminal_estreito" file="tests/regression/test_binarios.py" line="207" time="0.031" /><testcase classname="tests.regression.test_dependencias.TestFonteDeVerdadeUnica" name="test_setup_py_nao_duplica_dependencias" file="tests/regression/test_dependencias.py" line="56" time="0.003" /><testcase classname="tests.regression.test_dependencias.TestFonteDeVerdadeUnica" name="test_requirements_txt_em_sincronia_com_pyproject" file="tests/regression/test_dependencias.py" line="69" time="0.075" /><testcase classname="tests.regression.test_dependencias.TestNucleoInstalavelEmAmbienteRestrito" name="test_sem_pacote_compilado_desnecessario_no_nucleo" file="tests/regression/test_dependencias.py" line="91" time="0.006" /><testcase classname="tests.regression.test_dependencias.TestNucleoInstalavelEmAmbienteRestrito" name="test_cryptography_sem_piso_de_versao" file="tests/regression/test_dependencias.py" line="101" time="0.001" /><testcase classname="tests.regression.test_dependencias.TestExtras" name="test_extras_esperados_existem" file="tests/regression/test_dependencias.py" line="114" time="0.001" /><testcase classname="tests.regression.test_dependencias.TestExtras" name="test_extra_all_cobre_todos_os_outros" file="tests/regression/test_dependencias.py" line="119" time="0.001" /><testcase classname="tests.regression.test_dependencias.TestExtras" name="test_features_opcionais_nao_estao_no_nucleo" file="tests/regression/test_dependencias.py" line="129" time="0.001" /><testcase classname="tests.regression.test_dependencias.TestSemDependenciaMorta" name="test_beautifulsoup4_nao_voltou" file="tests/regression/test_dependencias.py" line="138" time="0.001" /><testcase classname="tests.regression.test_dependencias.TestSemDependenciaMorta" name="test_nenhum_import_de_bs4_no_codigo" file="tests/regression/test_dependencias.py" line="146" time="0.013" /><testcase classname="tests.regression.test_dependencias.TestPisoDePython" name="test_piso_declarado_e_3_10" file="tests/regression/test_dependencias.py" line="156" time="0.001" /><testcase classname="tests.regression.test_dependencias.TestPisoDePython" name="test_classifiers_nao_mentem_sobre_3_9" file="tests/regression/test_dependencias.py" line="162" time="0.001" /><testcase classname="tests.regression.test_dependencias.TestPisoDePython" name="test_classifiers_cobrem_o_piso" file="tests/regression/test_dependencias.py" line="165" time="0.002" /><testcase classname="tests.regression.test_dependencias.TestImportsDoNucleoSaoDeclarados" name="test_lyricsgenius_declarado_como_extra" file="tests/regression/test_dependencias.py" line="172" time="0.004" /><testcase classname="tests.regression.test_release_type.TestPalavrasChaveTemPrioridadeSobreContagem" name="test_live_no_titulo_vence_a_contagem_de_faixas" file="tests/regression/test_release_type.py" line="35" time="0.001" /><testcase classname="tests.regression.test_release_type.TestPalavrasChaveTemPrioridadeSobreContagem" name="test_live_na_versao" file="tests/regression/test_release_type.py" line="38" time="0.001" /><testcase classname="tests.regression.test_release_type.TestPalavrasChaveTemPrioridadeSobreContagem" name="test_compilation_por_titulo" file="tests/regression/test_release_type.py" line="43" time="0.002" /><testcase classname="tests.regression.test_release_type.TestPalavrasChaveTemPrioridadeSobreContagem" name="test_ep_por_titulo_com_espaco_antes" file="tests/regression/test_release_type.py" line="48" time="0.001" /><testcase classname="tests.regression.test_release_type.TestPalavrasChaveTemPrioridadeSobreContagem" name="test_ep_sozinho_no_titulo_sem_espaco_nao_e_pego_pela_keyword" file="tests/regression/test_release_type.py" line="51" time="0.001" /><testcase classname="tests.regression.test_release_type.TestPalavrasChaveTemPrioridadeSobreContagem" name="test_ep_pela_versao_exata" file="tests/regression/test_release_type.py" line="58" time="0.001" /><testcase classname="tests.regression.test_release_type.TestContagemDeFaixasCorrigeATagDaApi" name="test_ate_3_e_single" file="tests/regression/test_release_type.py" line="66" time="0.001" /><testcase classname="tests.regression.test_release_type.TestContagemDeFaixasCorrigeATagDaApi" name="test_de_4_a_7_e_ep" file="tests/regression/test_release_type.py" line="71" time="0.001" /><testcase classname="tests.regression.test_release_type.TestContagemDeFaixasCorrigeATagDaApi" name="test_acima_de_7_e_album" file="tests/regression/test_release_type.py" line="74" time="0.002" /><testcase classname="tests.regression.test_release_type.TestContagemDeFaixasCorrigeATagDaApi" name="test_contagem_vence_tag_errada_da_api" file="tests/regression/test_release_type.py" line="79" time="0.002" /><testcase classname="tests.regression.test_release_type.TestFallbackSemContagemDeFaixas" name="test_duracao_longa_vira_album" file="tests/regression/test_release_type.py" line="89" time="0.002" /><testcase classname="tests.regression.test_release_type.TestFallbackSemContagemDeFaixas" name="test_duracao_curta_cai_pra_tag_da_api" file="tests/regression/test_release_type.py" line="92" time="0.001" /><testcase classname="tests.regression.test_release_type.TestFallbackSemContagemDeFaixas" name="test_sem_nada_cai_pro_item_type" file="tests/regression/test_release_type.py" line="98" time="0.001" /><testcase classname="tests.regression.test_release_type.TestFormatReleaseType" name="test_ep_fica_em_maiusculas" file="tests/regression/test_release_type.py" line="109" time="0.001" /><testcase classname="tests.regression.test_release_type.TestFormatReleaseType" name="test_outros_tipos_ficam_em_title_case" file="tests/regression/test_release_type.py" line="112" time="0.002" /><testcase classname="tests.regression.test_release_type.TestFormatReleaseType" name="test_desconhecido_vira_texto_amigavel" file="tests/regression/test_release_type.py" line="116" time="0.001" /><testcase classname="tests.regression.test_release_type.TestMediaTypeNuncaDivergeDeReleaseType" name="test_get_track_attr" file="tests/regression/test_release_type.py" line="127" time="0.002" /><testcase classname="tests.regression.test_release_type.TestMediaTypeNuncaDivergeDeReleaseType" name="test_get_album_attr" file="tests/regression/test_release_type.py" line="141" time="0.002" /><testcase classname="tests.regression.test_release_type.TestMediaTypeNuncaDivergeDeReleaseType" name="test_varios_tamanhos_de_lancamento[2-Single]" file="tests/regression/test_release_type.py" line="156" time="0.002" /><testcase classname="tests.regression.test_release_type.TestMediaTypeNuncaDivergeDeReleaseType" name="test_varios_tamanhos_de_lancamento[5-EP]" file="tests/regression/test_release_type.py" line="156" time="0.002" /><testcase classname="tests.regression.test_release_type.TestMediaTypeNuncaDivergeDeReleaseType" name="test_varios_tamanhos_de_lancamento[10-Album]" file="tests/regression/test_release_type.py" line="156" time="0.002" /><testcase classname="tests.ui.test_terminal_width" name="test_nenhuma_linha_estoura[tela-inicial-120]" file="tests/ui/test_terminal_width.py" line="32" time="0.020" /><testcase classname="tests.ui.test_terminal_width" name="test_nenhuma_linha_estoura[tela-inicial-100]" file="tests/ui/test_terminal_width.py" line="32" time="0.021" /><testcase classname="tests.ui.test_terminal_width" name="test_nenhuma_linha_estoura[tela-inicial-80]" file="tests/ui/test_terminal_width.py" line="32" time="0.022" /><testcase classname="tests.ui.test_terminal_width" name="test_nenhuma_linha_estoura[tela-inicial-72]" file="tests/ui/test_terminal_width.py" line="32" time="0.020" /><testcase classname="tests.ui.test_terminal_width" name="test_nenhuma_linha_estoura[tela-inicial-60]" file="tests/ui/test_terminal_width.py" line="32" time="0.021" /><testcase classname="tests.ui.test_terminal_width" name="test_nenhuma_linha_estoura[tela-inicial-50]" file="tests/ui/test_terminal_width.py" line="32" time="0.021" /><testcase classname="tests.ui.test_terminal_width" name="test_nenhuma_linha_estoura[tela-inicial-40]" file="tests/ui/test_terminal_width.py" line="32" time="0.023" /><testcase classname="tests.ui.test_terminal_width" name="test_nenhuma_linha_estoura[tela-inicial-32]" file="tests/ui/test_terminal_width.py" line="32" time="0.022" /><testcase classname="tests.ui.test_terminal_width" name="test_nenhuma_linha_estoura[stats-120]" file="tests/ui/test_terminal_width.py" line="32" time="0.018" /><testcase classname="tests.ui.test_terminal_width" name="test_nenhuma_linha_estoura[stats-100]" file="tests/ui/test_terminal_width.py" line="32" time="0.019" /><testcase classname="tests.ui.test_terminal_width" name="test_nenhuma_linha_estoura[stats-80]" file="tests/ui/test_terminal_width.py" line="32" time="0.019" /><testcase classname="tests.ui.test_terminal_width" name="test_nenhuma_linha_estoura[stats-72]" file="tests/ui/test_terminal_width.py" line="32" time="0.018" /><testcase classname="tests.ui.test_terminal_width" name="test_nenhuma_linha_estoura[stats-60]" file="tests/ui/test_terminal_width.py" line="32" time="0.017" /><testcase classname="tests.ui.test_terminal_width" name="test_nenhuma_linha_estoura[stats-50]" file="tests/ui/test_terminal_width.py" line="32" time="0.018" /><testcase classname="tests.ui.test_terminal_width" name="test_nenhuma_linha_estoura[stats-40]" file="tests/ui/test_terminal_width.py" line="32" time="0.018" /><testcase classname="tests.ui.test_terminal_width" name="test_nenhuma_linha_estoura[stats-32]" file="tests/ui/test_terminal_width.py" line="32" time="0.017" /><testcase classname="tests.ui.test_terminal_width" name="test_nenhuma_linha_estoura[stats---artistas-120]" file="tests/ui/test_terminal_width.py" line="32" time="0.019" /><testcase classname="tests.ui.test_terminal_width" name="test_nenhuma_linha_estoura[stats---artistas-100]" file="tests/ui/test_terminal_width.py" line="32" time="0.017" /><testcase classname="tests.ui.test_terminal_width" name="test_nenhuma_linha_estoura[stats---artistas-80]" file="tests/ui/test_terminal_width.py" line="32" time="0.019" /><testcase classname="tests.ui.test_terminal_width" name="test_nenhuma_linha_estoura[stats---artistas-72]" file="tests/ui/test_terminal_width.py" line="32" time="0.021" /><testcase classname="tests.ui.test_terminal_width" name="test_nenhuma_linha_estoura[stats---artistas-60]" file="tests/ui/test_terminal_width.py" line="32" time="0.017" /><testcase classname="tests.ui.test_terminal_width" name="test_nenhuma_linha_estoura[stats---artistas-50]" file="tests/ui/test_terminal_width.py" line="32" time="0.019" /><testcase classname="tests.ui.test_terminal_width" name="test_nenhuma_linha_estoura[stats---artistas-40]" file="tests/ui/test_terminal_width.py" line="32" time="0.019" /><testcase classname="tests.ui.test_terminal_width" name="test_nenhuma_linha_estoura[stats---artistas-32]" file="tests/ui/test_terminal_width.py" line="32" time="0.019" /><testcase classname="tests.ui.test_terminal_width" name="test_config_dir_isolado_de_verdade" file="tests/ui/test_terminal_width.py" line="52" time="0.019" /><testcase classname="tests.ui.test_ui_concurrency" name="test_nenhuma_mensagem_e_perdida" file="tests/ui/test_ui_concurrency.py" line="100" time="0.245" /><testcase classname="tests.ui.test_ui_concurrency" name="test_nenhuma_linha_sai_picada" file="tests/ui/test_ui_concurrency.py" line="112" time="0.252" /><testcase classname="tests.ui.test_ui_concurrency" name="test_todos_os_tres_caminhos_de_saida_aparecem" file="tests/ui/test_ui_concurrency.py" line="138" time="0.237" /><testcase classname="tests.ui.test_ui_wrap" name="test_nenhuma_linha_estoura[Nenhum dado encont-ok-120]" file="tests/ui/test_ui_wrap.py" line="54" time="0.004" /><testcase classname="tests.ui.test_ui_wrap" name="test_nenhuma_linha_estoura[Nenhum dado encont-ok-80]" file="tests/ui/test_ui_wrap.py" line="54" time="0.003" /><testcase classname="tests.ui.test_ui_wrap" name="test_nenhuma_linha_estoura[Nenhum dado encont-ok-72]" file="tests/ui/test_ui_wrap.py" line="54" time="0.004" /><testcase classname="tests.ui.test_ui_wrap" name="test_nenhuma_linha_estoura[Nenhum dado encont-ok-60]" file="tests/ui/test_ui_wrap.py" line="54" time="0.004" /><testcase classname="tests.ui.test_ui_wrap" name="test_nenhuma_linha_estoura[Nenhum dado encont-ok-50]" file="tests/ui/test_ui_wrap.py" line="54" time="0.004" /><testcase classname="tests.ui.test_ui_wrap" name="test_nenhuma_linha_estoura[Nenhum dado encont-ok-40]" file="tests/ui/test_ui_wrap.py" line="54" time="0.004" /><testcase classname="tests.ui.test_ui_wrap" name="test_nenhuma_linha_estoura[Nenhum dado encont-ok-32]" file="tests/ui/test_ui_wrap.py" line="54" time="0.004" /><testcase classname="tests.ui.test_ui_wrap" name="test_nenhuma_linha_estoura[Nenhum dado encont-warn-120]" file="tests/ui/test_ui_wrap.py" line="54" time="0.003" /><testcase classname="tests.ui.test_ui_wrap" name="test_nenhuma_linha_estoura[Nenhum dado encont-warn-80]" file="tests/ui/test_ui_wrap.py" line="54" time="0.004" /><testcase classname="tests.ui.test_ui_wrap" name="test_nenhuma_linha_estoura[Nenhum dado encont-warn-72]" file="tests/ui/test_ui_wrap.py" line="54" time="0.004" /><testcase classname="tests.ui.test_ui_wrap" name="test_nenhuma_linha_estoura[Nenhum dado encont-warn-60]" file="tests/ui/test_ui_wrap.py" line="54" time="0.004" /><testcase classname="tests.ui.test_ui_wrap" name="test_nenhuma_linha_estoura[Nenhum dado encont-warn-50]" file="tests/ui/test_ui_wrap.py" line="54" time="0.004" /><testcase classname="tests.ui.test_ui_wrap" name="test_nenhuma_linha_estoura[Nenhum dado encont-warn-40]" file="tests/ui/test_ui_wrap.py" line="54" time="0.004" /><testcase classname="tests.ui.test_ui_wrap" name="test_nenhuma_linha_estoura[Nenhum dado encont-warn-32]" file="tests/ui/test_ui_wrap.py" line="54" time="0.004" /><testcase classname="tests.ui.test_ui_wrap" name="test_nenhuma_linha_estoura[Nenhum dado encont-error-120]" file="tests/ui/test_ui_wrap.py" line="54" time="0.004" /><testcase classname="tests.ui.test_ui_wrap" name="test_nenhuma_linha_estoura[Nenhum dado encont-error-80]" file="tests/ui/test_ui_wrap.py" line="54" time="0.004" /><testcase classname="tests.ui.test_ui_wrap" name="test_nenhuma_linha_estoura[Nenhum dado encont-error-72]" file="tests/ui/test_ui_wrap.py" line="54" time="0.003" /><testcase classname="tests.ui.test_ui_wrap" name="test_nenhuma_linha_estoura[Nenhum dado encont-error-60]" file="tests/ui/test_ui_wrap.py" line="54" time="0.003" /><testcase classname="tests.ui.test_ui_wrap" name="test_nenhuma_linha_estoura[Nenhum dado encont-error-50]" file="tests/ui/test_ui_wrap.py" line="54" time="0.004" /><testcase classname="tests.ui.test_ui_wrap" name="test_nenhuma_linha_estoura[Nenhum dado encont-error-40]" file="tests/ui/test_ui_wrap.py" line="54" time="0.004" /><testcase classname="tests.ui.test_ui_wrap" name="test_nenhuma_linha_estoura[Nenhum dado encont-error-32]" file="tests/ui/test_ui_wrap.py" line="54" time="0.004" /><testcase classname="tests.ui.test_ui_wrap" name="test_nenhuma_linha_estoura[Nenhum dado encont-step-120]" file="tests/ui/test_ui_wrap.py" line="54" time="0.004" /><testcase classname="tests.ui.test_ui_wrap" name="test_nenhuma_linha_estoura[Nenhum dado encont-step-80]" file="tests/ui/test_ui_wrap.py" line="54" time="0.003" /><testcase classname="tests.ui.test_ui_wrap" name="test_nenhuma_linha_estoura[Nenhum dado encont-step-72]" file="tests/ui/test_ui_wrap.py" line="54" time="0.004" /><testcase classname="tests.ui.test_ui_wrap" name="test_nenhuma_linha_estoura[Nenhum dado encont-step-60]" file="tests/ui/test_ui_wrap.py" line="54" time="0.004" /><testcase classname="tests.ui.test_ui_wrap" name="test_nenhuma_linha_estoura[Nenhum dado encont-step-50]" file="tests/ui/test_ui_wrap.py" line="54" time="0.004" /><testcase classname="tests.ui.test_ui_wrap" name="test_nenhuma_linha_estoura[Nenhum dado encont-step-40]" file="tests/ui/test_ui_wrap.py" line="54" time="0.004" /><testcase classname="tests.ui.test_ui_wrap" name="test_nenhuma_linha_estoura[Nenhum dado encont-step-32]" file="tests/ui/test_ui_wrap.py" line="54" time="0.004" /><testcase classname="tests.ui.test_ui_wrap" name="test_nenhuma_linha_estoura[Nenhum dado encont-skip-120]" file="tests/ui/test_ui_wrap.py" line="54" time="0.004" /><testcase classname="tests.ui.test_ui_wrap" name="test_nenhuma_linha_estoura[Nenhum dado encont-skip-80]" file="tests/ui/test_ui_wrap.py" line="54" time="0.004" /><testcase classname="tests.ui.test_ui_wrap" name="test_nenhuma_linha_estoura[Nenhum dado encont-skip-72]" file="tests/ui/test_ui_wrap.py" line="54" time="0.004" /><testcase classname="tests.ui.test_ui_wrap" name="test_nenhuma_linha_estoura[Nenhum dado encont-skip-60]" file="tests/ui/test_ui_wrap.py" line="54" time="0.004" /><testcase classname="tests.ui.test_ui_wrap" name="test_nenhuma_linha_estoura[Nenhum dado encont-skip-50]" file="tests/ui/test_ui_wrap.py" line="54" time="0.003" /><testcase classname="tests.ui.test_ui_wrap" name="test_nenhuma_linha_estoura[Nenhum dado encont-skip-40]" file="tests/ui/test_ui_wrap.py" line="54" time="0.003" /><testcase classname="tests.ui.test_ui_wrap" name="test_nenhuma_linha_estoura[Nenhum dado encont-skip-32]" file="tests/ui/test_ui_wrap.py" line="54" time="0.004" /><testcase classname="tests.ui.test_ui_wrap" name="test_nenhuma_linha_estoura[Album baixado com -ok-120]" file="tests/ui/test_ui_wrap.py" line="54" time="0.003" /><testcase classname="tests.ui.test_ui_wrap" name="test_nenhuma_linha_estoura[Album baixado com -ok-80]" file="tests/ui/test_ui_wrap.py" line="54" time="0.004" /><testcase classname="tests.ui.test_ui_wrap" name="test_nenhuma_linha_estoura[Album baixado com -ok-72]" file="tests/ui/test_ui_wrap.py" line="54" time="0.005" /><testcase classname="tests.ui.test_ui_wrap" name="test_nenhuma_linha_estoura[Album baixado com -ok-60]" file="tests/ui/test_ui_wrap.py" line="54" time="0.004" /><testcase classname="tests.ui.test_ui_wrap" name="test_nenhuma_linha_estoura[Album baixado com -ok-50]" file="tests/ui/test_ui_wrap.py" line="54" time="0.003" /><testcase classname="tests.ui.test_ui_wrap" name="test_nenhuma_linha_estoura[Album baixado com -ok-40]" file="tests/ui/test_ui_wrap.py" line="54" time="0.004" /><testcase classname="tests.ui.test_ui_wrap" name="test_nenhuma_linha_estoura[Album baixado com -ok-32]" file="tests/ui/test_ui_wrap.py" line="54" time="0.004" /><testcase classname="tests.ui.test_ui_wrap" name="test_nenhuma_linha_estoura[Album baixado com -warn-120]" file="tests/ui/test_ui_wrap.py" line="54" time="0.003" /><testcase classname="tests.ui.test_ui_wrap" name="test_nenhuma_linha_estoura[Album baixado com -warn-80]" file="tests/ui/test_ui_wrap.py" line="54" time="0.004" /><testcase classname="tests.ui.test_ui_wrap" name="test_nenhuma_linha_estoura[Album baixado com -warn-72]" file="tests/ui/test_ui_wrap.py" line="54" time="0.004" /><testcase classname="tests.ui.test_ui_wrap" name="test_nenhuma_linha_estoura[Album baixado com -warn-60]" file="tests/ui/test_ui_wrap.py" line="54" time="0.003" /><testcase classname="tests.ui.test_ui_wrap" name="test_nenhuma_linha_estoura[Album baixado com -warn-50]" file="tests/ui/test_ui_wrap.py" line="54" time="0.003" /><testcase classname="tests.ui.test_ui_wrap" name="test_nenhuma_linha_estoura[Album baixado com -warn-40]" file="tests/ui/test_ui_wrap.py" line="54" time="0.004" /><testcase classname="tests.ui.test_ui_wrap" name="test_nenhuma_linha_estoura[Album baixado com -warn-32]" file="tests/ui/test_ui_wrap.py" line="54" time="0.003" /><testcase classname="tests.ui.test_ui_wrap" name="test_nenhuma_linha_estoura[Album baixado com -error-120]" file="tests/ui/test_ui_wrap.py" line="54" time="0.003" /><testcase classname="tests.ui.test_ui_wrap" name="test_nenhuma_linha_estoura[Album baixado com -error-80]" file="tests/ui/test_ui_wrap.py" line="54" time="0.004" /><testcase classname="tests.ui.test_ui_wrap" name="test_nenhuma_linha_estoura[Album baixado com -error-72]" file="tests/ui/test_ui_wrap.py" line="54" time="0.004" /><testcase classname="tests.ui.test_ui_wrap" name="test_nenhuma_linha_estoura[Album baixado com -error-60]" file="tests/ui/test_ui_wrap.py" line="54" time="0.003" /><testcase classname="tests.ui.test_ui_wrap" name="test_nenhuma_linha_estoura[Album baixado com -error-50]" file="tests/ui/test_ui_wrap.py" line="54" time="0.004" /><testcase classname="tests.ui.test_ui_wrap" name="test_nenhuma_linha_estoura[Album baixado com -error-40]" file="tests/ui/test_ui_wrap.py" line="54" time="0.004" /><testcase classname="tests.ui.test_ui_wrap" name="test_nenhuma_linha_estoura[Album baixado com -error-32]" file="tests/ui/test_ui_wrap.py" line="54" time="0.003" /><testcase classname="tests.ui.test_ui_wrap" name="test_nenhuma_linha_estoura[Album baixado com -step-120]" file="tests/ui/test_ui_wrap.py" line="54" time="0.004" /><testcase classname="tests.ui.test_ui_wrap" name="test_nenhuma_linha_estoura[Album baixado com -step-80]" file="tests/ui/test_ui_wrap.py" line="54" time="0.004" /><testcase classname="tests.ui.test_ui_wrap" name="test_nenhuma_linha_estoura[Album baixado com -step-72]" file="tests/ui/test_ui_wrap.py" line="54" time="0.004" /><testcase classname="tests.ui.test_ui_wrap" name="test_nenhuma_linha_estoura[Album baixado com -step-60]" file="tests/ui/test_ui_wrap.py" line="54" time="0.004" /><testcase classname="tests.ui.test_ui_wrap" name="test_nenhuma_linha_estoura[Album baixado com -step-50]" file="tests/ui/test_ui_wrap.py" line="54" time="0.004" /><testcase classname="tests.ui.test_ui_wrap" name="test_nenhuma_linha_estoura[Album baixado com -step-40]" file="tests/ui/test_ui_wrap.py" line="54" time="0.004" /><testcase classname="tests.ui.test_ui_wrap" name="test_nenhuma_linha_estoura[Album baixado com -step-32]" file="tests/ui/test_ui_wrap.py" line="54" time="0.004" /><testcase classname="tests.ui.test_ui_wrap" name="test_nenhuma_linha_estoura[Album baixado com -skip-120]" file="tests/ui/test_ui_wrap.py" line="54" time="0.004" /><testcase classname="tests.ui.test_ui_wrap" name="test_nenhuma_linha_estoura[Album baixado com -skip-80]" file="tests/ui/test_ui_wrap.py" line="54" time="0.003" /><testcase classname="tests.ui.test_ui_wrap" name="test_nenhuma_linha_estoura[Album baixado com -skip-72]" file="tests/ui/test_ui_wrap.py" line="54" time="0.003" /><testcase classname="tests.ui.test_ui_wrap" name="test_nenhuma_linha_estoura[Album baixado com -skip-60]" file="tests/ui/test_ui_wrap.py" line="54" time="0.004" /><testcase classname="tests.ui.test_ui_wrap" name="test_nenhuma_linha_estoura[Album baixado com -skip-50]" file="tests/ui/test_ui_wrap.py" line="54" time="0.004" /><testcase classname="tests.ui.test_ui_wrap" name="test_nenhuma_linha_estoura[Album baixado com -skip-40]" file="tests/ui/test_ui_wrap.py" line="54" time="0.004" /><testcase classname="tests.ui.test_ui_wrap" name="test_nenhuma_linha_estoura[Album baixado com -skip-32]" file="tests/ui/test_ui_wrap.py" line="54" time="0.004" /><testcase classname="tests.ui.test_ui_wrap" name="test_nenhuma_linha_estoura[Falha ao autentica-ok-120]" file="tests/ui/test_ui_wrap.py" line="54" time="0.004" /><testcase classname="tests.ui.test_ui_wrap" name="test_nenhuma_linha_estoura[Falha ao autentica-ok-80]" file="tests/ui/test_ui_wrap.py" line="54" time="0.004" /><testcase classname="tests.ui.test_ui_wrap" name="test_nenhuma_linha_estoura[Falha ao autentica-ok-72]" file="tests/ui/test_ui_wrap.py" line="54" time="0.004" /><testcase classname="tests.ui.test_ui_wrap" name="test_nenhuma_linha_estoura[Falha ao autentica-ok-60]" file="tests/ui/test_ui_wrap.py" line="54" time="0.004" /><testcase classname="tests.ui.test_ui_wrap" name="test_nenhuma_linha_estoura[Falha ao autentica-ok-50]" file="tests/ui/test_ui_wrap.py" line="54" time="0.004" /><testcase classname="tests.ui.test_ui_wrap" name="test_nenhuma_linha_estoura[Falha ao autentica-ok-40]" file="tests/ui/test_ui_wrap.py" line="54" time="0.004" /><testcase classname="tests.ui.test_ui_wrap" name="test_nenhuma_linha_estoura[Falha ao autentica-ok-32]" file="tests/ui/test_ui_wrap.py" line="54" time="0.004" /><testcase classname="tests.ui.test_ui_wrap" name="test_nenhuma_linha_estoura[Falha ao autentica-warn-120]" file="tests/ui/test_ui_wrap.py" line="54" time="0.003" /><testcase classname="tests.ui.test_ui_wrap" name="test_nenhuma_linha_estoura[Falha ao autentica-warn-80]" file="tests/ui/test_ui_wrap.py" line="54" time="0.004" /><testcase classname="tests.ui.test_ui_wrap" name="test_nenhuma_linha_estoura[Falha ao autentica-warn-72]" file="tests/ui/test_ui_wrap.py" line="54" time="0.004" /><testcase classname="tests.ui.test_ui_wrap" name="test_nenhuma_linha_estoura[Falha ao autentica-warn-60]" file="tests/ui/test_ui_wrap.py" line="54" time="0.003" /><testcase classname="tests.ui.test_ui_wrap" name="test_nenhuma_linha_estoura[Falha ao autentica-warn-50]" file="tests/ui/test_ui_wrap.py" line="54" time="0.004" /><testcase classname="tests.ui.test_ui_wrap" name="test_nenhuma_linha_estoura[Falha ao autentica-warn-40]" file="tests/ui/test_ui_wrap.py" line="54" time="0.004" /><testcase classname="tests.ui.test_ui_wrap" name="test_nenhuma_linha_estoura[Falha ao autentica-warn-32]" file="tests/ui/test_ui_wrap.py" line="54" time="0.003" /><testcase classname="tests.ui.test_ui_wrap" name="test_nenhuma_linha_estoura[Falha ao autentica-error-120]" file="tests/ui/test_ui_wrap.py" line="54" time="0.004" /><testcase classname="tests.ui.test_ui_wrap" name="test_nenhuma_linha_estoura[Falha ao autentica-error-80]" file="tests/ui/test_ui_wrap.py" line="54" time="0.004" /><testcase classname="tests.ui.test_ui_wrap" name="test_nenhuma_linha_estoura[Falha ao autentica-error-72]" file="tests/ui/test_ui_wrap.py" line="54" time="0.003" /><testcase classname="tests.ui.test_ui_wrap" name="test_nenhuma_linha_estoura[Falha ao autentica-error-60]" file="tests/ui/test_ui_wrap.py" line="54" time="0.004" /><testcase classname="tests.ui.test_ui_wrap" name="test_nenhuma_linha_estoura[Falha ao autentica-error-50]" file="tests/ui/test_ui_wrap.py" line="54" time="0.004" /><testcase classname="tests.ui.test_ui_wrap" name="test_nenhuma_linha_estoura[Falha ao autentica-error-40]" file="tests/ui/test_ui_wrap.py" line="54" time="0.004" /><testcase classname="tests.ui.test_ui_wrap" name="test_nenhuma_linha_estoura[Falha ao autentica-error-32]" file="tests/ui/test_ui_wrap.py" line="54" time="0.004" /><testcase classname="tests.ui.test_ui_wrap" name="test_nenhuma_linha_estoura[Falha ao autentica-step-120]" file="tests/ui/test_ui_wrap.py" line="54" time="0.004" /><testcase classname="tests.ui.test_ui_wrap" name="test_nenhuma_linha_estoura[Falha ao autentica-step-80]" file="tests/ui/test_ui_wrap.py" line="54" time="0.004" /><testcase classname="tests.ui.test_ui_wrap" name="test_nenhuma_linha_estoura[Falha ao autentica-step-72]" file="tests/ui/test_ui_wrap.py" line="54" time="0.004" /><testcase classname="tests.ui.test_ui_wrap" name="test_nenhuma_linha_estoura[Falha ao autentica-step-60]" file="tests/ui/test_ui_wrap.py" line="54" time="0.004" /><testcase classname="tests.ui.test_ui_wrap" name="test_nenhuma_linha_estoura[Falha ao autentica-step-50]" file="tests/ui/test_ui_wrap.py" line="54" time="0.004" /><testcase classname="tests.ui.test_ui_wrap" name="test_nenhuma_linha_estoura[Falha ao autentica-step-40]" file="tests/ui/test_ui_wrap.py" line="54" time="0.003" /><testcase classname="tests.ui.test_ui_wrap" name="test_nenhuma_linha_estoura[Falha ao autentica-step-32]" file="tests/ui/test_ui_wrap.py" line="54" time="0.004" /><testcase classname="tests.ui.test_ui_wrap" name="test_nenhuma_linha_estoura[Falha ao autentica-skip-120]" file="tests/ui/test_ui_wrap.py" line="54" time="0.004" /><testcase classname="tests.ui.test_ui_wrap" name="test_nenhuma_linha_estoura[Falha ao autentica-skip-80]" file="tests/ui/test_ui_wrap.py" line="54" time="0.004" /><testcase classname="tests.ui.test_ui_wrap" name="test_nenhuma_linha_estoura[Falha ao autentica-skip-72]" file="tests/ui/test_ui_wrap.py" line="54" time="0.004" /><testcase classname="tests.ui.test_ui_wrap" name="test_nenhuma_linha_estoura[Falha ao autentica-skip-60]" file="tests/ui/test_ui_wrap.py" line="54" time="0.004" /><testcase classname="tests.ui.test_ui_wrap" name="test_nenhuma_linha_estoura[Falha ao autentica-skip-50]" file="tests/ui/test_ui_wrap.py" line="54" time="0.004" /><testcase classname="tests.ui.test_ui_wrap" name="test_nenhuma_linha_estoura[Falha ao autentica-skip-40]" file="tests/ui/test_ui_wrap.py" line="54" time="0.004" /><testcase classname="tests.ui.test_ui_wrap" name="test_nenhuma_linha_estoura[Falha ao autentica-skip-32]" file="tests/ui/test_ui_wrap.py" line="54" time="0.004" /><testcase classname="tests.ui.test_ui_wrap" name="test_nenhuma_linha_estoura[curta-ok-120]" file="tests/ui/test_ui_wrap.py" line="54" time="0.003" /><testcase classname="tests.ui.test_ui_wrap" name="test_nenhuma_linha_estoura[curta-ok-80]" file="tests/ui/test_ui_wrap.py" line="54" time="0.004" /><testcase classname="tests.ui.test_ui_wrap" name="test_nenhuma_linha_estoura[curta-ok-72]" file="tests/ui/test_ui_wrap.py" line="54" time="0.004" /><testcase classname="tests.ui.test_ui_wrap" name="test_nenhuma_linha_estoura[curta-ok-60]" file="tests/ui/test_ui_wrap.py" line="54" time="0.003" /><testcase classname="tests.ui.test_ui_wrap" name="test_nenhuma_linha_estoura[curta-ok-50]" file="tests/ui/test_ui_wrap.py" line="54" time="0.004" /><testcase classname="tests.ui.test_ui_wrap" name="test_nenhuma_linha_estoura[curta-ok-40]" file="tests/ui/test_ui_wrap.py" line="54" time="0.004" /><testcase classname="tests.ui.test_ui_wrap" name="test_nenhuma_linha_estoura[curta-ok-32]" file="tests/ui/test_ui_wrap.py" line="54" time="0.003" /><testcase classname="tests.ui.test_ui_wrap" name="test_nenhuma_linha_estoura[curta-warn-120]" file="tests/ui/test_ui_wrap.py" line="54" time="0.003" /><testcase classname="tests.ui.test_ui_wrap" name="test_nenhuma_linha_estoura[curta-warn-80]" file="tests/ui/test_ui_wrap.py" line="54" time="0.004" /><testcase classname="tests.ui.test_ui_wrap" name="test_nenhuma_linha_estoura[curta-warn-72]" file="tests/ui/test_ui_wrap.py" line="54" time="0.004" /><testcase classname="tests.ui.test_ui_wrap" name="test_nenhuma_linha_estoura[curta-warn-60]" file="tests/ui/test_ui_wrap.py" line="54" time="0.003" /><testcase classname="tests.ui.test_ui_wrap" name="test_nenhuma_linha_estoura[curta-warn-50]" file="tests/ui/test_ui_wrap.py" line="54" time="0.004" /><testcase classname="tests.ui.test_ui_wrap" name="test_nenhuma_linha_estoura[curta-warn-40]" file="tests/ui/test_ui_wrap.py" line="54" time="0.004" /><testcase classname="tests.ui.test_ui_wrap" name="test_nenhuma_linha_estoura[curta-warn-32]" file="tests/ui/test_ui_wrap.py" line="54" time="0.004" /><testcase classname="tests.ui.test_ui_wrap" name="test_nenhuma_linha_estoura[curta-error-120]" file="tests/ui/test_ui_wrap.py" line="54" time="0.004" /><testcase classname="tests.ui.test_ui_wrap" name="test_nenhuma_linha_estoura[curta-error-80]" file="tests/ui/test_ui_wrap.py" line="54" time="0.004" /><testcase classname="tests.ui.test_ui_wrap" name="test_nenhuma_linha_estoura[curta-error-72]" file="tests/ui/test_ui_wrap.py" line="54" time="0.003" /><testcase classname="tests.ui.test_ui_wrap" name="test_nenhuma_linha_estoura[curta-error-60]" file="tests/ui/test_ui_wrap.py" line="54" time="0.004" /><testcase classname="tests.ui.test_ui_wrap" name="test_nenhuma_linha_estoura[curta-error-50]" file="tests/ui/test_ui_wrap.py" line="54" time="0.004" /><testcase classname="tests.ui.test_ui_wrap" name="test_nenhuma_linha_estoura[curta-error-40]" file="tests/ui/test_ui_wrap.py" line="54" time="0.004" /><testcase classname="tests.ui.test_ui_wrap" name="test_nenhuma_linha_estoura[curta-error-32]" file="tests/ui/test_ui_wrap.py" line="54" time="0.004" /><testcase classname="tests.ui.test_ui_wrap" name="test_nenhuma_linha_estoura[curta-step-120]" file="tests/ui/test_ui_wrap.py" line="54" time="0.004" /><testcase classname="tests.ui.test_ui_wrap" name="test_nenhuma_linha_estoura[curta-step-80]" file="tests/ui/test_ui_wrap.py" line="54" time="0.003" /><testcase classname="tests.ui.test_ui_wrap" name="test_nenhuma_linha_estoura[curta-step-72]" file="tests/ui/test_ui_wrap.py" line="54" time="0.004" /><testcase classname="tests.ui.test_ui_wrap" name="test_nenhuma_linha_estoura[curta-step-60]" file="tests/ui/test_ui_wrap.py" line="54" time="0.004" /><testcase classname="tests.ui.test_ui_wrap" name="test_nenhuma_linha_estoura[curta-step-50]" file="tests/ui/test_ui_wrap.py" line="54" time="0.003" /><testcase classname="tests.ui.test_ui_wrap" name="test_nenhuma_linha_estoura[curta-step-40]" file="tests/ui/test_ui_wrap.py" line="54" time="0.004" /><testcase classname="tests.ui.test_ui_wrap" name="test_nenhuma_linha_estoura[curta-step-32]" file="tests/ui/test_ui_wrap.py" line="54" time="0.004" /><testcase classname="tests.ui.test_ui_wrap" name="test_nenhuma_linha_estoura[curta-skip-120]" file="tests/ui/test_ui_wrap.py" line="54" time="0.003" /><testcase classname="tests.ui.test_ui_wrap" name="test_nenhuma_linha_estoura[curta-skip-80]" file="tests/ui/test_ui_wrap.py" line="54" time="0.004" /><testcase classname="tests.ui.test_ui_wrap" name="test_nenhuma_linha_estoura[curta-skip-72]" file="tests/ui/test_ui_wrap.py" line="54" time="0.004" /><testcase classname="tests.ui.test_ui_wrap" name="test_nenhuma_linha_estoura[curta-skip-60]" file="tests/ui/test_ui_wrap.py" line="54" time="0.004" /><testcase classname="tests.ui.test_ui_wrap" name="test_nenhuma_linha_estoura[curta-skip-50]" file="tests/ui/test_ui_wrap.py" line="54" time="0.003" /><testcase classname="tests.ui.test_ui_wrap" name="test_nenhuma_linha_estoura[curta-skip-40]" file="tests/ui/test_ui_wrap.py" line="54" time="0.004" /><testcase classname="tests.ui.test_ui_wrap" name="test_nenhuma_linha_estoura[curta-skip-32]" file="tests/ui/test_ui_wrap.py" line="54" time="0.004" /><testcase classname="tests.ui.test_ui_wrap" name="test_nenhuma_linha_estoura[palavra-unica-muit-ok-120]" file="tests/ui/test_ui_wrap.py" line="54" time="0.004" /><testcase classname="tests.ui.test_ui_wrap" name="test_nenhuma_linha_estoura[palavra-unica-muit-ok-80]" file="tests/ui/test_ui_wrap.py" line="54" time="0.004" /><testcase classname="tests.ui.test_ui_wrap" name="test_nenhuma_linha_estoura[palavra-unica-muit-ok-72]" file="tests/ui/test_ui_wrap.py" line="54" time="0.004" /><testcase classname="tests.ui.test_ui_wrap" name="test_nenhuma_linha_estoura[palavra-unica-muit-ok-60]" file="tests/ui/test_ui_wrap.py" line="54" time="0.004" /><testcase classname="tests.ui.test_ui_wrap" name="test_nenhuma_linha_estoura[palavra-unica-muit-ok-50]" file="tests/ui/test_ui_wrap.py" line="54" time="0.004" /><testcase classname="tests.ui.test_ui_wrap" name="test_nenhuma_linha_estoura[palavra-unica-muit-ok-40]" file="tests/ui/test_ui_wrap.py" line="54" time="0.004" /><testcase classname="tests.ui.test_ui_wrap" name="test_nenhuma_linha_estoura[palavra-unica-muit-ok-32]" file="tests/ui/test_ui_wrap.py" line="54" time="0.004" /><testcase classname="tests.ui.test_ui_wrap" name="test_nenhuma_linha_estoura[palavra-unica-muit-warn-120]" file="tests/ui/test_ui_wrap.py" line="54" time="0.004" /><testcase classname="tests.ui.test_ui_wrap" name="test_nenhuma_linha_estoura[palavra-unica-muit-warn-80]" file="tests/ui/test_ui_wrap.py" line="54" time="0.004" /><testcase classname="tests.ui.test_ui_wrap" name="test_nenhuma_linha_estoura[palavra-unica-muit-warn-72]" file="tests/ui/test_ui_wrap.py" line="54" time="0.004" /><testcase classname="tests.ui.test_ui_wrap" name="test_nenhuma_linha_estoura[palavra-unica-muit-warn-60]" file="tests/ui/test_ui_wrap.py" line="54" time="0.004" /><testcase classname="tests.ui.test_ui_wrap" name="test_nenhuma_linha_estoura[palavra-unica-muit-warn-50]" file="tests/ui/test_ui_wrap.py" line="54" time="0.004" /><testcase classname="tests.ui.test_ui_wrap" name="test_nenhuma_linha_estoura[palavra-unica-muit-warn-40]" file="tests/ui/test_ui_wrap.py" line="54" time="0.004" /><testcase classname="tests.ui.test_ui_wrap" name="test_nenhuma_linha_estoura[palavra-unica-muit-warn-32]" file="tests/ui/test_ui_wrap.py" line="54" time="0.004" /><testcase classname="tests.ui.test_ui_wrap" name="test_nenhuma_linha_estoura[palavra-unica-muit-error-120]" file="tests/ui/test_ui_wrap.py" line="54" time="0.004" /><testcase classname="tests.ui.test_ui_wrap" name="test_nenhuma_linha_estoura[palavra-unica-muit-error-80]" file="tests/ui/test_ui_wrap.py" line="54" time="0.003" /><testcase classname="tests.ui.test_ui_wrap" name="test_nenhuma_linha_estoura[palavra-unica-muit-error-72]" file="tests/ui/test_ui_wrap.py" line="54" time="0.004" /><testcase classname="tests.ui.test_ui_wrap" name="test_nenhuma_linha_estoura[palavra-unica-muit-error-60]" file="tests/ui/test_ui_wrap.py" line="54" time="0.004" /><testcase classname="tests.ui.test_ui_wrap" name="test_nenhuma_linha_estoura[palavra-unica-muit-error-50]" file="tests/ui/test_ui_wrap.py" line="54" time="0.004" /><testcase classname="tests.ui.test_ui_wrap" name="test_nenhuma_linha_estoura[palavra-unica-muit-error-40]" file="tests/ui/test_ui_wrap.py" line="54" time="0.004" /><testcase classname="tests.ui.test_ui_wrap" name="test_nenhuma_linha_estoura[palavra-unica-muit-error-32]" file="tests/ui/test_ui_wrap.py" line="54" time="0.004" /><testcase classname="tests.ui.test_ui_wrap" name="test_nenhuma_linha_estoura[palavra-unica-muit-step-120]" file="tests/ui/test_ui_wrap.py" line="54" time="0.004" /><testcase classname="tests.ui.test_ui_wrap" name="test_nenhuma_linha_estoura[palavra-unica-muit-step-80]" file="tests/ui/test_ui_wrap.py" line="54" time="0.004" /><testcase classname="tests.ui.test_ui_wrap" name="test_nenhuma_linha_estoura[palavra-unica-muit-step-72]" file="tests/ui/test_ui_wrap.py" line="54" time="0.004" /><testcase classname="tests.ui.test_ui_wrap" name="test_nenhuma_linha_estoura[palavra-unica-muit-step-60]" file="tests/ui/test_ui_wrap.py" line="54" time="0.004" /><testcase classname="tests.ui.test_ui_wrap" name="test_nenhuma_linha_estoura[palavra-unica-muit-step-50]" file="tests/ui/test_ui_wrap.py" line="54" time="0.004" /><testcase classname="tests.ui.test_ui_wrap" name="test_nenhuma_linha_estoura[palavra-unica-muit-step-40]" file="tests/ui/test_ui_wrap.py" line="54" time="0.004" /><testcase classname="tests.ui.test_ui_wrap" name="test_nenhuma_linha_estoura[palavra-unica-muit-step-32]" file="tests/ui/test_ui_wrap.py" line="54" time="0.004" /><testcase classname="tests.ui.test_ui_wrap" name="test_nenhuma_linha_estoura[palavra-unica-muit-skip-120]" file="tests/ui/test_ui_wrap.py" line="54" time="0.004" /><testcase classname="tests.ui.test_ui_wrap" name="test_nenhuma_linha_estoura[palavra-unica-muit-skip-80]" file="tests/ui/test_ui_wrap.py" line="54" time="0.004" /><testcase classname="tests.ui.test_ui_wrap" name="test_nenhuma_linha_estoura[palavra-unica-muit-skip-72]" file="tests/ui/test_ui_wrap.py" line="54" time="0.003" /><testcase classname="tests.ui.test_ui_wrap" name="test_nenhuma_linha_estoura[palavra-unica-muit-skip-60]" file="tests/ui/test_ui_wrap.py" line="54" time="0.004" /><testcase classname="tests.ui.test_ui_wrap" name="test_nenhuma_linha_estoura[palavra-unica-muit-skip-50]" file="tests/ui/test_ui_wrap.py" line="54" time="0.004" /><testcase classname="tests.ui.test_ui_wrap" name="test_nenhuma_linha_estoura[palavra-unica-muit-skip-40]" file="tests/ui/test_ui_wrap.py" line="54" time="0.003" /><testcase classname="tests.ui.test_ui_wrap" name="test_nenhuma_linha_estoura[palavra-unica-muit-skip-32]" file="tests/ui/test_ui_wrap.py" line="54" time="0.004" /><testcase classname="tests.ui.test_ui_wrap" name="test_a_tag_aparece_uma_vez_so[ok]" file="tests/ui/test_ui_wrap.py" line="83" time="0.004" /><testcase classname="tests.ui.test_ui_wrap" name="test_a_tag_aparece_uma_vez_so[warn]" file="tests/ui/test_ui_wrap.py" line="83" time="0.003" /><testcase classname="tests.ui.test_ui_wrap" name="test_a_tag_aparece_uma_vez_so[error]" file="tests/ui/test_ui_wrap.py" line="83" time="0.003" /><testcase classname="tests.ui.test_ui_wrap" name="test_a_tag_aparece_uma_vez_so[step]" file="tests/ui/test_ui_wrap.py" line="83" time="0.004" /><testcase classname="tests.ui.test_ui_wrap" name="test_a_tag_aparece_uma_vez_so[skip]" file="tests/ui/test_ui_wrap.py" line="83" time="0.004" /><testcase classname="tests.ui.test_ui_wrap" name="test_continuacao_alinha_sob_o_texto[ok]" file="tests/ui/test_ui_wrap.py" line="100" time="0.003" /><testcase classname="tests.ui.test_ui_wrap" name="test_continuacao_alinha_sob_o_texto[warn]" file="tests/ui/test_ui_wrap.py" line="100" time="0.003" /><testcase classname="tests.ui.test_ui_wrap" name="test_continuacao_alinha_sob_o_texto[error]" file="tests/ui/test_ui_wrap.py" line="100" time="0.003" /><testcase classname="tests.ui.test_ui_wrap" name="test_continuacao_alinha_sob_o_texto[step]" file="tests/ui/test_ui_wrap.py" line="100" time="0.003" /><testcase classname="tests.ui.test_ui_wrap" name="test_continuacao_alinha_sob_o_texto[skip]" file="tests/ui/test_ui_wrap.py" line="100" time="0.003" /><testcase classname="tests.ui.test_ui_wrap" name="test_nenhuma_palavra_e_cortada_ao_meio[ok]" file="tests/ui/test_ui_wrap.py" line="118" time="0.004" /><testcase classname="tests.ui.test_ui_wrap" name="test_nenhuma_palavra_e_cortada_ao_meio[warn]" file="tests/ui/test_ui_wrap.py" line="118" time="0.003" /><testcase classname="tests.ui.test_ui_wrap" name="test_nenhuma_palavra_e_cortada_ao_meio[error]" file="tests/ui/test_ui_wrap.py" line="118" time="0.003" /><testcase classname="tests.ui.test_ui_wrap" name="test_nenhuma_palavra_e_cortada_ao_meio[step]" file="tests/ui/test_ui_wrap.py" line="118" time="0.004" /><testcase classname="tests.ui.test_ui_wrap" name="test_nenhuma_palavra_e_cortada_ao_meio[skip]" file="tests/ui/test_ui_wrap.py" line="118" time="0.003" /><testcase classname="tests.ui.test_ui_wrap" name="test_mensagem_curta_nao_ganha_linha_extra" file="tests/ui/test_ui_wrap.py" line="139" time="0.002" /><testcase classname="tests.ui.test_ui_wrap" name="test_primeira_linha_tem_tag[ok]" file="tests/ui/test_ui_wrap.py" line="152" time="0.003" /><testcase classname="tests.ui.test_ui_wrap" name="test_primeira_linha_tem_tag[warn]" file="tests/ui/test_ui_wrap.py" line="152" time="0.004" /><testcase classname="tests.ui.test_ui_wrap" name="test_primeira_linha_tem_tag[error]" file="tests/ui/test_ui_wrap.py" line="152" time="0.003" /><testcase classname="tests.ui.test_ui_wrap" name="test_primeira_linha_tem_tag[step]" file="tests/ui/test_ui_wrap.py" line="152" time="0.003" /><testcase classname="tests.ui.test_ui_wrap" name="test_primeira_linha_tem_tag[skip]" file="tests/ui/test_ui_wrap.py" line="152" time="0.003" /><testcase classname="tests.ui.test_ui_wrap" name="test_mensagem_vazia_nao_estoura" file="tests/ui/test_ui_wrap.py" line="169" time="0.003" /><testcase classname="tests.ui.test_ui_wrap" name="test_terminal_muito_estreito[80]" file="tests/ui/test_ui_wrap.py" line="183" time="0.003" /><testcase classname="tests.ui.test_ui_wrap" name="test_terminal_muito_estreito[40]" file="tests/ui/test_ui_wrap.py" line="183" time="0.003" /><testcase classname="tests.ui.test_ui_wrap" name="test_terminal_muito_estreito[32]" file="tests/ui/test_ui_wrap.py" line="183" time="0.003" /><testcase classname="tests.unit.test_bundle.TestGetAppId" name="test_extrai_app_id_de_9_digitos" file="tests/unit/test_bundle.py" line="26" time="0.002" /><testcase classname="tests.unit.test_bundle.TestGetAppId" name="test_sem_match_lanca_not_implemented_error" file="tests/unit/test_bundle.py" line="34" time="0.002" /><testcase classname="tests.unit.test_bundle.TestGetAppId" name="test_app_id_com_menos_de_9_digitos_nao_casa" file="tests/unit/test_bundle.py" line="40" time="0.002" /><testcase classname="tests.unit.test_bundle.TestGetSecrets" name="test_decodifica_um_secret_de_um_timezone" file="tests/unit/test_bundle.py" line="52" time="0.004" /><testcase classname="tests.unit.test_bundle.TestGetSecrets" name="test_sem_nenhum_initial_seed_devolve_dict_vazio" file="tests/unit/test_bundle.py" line="67" time="0.003" /><testcase classname="tests.unit.test_cli" name="test_config_e_gravado_com_permissao_restrita" file="tests/unit/test_cli.py" line="43" time="0.005" /><testcase classname="tests.unit.test_cli" name="test_exibicao_da_configuracao_oculta_segredos" file="tests/unit/test_cli.py" line="55" time="0.002" /><testcase classname="tests.unit.test_cli" name="test_exibicao_preserva_e_redige_secao_default" file="tests/unit/test_cli.py" line="73" time="0.002" /><testcase classname="tests.unit.test_cli.TestGarantirAssinaturaAtiva" name="test_assinatura_ja_ativa_retorna_true_sem_perguntar_nada" file="tests/unit/test_cli.py" line="154" time="0.005" /><testcase classname="tests.unit.test_cli.TestGarantirAssinaturaAtiva" name="test_assinatura_inativa_exibe_status_sem_quebrar_e_aceita_cancelar" file="tests/unit/test_cli.py" line="166" time="0.004" /><testcase classname="tests.unit.test_cli.TestGarantirAssinaturaAtiva" name="test_campos_ausentes_caem_no_fallback_na_para_todos_os_dados" file="tests/unit/test_cli.py" line="193" time="0.004" /><testcase classname="tests.unit.test_cli.TestGarantirAssinaturaAtiva" name="test_usuario_atualiza_credenciais_e_conta_fica_ativa_sai_do_laco" file="tests/unit/test_cli.py" line="210" time="0.005" /><testcase classname="tests.unit.test_cli.TestGarantirAssinaturaAtiva" name="test_falha_ao_reinicializar_client_continua_no_laco_sem_crash" file="tests/unit/test_cli.py" line="235" time="0.005" /><testcase classname="tests.unit.test_cli.TestAuthCommandExibicao" name="test_assinatura_ativa_com_campos_ausentes_nao_quebra" file="tests/unit/test_cli.py" line="333" time="0.015" /><testcase classname="tests.unit.test_cli.TestAuthCommandExibicao" name="test_assinatura_inativa_pergunta_e_usuario_recusa_trocar" file="tests/unit/test_cli.py" line="356" time="0.009" /><testcase classname="tests.unit.test_cli_commands.TestCLIBasicCommands" name="test_cli_help" file="tests/unit/test_cli_commands.py" line="19" time="0.022" /><testcase classname="tests.unit.test_cli_commands.TestCLIBasicCommands" name="test_cli_version" file="tests/unit/test_cli_commands.py" line="47" time="0.031" /><testcase classname="tests.unit.test_cli_commands.TestCLIBasicCommands" name="test_invalid_command" file="tests/unit/test_cli_commands.py" line="70" time="0.018" /><testcase classname="tests.unit.test_cli_commands.TestCLIArgumentValidation" name="test_missing_required_arguments" file="tests/unit/test_cli_commands.py" line="102" time="0.004" /><testcase classname="tests.unit.test_cli_commands.TestCLIArgumentValidation" name="test_url_argument_parsing" file="tests/unit/test_cli_commands.py" line="120" time="0.004" /><testcase classname="tests.unit.test_cli_commands.TestCLIErrorHandling" name="test_config_file_not_found" file="tests/unit/test_cli_commands.py" line="140" time="0.004" /><testcase classname="tests.unit.test_cli_commands.TestCLIErrorHandling" name="test_invalid_output_path" file="tests/unit/test_cli_commands.py" line="155" time="0.005" /><testcase classname="tests.unit.test_cli_commands.TestCLIConfigHandling" name="test_config_directory_creation" file="tests/unit/test_cli_commands.py" line="186" time="0.003" /><testcase classname="tests.unit.test_cli_commands.TestCLIConfigHandling" name="test_config_file_loading" file="tests/unit/test_cli_commands.py" line="211" time="0.004" /><testcase classname="tests.unit.test_color.TestDetectColorCapability" name="test_no_color_env_desliga_mesmo_com_tty" file="tests/unit/test_color.py" line="43" time="0.002" /><testcase classname="tests.unit.test_color.TestDetectColorCapability" name="test_flag_no_color_no_argv_desliga" file="tests/unit/test_color.py" line="50" time="0.002" /><testcase classname="tests.unit.test_color.TestDetectColorCapability" name="test_force_color_liga_mesmo_sem_tty" file="tests/unit/test_color.py" line="55" time="0.002" /><testcase classname="tests.unit.test_color.TestDetectColorCapability" name="test_term_dumb_desliga_fora_do_windows" file="tests/unit/test_color.py" line="62" time="0.002" /><testcase classname="tests.unit.test_color.TestDetectColorCapability" name="test_sem_term_definido_tambem_desliga" file="tests/unit/test_color.py" line="70" time="0.002" /><testcase classname="tests.unit.test_color.TestDetectColorCapability" name="test_tty_de_verdade_liga_a_cor" file="tests/unit/test_color.py" line="82" time="0.002" /><testcase classname="tests.unit.test_color.TestDetectColorCapability" name="test_isatty_que_explode_nao_derruba_o_programa" file="tests/unit/test_color.py" line="90" time="0.002" /><testcase classname="tests.unit.test_color.TestDarken" name="test_fator_padrao_reduz_proporcionalmente" file="tests/unit/test_color.py" line="110" time="0.002" /><testcase classname="tests.unit.test_color.TestDarken" name="test_nunca_passa_de_255_nem_fica_negativo" file="tests/unit/test_color.py" line="113" time="0.005" /><testcase classname="tests.unit.test_color.TestDarken" name="test_preto_continua_preto" file="tests/unit/test_color.py" line="119" time="0.002" /><testcase classname="tests.unit.test_color.TestLoadAccentRgb" name="test_sem_config_cai_pro_default" file="tests/unit/test_color.py" line="133" time="0.004" /><testcase classname="tests.unit.test_color.TestLoadAccentRgb" name="test_accent_valido_e_lido" file="tests/unit/test_color.py" line="137" time="0.005" /><testcase classname="tests.unit.test_color.TestLoadAccentRgb" name="test_accent_ausente_na_secao_cai_pro_default" file="tests/unit/test_color.py" line="143" time="0.004" /><testcase classname="tests.unit.test_color.TestLoadAccentRgb" name="test_accent_invalido_nao_derruba_e_cai_pro_default[lixo]" file="tests/unit/test_color.py" line="147" time="0.004" /><testcase classname="tests.unit.test_color.TestLoadAccentRgb" name="test_accent_invalido_nao_derruba_e_cai_pro_default[10;20]" file="tests/unit/test_color.py" line="147" time="0.005" /><testcase classname="tests.unit.test_color.TestLoadAccentRgb" name="test_accent_invalido_nao_derruba_e_cai_pro_default[10;20;30;40]" file="tests/unit/test_color.py" line="147" time="0.005" /><testcase classname="tests.unit.test_color.TestLoadAccentRgb" name="test_accent_invalido_nao_derruba_e_cai_pro_default[10;20;300]" file="tests/unit/test_color.py" line="147" time="0.005" /><testcase classname="tests.unit.test_color.TestLoadAccentRgb" name="test_accent_invalido_nao_derruba_e_cai_pro_default[-5;20;30]" file="tests/unit/test_color.py" line="147" time="0.005" /><testcase classname="tests.unit.test_color.TestLoadAccentRgb" name="test_config_ini_corrompido_nao_derruba_e_cai_pro_default" file="tests/unit/test_color.py" line="165" time="0.004" /><testcase classname="tests.unit.test_color.TestAccentPreview" name="test_terminal_estreito_usa_modo_empilhado" file="tests/unit/test_color.py" line="177" time="0.002" /><testcase classname="tests.unit.test_color.TestAccentPreview" name="test_terminal_largo_usa_modo_lado_a_lado" file="tests/unit/test_color.py" line="191" time="0.002" /><testcase classname="tests.unit.test_color.TestAccentPreview" name="test_recuo_nunca_fica_negativo_em_tela_minuscula" file="tests/unit/test_color.py" line="200" time="0.002" /><testcase classname="tests.unit.test_color.TestColorOnRegressao" name="test_no_color_zera_as_constantes_de_cor" file="tests/unit/test_color.py" line="237" time="0.005" /><testcase classname="tests.unit.test_color.TestColorOnRegressao" name="test_off_e_reset_all_no_e_dim" file="tests/unit/test_color.py" line="249" time="0.005" /><testcase classname="tests.unit.test_commands.TestDefaultDownloadFolder" name="test_sem_variavel_de_ambiente_usa_pasta_relativa" file="tests/unit/test_commands.py" line="23" time="0.002" /><testcase classname="tests.unit.test_commands.TestDefaultDownloadFolder" name="test_com_variavel_ios_junta_o_caminho" file="tests/unit/test_commands.py" line="27" time="0.002" /><testcase classname="tests.unit.test_commands.TestCustomHelpFormatter" name="test_usa_a_largura_do_terminal_quando_disponivel" file="tests/unit/test_commands.py" line="38" time="0.002" /><testcase classname="tests.unit.test_commands.TestCustomHelpFormatter" name="test_cai_pro_fallback_100_se_get_terminal_size_falhar" file="tests/unit/test_commands.py" line="55" time="0.002" /><testcase classname="tests.unit.test_commands.TestParserPrincipal" name="test_todos_os_subcomandos_esperados_existem" file="tests/unit/test_commands.py" line="81" time="0.045" /><testcase classname="tests.unit.test_commands.TestParserPrincipal" name="test_flags_de_nivel_superior_existem" file="tests/unit/test_commands.py" line="103" time="0.014" /><testcase classname="tests.unit.test_commands.TestParserPrincipal" name="test_sync_db_aceita_valor_opcional_com_default_const" file="tests/unit/test_commands.py" line="108" time="0.015" /><testcase classname="tests.unit.test_commands.TestParserPrincipal" name="test_sem_nenhum_comando_nao_lanca_e_command_fica_none" file="tests/unit/test_commands.py" line="121" time="0.014" /><testcase classname="tests.unit.test_commands.TestAliasesDeSubcomando" name="test_aliases_do_interactive[interactive]" file="tests/unit/test_commands.py" line="127" time="0.015" /><testcase classname="tests.unit.test_commands.TestAliasesDeSubcomando" name="test_aliases_do_interactive[i]" file="tests/unit/test_commands.py" line="127" time="0.017" /><testcase classname="tests.unit.test_commands.TestAliasesDeSubcomando" name="test_aliases_do_interactive[fun]" file="tests/unit/test_commands.py" line="127" time="0.016" /><testcase classname="tests.unit.test_commands.TestAliasesDeSubcomando" name="test_aliases_do_auth[auth]" file="tests/unit/test_commands.py" line="132" time="0.016" /><testcase classname="tests.unit.test_commands.TestAliasesDeSubcomando" name="test_aliases_do_auth[login]" file="tests/unit/test_commands.py" line="132" time="0.017" /><testcase classname="tests.unit.test_commands.TestAliasesDeSubcomando" name="test_aliases_do_user[user]" file="tests/unit/test_commands.py" line="137" time="0.014" /><testcase classname="tests.unit.test_commands.TestAliasesDeSubcomando" name="test_aliases_do_user[account]" file="tests/unit/test_commands.py" line="137" time="0.017" /><testcase classname="tests.unit.test_commands.TestAliasesDeSubcomando" name="test_aliases_do_user[profile]" file="tests/unit/test_commands.py" line="137" time="0.016" /><testcase classname="tests.unit.test_commands.TestAliasesDeSubcomando" name="test_aliases_do_user[me]" file="tests/unit/test_commands.py" line="137" time="0.016" /><testcase classname="tests.unit.test_commands.TestAliasesDeSubcomando" name="test_aliases_do_user[info]" file="tests/unit/test_commands.py" line="137" time="0.017" /><testcase classname="tests.unit.test_commands.TestSubcomandoDl" name="test_source_e_obrigatorio" file="tests/unit/test_commands.py" line="144" time="0.017" /><testcase classname="tests.unit.test_commands.TestSubcomandoDl" name="test_aceita_multiplas_urls" file="tests/unit/test_commands.py" line="148" time="0.017" /><testcase classname="tests.unit.test_commands.TestSubcomandoDl" name="test_defaults_das_flags_booleanas" file="tests/unit/test_commands.py" line="152" time="0.017" /><testcase classname="tests.unit.test_commands.TestSubcomandoDl" name="test_flags_booleanas_ligam_com_store_true" file="tests/unit/test_commands.py" line="161" time="0.016" /><testcase classname="tests.unit.test_commands.TestSubcomandoStats" name="test_default_artistas_e_false" file="tests/unit/test_commands.py" line="169" time="0.015" /><testcase classname="tests.unit.test_commands.TestSubcomandoStats" name="test_flag_artistas_liga" file="tests/unit/test_commands.py" line="173" time="0.018" /><testcase classname="tests.unit.test_commands.TestSubcomandoInspect" name="test_caminho_default_e_none" file="tests/unit/test_commands.py" line="179" time="0.016" /><testcase classname="tests.unit.test_commands.TestSubcomandoInspect" name="test_caminho_explicito_e_respeitado" file="tests/unit/test_commands.py" line="187" time="0.015" /><testcase classname="tests.unit.test_commands.TestSubcomandoUser" name="test_default_json_e_false" file="tests/unit/test_commands.py" line="193" time="0.015" /><testcase classname="tests.unit.test_commands.TestSubcomandoUser" name="test_flag_json_liga" file="tests/unit/test_commands.py" line="197" time="0.015" /><testcase classname="tests.unit.test_commands.TestDistribuicaoDeFlagsComuns" name="test_subcomandos_com_add_common_arg_tem_quality[interactive-args_extra0]" file="tests/unit/test_commands.py" line="208" time="0.016" /><testcase classname="tests.unit.test_commands.TestDistribuicaoDeFlagsComuns" name="test_subcomandos_com_add_common_arg_tem_quality[dl-args_extra1]" file="tests/unit/test_commands.py" line="208" time="0.017" /><testcase classname="tests.unit.test_commands.TestDistribuicaoDeFlagsComuns" name="test_subcomandos_com_add_common_arg_tem_quality[lucky-args_extra2]" file="tests/unit/test_commands.py" line="208" time="0.016" /><testcase classname="tests.unit.test_commands.TestDistribuicaoDeFlagsComuns" name="test_subcomandos_com_add_common_arg_tem_quality[sync-playlist-args_extra3]" file="tests/unit/test_commands.py" line="208" time="0.017" /><testcase classname="tests.unit.test_commands.TestDistribuicaoDeFlagsComuns" name="test_subcomandos_sem_add_common_arg_nao_tem_quality[auth-args_extra0]" file="tests/unit/test_commands.py" line="223" time="0.017" /><testcase classname="tests.unit.test_commands.TestDistribuicaoDeFlagsComuns" name="test_subcomandos_sem_add_common_arg_nao_tem_quality[user-args_extra1]" file="tests/unit/test_commands.py" line="223" time="0.016" /><testcase classname="tests.unit.test_commands.TestDistribuicaoDeFlagsComuns" name="test_subcomandos_sem_add_common_arg_nao_tem_quality[stats-args_extra2]" file="tests/unit/test_commands.py" line="223" time="0.016" /><testcase classname="tests.unit.test_commands.TestDistribuicaoDeFlagsComuns" name="test_subcomandos_sem_add_common_arg_nao_tem_quality[inspect-args_extra3]" file="tests/unit/test_commands.py" line="223" time="0.016" /><testcase classname="tests.unit.test_commands.TestDistribuicaoDeFlagsComuns" name="test_flag_antes_do_subcomando_sobrevive_ao_default_do_subcomando" file="tests/unit/test_commands.py" line="238" time="0.014" /><testcase classname="tests.unit.test_commands.TestDistribuicaoDeFlagsComuns" name="test_flag_depois_do_subcomando_tambem_funciona" file="tests/unit/test_commands.py" line="251" time="0.016" /><testcase classname="tests.unit.test_core_additional" name="test_download_from_id_http_500_conta_falha" file="tests/unit/test_core_additional.py" line="13" time="0.004" /><testcase classname="tests.unit.test_core_additional" name="test_download_from_id_request_error_conta_falha" file="tests/unit/test_core_additional.py" line="45" time="0.004" /><testcase classname="tests.unit.test_core_additional" name="test_mark_url_done_ignora_arquivo_inexistente" file="tests/unit/test_core_additional.py" line="73" time="0.004" /><testcase classname="tests.unit.test_core_additional" name="test_mark_url_done_trata_erro_de_escrita" file="tests/unit/test_core_additional.py" line="85" time="0.006" /><testcase classname="tests.unit.test_core_additional" name="test_download_list_vazio_retorna" file="tests/unit/test_core_additional.py" line="106" time="0.003" /><testcase classname="tests.unit.test_core_additional" name="test_download_list_track_sequencial_delega" file="tests/unit/test_core_additional.py" line="112" time="0.003" /><testcase classname="tests.unit.test_core_additional" name="test_download_from_txt_file_trata_erro_de_leitura" file="tests/unit/test_core_additional.py" line="137" time="0.004" /><testcase classname="tests.unit.test_core_additional" name="test_lucky_mode_query_valida_sem_download" file="tests/unit/test_core_additional.py" line="145" time="0.004" /><testcase classname="tests.unit.test_core_additional" name="test_initialize_client_fecha_cliente_anterior" file="tests/unit/test_core_additional.py" line="159" time="0.004" /><testcase classname="tests.unit.test_core_additional" name="test_search_favoritos_playlists_usa_fallback" file="tests/unit/test_core_additional.py" line="194" time="0.004" /><testcase classname="tests.unit.test_core_batch_extra" name="test_download_list_urls_invalidas_e_album" file="tests/unit/test_core_batch_extra.py" line="15" time="0.004" /><testcase classname="tests.unit.test_core_batch_extra" name="test_download_list_tracks_paralelo" file="tests/unit/test_core_batch_extra.py" line="44" time="0.004" /><testcase classname="tests.unit.test_core_batch_extra" name="test_download_playlist_paralelo" file="tests/unit/test_core_batch_extra.py" line="91" time="0.005" /><testcase classname="tests.unit.test_core_branches" name="test_handle_url_label_com_conteudo" file="tests/unit/test_core_branches.py" line="41" time="0.004" /><testcase classname="tests.unit.test_core_branches" name="test_handle_url_artista_com_smart_discography" file="tests/unit/test_core_branches.py" line="68" time="0.004" /><testcase classname="tests.unit.test_core_branches" name="test_handle_url_artista_metadado_com_api_release_type" file="tests/unit/test_core_branches.py" line="101" time="0.005" /><testcase classname="tests.unit.test_core_branches" name="test_download_from_playlist_file_sem_ids_retorna" file="tests/unit/test_core_branches.py" line="141" time="0.004" /><testcase classname="tests.unit.test_core_branches" name="test_download_from_playlist_file_arquivo_vazio" file="tests/unit/test_core_branches.py" line="146" time="0.005" /><testcase classname="tests.unit.test_core_branches" name="test_download_from_playlist_file_playlist_as_albums" file="tests/unit/test_core_branches.py" line="163" time="0.005" /><testcase classname="tests.unit.test_core_download_edges" name="test_download_from_id_status_404_sem_playlist" file="tests/unit/test_core_download_edges.py" line="11" time="0.004" /><testcase classname="tests.unit.test_core_download_edges" name="test_download_from_id_non_streamable_sem_playlist" file="tests/unit/test_core_download_edges.py" line="43" time="0.004" /><testcase classname="tests.unit.test_core_download_edges" name="test_mark_url_done_linha_completa" file="tests/unit/test_core_download_edges.py" line="70" time="0.006" /><testcase classname="tests.unit.test_core_download_edges" name="test_download_from_txt_file_sem_urls_validas" file="tests/unit/test_core_download_edges.py" line="80" time="0.005" /><testcase classname="tests.unit.test_core_download_edges" name="test_lucky_mode_baixa_resultados" file="tests/unit/test_core_download_edges.py" line="91" time="0.004" /><testcase classname="tests.unit.test_core_edge_remaining" name="test_download_from_id_http_sem_response" file="tests/unit/test_core_edge_remaining.py" line="12" time="0.004" /><testcase classname="tests.unit.test_core_edge_remaining" name="test_download_list_url_open_normalizada" file="tests/unit/test_core_edge_remaining.py" line="43" time="0.003" /><testcase classname="tests.unit.test_core_edge_remaining" name="test_search_subfilter_limite_expandido" file="tests/unit/test_core_edge_remaining.py" line="67" time="0.003" /><testcase classname="tests.unit.test_core_edge_remaining" name="test_download_from_playlist_file_falha_no_finalize" file="tests/unit/test_core_edge_remaining.py" line="95" time="0.006" /><testcase classname="tests.unit.test_core_error_paths" name="test_handle_url_url_invalida" file="tests/unit/test_core_error_paths.py" line="16" time="0.003" /><testcase classname="tests.unit.test_core_error_paths" name="test_handle_url_container_com_chunk_sem_itens" file="tests/unit/test_core_error_paths.py" line="34" time="0.005" /><testcase classname="tests.unit.test_core_error_paths" name="test_download_from_id_excecao_generica" file="tests/unit/test_core_error_paths.py" line="61" time="0.004" /><testcase classname="tests.unit.test_core_error_paths" name="test_download_from_id_delay_em_erro" file="tests/unit/test_core_error_paths.py" line="88" time="0.003" /><testcase classname="tests.unit.test_core_error_paths" name="test_download_from_playlist_file_matching_vazio" file="tests/unit/test_core_error_paths.py" line="120" time="0.006" /><testcase classname="tests.unit.test_core_error_paths" name="test_import_playlist_url_sucesso" file="tests/unit/test_core_error_paths.py" line="150" time="0.003" /><testcase classname="tests.unit.test_core_formatting.TestShade" name="test_fator_zero_devolve_a_cor_de_destaque_original" file="tests/unit/test_core_formatting.py" line="24" time="0.002" /><testcase classname="tests.unit.test_core_formatting.TestShade" name="test_fator_positivo_maximo_vai_pro_branco" file="tests/unit/test_core_formatting.py" line="28" time="0.002" /><testcase classname="tests.unit.test_core_formatting.TestShade" name="test_fator_negativo_maximo_vai_pro_preto" file="tests/unit/test_core_formatting.py" line="31" time="0.002" /><testcase classname="tests.unit.test_core_formatting.TestShade" name="test_fator_positivo_fica_entre_a_base_e_o_branco" file="tests/unit/test_core_formatting.py" line="34" time="0.001" /><testcase classname="tests.unit.test_core_formatting.TestShade" name="test_fator_negativo_fica_entre_a_base_e_o_preto" file="tests/unit/test_core_formatting.py" line="45" time="0.001" /><testcase classname="tests.unit.test_core_formatting.TestShade" name="test_formato_e_sempre_hex_de_6_digitos" file="tests/unit/test_core_formatting.py" line="52" time="0.001" /><testcase classname="tests.unit.test_core_formatting.TestShade" name="test_fator_fora_do_intervalo_esperado_nao_gera_hex_malformado" file="tests/unit/test_core_formatting.py" line="58" time="0.001" /><testcase classname="tests.unit.test_core_formatting.TestAlignText" name="test_texto_menor_que_a_largura_e_preenchido_com_espacos" file="tests/unit/test_core_formatting.py" line="80" time="0.001" /><testcase classname="tests.unit.test_core_formatting.TestAlignText" name="test_texto_do_tamanho_exato_nao_muda" file="tests/unit/test_core_formatting.py" line="83" time="0.002" /><testcase classname="tests.unit.test_core_formatting.TestAlignText" name="test_texto_maior_e_truncado_com_reticencias" file="tests/unit/test_core_formatting.py" line="86" time="0.002" /><testcase classname="tests.unit.test_core_formatting.TestAlignText" name="test_none_vira_string_vazia_preenchida" file="tests/unit/test_core_formatting.py" line="91" time="0.002" /><testcase classname="tests.unit.test_core_formatting.TestAlignText" name="test_numero_e_convertido_pra_string" file="tests/unit/test_core_formatting.py" line="94" time="0.001" /><testcase classname="tests.unit.test_core_formatting.TestAlignText" name="test_largura_zero_ou_negativa_nao_quebra" file="tests/unit/test_core_formatting.py" line="97" time="0.001" /><testcase classname="tests.unit.test_core_formatting.TestAlignText" name="test_emoji_conta_como_largura_dupla" file="tests/unit/test_core_formatting.py" line="104" time="0.002" /><testcase classname="tests.unit.test_core_formatting.TestMarkUrlDoneInFile" name="test_linha_correspondente_e_marcada_done" file="tests/unit/test_core_formatting.py" line="121" time="0.004" /><testcase classname="tests.unit.test_core_formatting.TestMarkUrlDoneInFile" name="test_espacos_ao_redor_da_url_sao_ignorados_na_comparacao" file="tests/unit/test_core_formatting.py" line="135" time="0.004" /><testcase classname="tests.unit.test_core_formatting.TestMarkUrlDoneInFile" name="test_marcar_de_novo_nao_duplica_a_tag" file="tests/unit/test_core_formatting.py" line="144" time="0.004" /><testcase classname="tests.unit.test_core_formatting.TestMarkUrlDoneInFile" name="test_url_nao_encontrada_nao_altera_o_arquivo" file="tests/unit/test_core_formatting.py" line="161" time="0.004" /><testcase classname="tests.unit.test_core_formatting.TestMarkUrlDoneInFile" name="test_arquivo_inexistente_nao_lanca_excecao" file="tests/unit/test_core_formatting.py" line="171" time="0.003" /><testcase classname="tests.unit.test_core_formatting.TestMarkUrlDoneInFile" name="test_txt_file_none_nao_lanca_excecao" file="tests/unit/test_core_formatting.py" line="176" time="0.003" /><testcase classname="tests.unit.test_core_formatting.TestMarkUrlDoneInFile" name="test_apenas_a_linha_certa_e_marcada_com_urls_repetidas_por_engano" file="tests/unit/test_core_formatting.py" line="180" time="0.004" /><testcase classname="tests.unit.test_core_handle_url" name="test_tipo_reconhecido_mas_nao_mapeado_devolve_false" file="tests/unit/test_core_handle_url.py" line="77" time="0.004" /><testcase classname="tests.unit.test_core_handle_url" name="test_track_direto_delega_pro_download_from_id" file="tests/unit/test_core_handle_url.py" line="93" time="0.003" /><testcase classname="tests.unit.test_core_handle_url" name="test_album_direto_delega_pro_download_from_id" file="tests/unit/test_core_handle_url.py" line="117" time="0.004" /><testcase classname="tests.unit.test_core_handle_url" name="test_container_sem_conteudo_devolve_false" file="tests/unit/test_core_handle_url.py" line="141" time="0.003" /><testcase classname="tests.unit.test_core_handle_url" name="test_playlist_sequencial_soma_outcomes_mistos" file="tests/unit/test_core_handle_url.py" line="157" time="0.004" /><testcase classname="tests.unit.test_core_handle_url" name="test_paralelo_baixa_todos_via_gather" file="tests/unit/test_core_handle_url.py" line="196" time="0.004" /><testcase classname="tests.unit.test_core_handle_url" name="test_blacklist_pula_item_correspondente" file="tests/unit/test_core_handle_url.py" line="246" time="0.004" /><testcase classname="tests.unit.test_core_handle_url" name="test_filtro_interativo_de_artista_aplica_tipo_selecionado" file="tests/unit/test_core_handle_url.py" line="287" time="0.004" /><testcase classname="tests.unit.test_core_handle_url" name="test_filtro_interativo_sem_selecao_esvazia_a_lista" file="tests/unit/test_core_handle_url.py" line="336" time="0.004" /><testcase classname="tests.unit.test_core_import_playlist" name="test_arquivo_nao_encontrado_retorna_cedo" file="tests/unit/test_core_import_playlist.py" line="35" time="0.004" /><testcase classname="tests.unit.test_core_import_playlist" name="test_playlist_sem_faixas_retorna_cedo" file="tests/unit/test_core_import_playlist.py" line="48" time="0.004" /><testcase classname="tests.unit.test_core_import_playlist" name="test_url_com_erro_de_fetch_retorna_cedo" file="tests/unit/test_core_import_playlist.py" line="58" time="0.004" /><testcase classname="tests.unit.test_core_import_playlist" name="test_cancelar_no_menu_nao_chama_cliente" file="tests/unit/test_core_import_playlist.py" line="80" time="0.004" /><testcase classname="tests.unit.test_core_import_playlist" name="test_entrada_invalida_repete_o_menu_ate_escolha_valida" file="tests/unit/test_core_import_playlist.py" line="103" time="0.003" /><testcase classname="tests.unit.test_core_import_playlist" name="test_escolha_1_so_baixa_nao_copia_pro_qobuz" file="tests/unit/test_core_import_playlist.py" line="117" time="0.004" /><testcase classname="tests.unit.test_core_import_playlist" name="test_escolha_2_so_copia_nao_baixa" file="tests/unit/test_core_import_playlist.py" line="157" time="0.004" /><testcase classname="tests.unit.test_core_import_playlist" name="test_nenhuma_faixa_casada_no_qobuz_nao_baixa_nem_copia" file="tests/unit/test_core_import_playlist.py" line="196" time="0.003" /><testcase classname="tests.unit.test_core_interactive_branches" name="test_interactive_favoritos_albums" file="tests/unit/test_core_interactive_branches.py" line="36" time="0.003" /><testcase classname="tests.unit.test_core_interactive_branches" name="test_interactive_favoritos_playlists" file="tests/unit/test_core_interactive_branches.py" line="62" time="0.004" /><testcase classname="tests.unit.test_core_interactive_branches" name="test_interactive_artista_singles" file="tests/unit/test_core_interactive_branches.py" line="88" time="0.004" /><testcase classname="tests.unit.test_core_interactive_extra" name="test_interactive_cancela_na_primeira_selecao" file="tests/unit/test_core_interactive_extra.py" line="36" time="0.003" /><testcase classname="tests.unit.test_core_interactive_extra" name="test_interactive_pesquisa_sem_resultados_volta" file="tests/unit/test_core_interactive_extra.py" line="50" time="0.004" /><testcase classname="tests.unit.test_core_interactive_extra" name="test_interactive_busca_e_cancela_apos_resultados" file="tests/unit/test_core_interactive_extra.py" line="69" time="0.004" /><testcase classname="tests.unit.test_core_interactive_extra" name="test_interactive_favoritos_sem_resultados" file="tests/unit/test_core_interactive_extra.py" line="88" time="0.003" /><testcase classname="tests.unit.test_core_interactive_extra" name="test_interactive_keyboard_interrupt_retorna_none" file="tests/unit/test_core_interactive_extra.py" line="108" time="0.004" /><testcase classname="tests.unit.test_core_interactive_paths" name="test_interactive_track_seleciona_e_nao_baixa" file="tests/unit/test_core_interactive_paths.py" line="49" time="0.004" /><testcase classname="tests.unit.test_core_interactive_paths" name="test_interactive_track_seleciona_sem_download" file="tests/unit/test_core_interactive_paths.py" line="81" time="0.003" /><testcase classname="tests.unit.test_core_interactive_paths" name="test_interactive_artista_discografia" file="tests/unit/test_core_interactive_paths.py" line="107" time="0.004" /><testcase classname="tests.unit.test_core_interactive_paths" name="test_interactive_artista_top_tracks" file="tests/unit/test_core_interactive_paths.py" line="141" time="0.004" /><testcase classname="tests.unit.test_core_interactive_static" name="test_interactive_mantem_menu_de_tipos" file="tests/unit/test_core_interactive_static.py" line="19" time="0.002" /><testcase classname="tests.unit.test_core_interactive_static" name="test_interactive_trata_cancelamento_do_tui" file="tests/unit/test_core_interactive_static.py" line="29" time="0.002" /><testcase classname="tests.unit.test_core_interactive_static" name="test_interactive_separa_tipo_da_opcao_visual" file="tests/unit/test_core_interactive_static.py" line="34" time="0.002" /><testcase classname="tests.unit.test_core_interactive_static" name="test_interactive_define_qualidades" file="tests/unit/test_core_interactive_static.py" line="40" time="0.002" /><testcase classname="tests.unit.test_core_last_lines" name="test_tui_renderer_opcoes_vazias_e_multiplas_larguras" file="tests/unit/test_core_last_lines.py" line="11" time="0.004" /><testcase classname="tests.unit.test_core_last_lines" name="test_qobuzdl_init_com_blacklist_valida" file="tests/unit/test_core_last_lines.py" line="39" time="0.006" /><testcase classname="tests.unit.test_core_last_lines" name="test_qobuzdl_init_blacklist_inexistente" file="tests/unit/test_core_last_lines.py" line="56" time="0.005" /><testcase classname="tests.unit.test_core_last_lines" name="test_initialize_client_sem_close" file="tests/unit/test_core_last_lines.py" line="67" time="0.003" /><testcase classname="tests.unit.test_core_last_lines" name="test_download_list_url_arquivo" file="tests/unit/test_core_last_lines.py" line="93" time="0.005" /><testcase classname="tests.unit.test_core_last_lines" name="test_download_from_txt_file_ignora_linhas_invalidas" file="tests/unit/test_core_last_lines.py" line="115" time="0.008" /><testcase classname="tests.unit.test_core_last_lines" name="test_lucky_mode_sem_resultados" file="tests/unit/test_core_last_lines.py" line="128" time="0.003" /><testcase classname="tests.unit.test_core_metadata.TestRamoRicoCamposBasicos" name="test_album_completo_com_hires_version_e_parental" file="tests/unit/test_core_metadata.py" line="31" time="0.002" /><testcase classname="tests.unit.test_core_metadata.TestRamoRicoCamposBasicos" name="test_sem_hires_usa_qualidade_padrao" file="tests/unit/test_core_metadata.py" line="62" time="0.001" /><testcase classname="tests.unit.test_core_metadata.TestRamoRicoCamposBasicos" name="test_duracao_ausente_formata_como_tracos" file="tests/unit/test_core_metadata.py" line="67" time="0.001" /><testcase classname="tests.unit.test_core_metadata.TestRamoRicoCamposBasicos" name="test_duracao_zero_tambem_formata_como_tracos" file="tests/unit/test_core_metadata.py" line="72" time="0.002" /><testcase classname="tests.unit.test_core_metadata.TestRamoRicoCamposBasicos" name="test_sem_version_nem_parental_titulo_fica_limpo" file="tests/unit/test_core_metadata.py" line="77" time="0.002" /><testcase classname="tests.unit.test_core_metadata.TestFallbacksDeCampoAusente" name="test_artista_ausente_cai_pro_performer" file="tests/unit/test_core_metadata.py" line="87" time="0.002" /><testcase classname="tests.unit.test_core_metadata.TestFallbacksDeCampoAusente" name="test_artista_e_performer_ausentes_vira_unknown" file="tests/unit/test_core_metadata.py" line="92" time="0.002" /><testcase classname="tests.unit.test_core_metadata.TestFallbacksDeCampoAusente" name="test_titulo_ausente_cai_pro_name" file="tests/unit/test_core_metadata.py" line="97" time="0.002" /><testcase classname="tests.unit.test_core_metadata.TestFallbacksDeCampoAusente" name="test_titulo_e_name_ausentes_vira_unknown" file="tests/unit/test_core_metadata.py" line="102" time="0.002" /><testcase classname="tests.unit.test_core_metadata.TestFallbacksDeCampoAusente" name="test_ano_cai_pro_release_date_quando_original_ausente" file="tests/unit/test_core_metadata.py" line="107" time="0.001" /><testcase classname="tests.unit.test_core_metadata.TestFallbacksDeCampoAusente" name="test_ano_ausente_fica_com_espacos" file="tests/unit/test_core_metadata.py" line="112" time="0.002" /><testcase classname="tests.unit.test_core_metadata.TestFallbacksDeCampoAusente" name="test_album_aninhado_ausente_vira_unknown_album" file="tests/unit/test_core_metadata.py" line="117" time="0.002" /><testcase classname="tests.unit.test_core_metadata.TestFallbacksDeCampoAusente" name="test_album_aninhado_presente_extrai_titulo" file="tests/unit/test_core_metadata.py" line="122" time="0.002" /><testcase classname="tests.unit.test_core_metadata.TestGeneroELabelFormatosMistos" name="test_genero_e_label_como_string_direta" file="tests/unit/test_core_metadata.py" line="132" time="0.002" /><testcase classname="tests.unit.test_core_metadata.TestGeneroELabelFormatosMistos" name="test_genero_e_label_ausentes_ficam_vazios" file="tests/unit/test_core_metadata.py" line="138" time="0.001" /><testcase classname="tests.unit.test_core_metadata.TestClassificacaoDeTipo" name="test_ep_no_titulo_prioriza_sobre_contagem_alta" file="tests/unit/test_core_metadata.py" line="151" time="0.002" /><testcase classname="tests.unit.test_core_metadata.TestClassificacaoDeTipo" name="test_live_na_versao_classifica_como_live" file="tests/unit/test_core_metadata.py" line="158" time="0.002" /><testcase classname="tests.unit.test_core_metadata.TestClassificacaoDeTipo" name="test_contagem_baixa_classifica_como_single" file="tests/unit/test_core_metadata.py" line="163" time="0.002" /><testcase classname="tests.unit.test_core_metadata.TestClassificacaoDeTipo" name="test_release_type_unknown_busca_dentro_do_album_aninhado" file="tests/unit/test_core_metadata.py" line="168" time="0.002" /><testcase classname="tests.unit.test_core_metadata.TestClassificacaoDeTipo" name="test_release_type_explicito_no_item_e_usado" file="tests/unit/test_core_metadata.py" line="179" time="0.001" /><testcase classname="tests.unit.test_core_metadata.TestRequiresExtraForcaRamoRico" name="test_requires_extra_true_forca_ramo_rico" file="tests/unit/test_core_metadata.py" line="190" time="0.002" /><testcase classname="tests.unit.test_core_metadata.TestRequiresExtraForcaRamoRico" name="test_requires_extra_false_e_item_type_generico_usa_ramo_simples" file="tests/unit/test_core_metadata.py" line="197" time="0.002" /><testcase classname="tests.unit.test_core_metadata.TestRamoSimples" name="test_playlist_extrai_dono_e_contagem_de_faixas" file="tests/unit/test_core_metadata.py" line="207" time="0.002" /><testcase classname="tests.unit.test_core_metadata.TestRamoSimples" name="test_fav_subtype_playlists_forca_ramo_de_playlist_mesmo_com_outro_item_type" file="tests/unit/test_core_metadata.py" line="224" time="0.002" /><testcase classname="tests.unit.test_core_metadata.TestRamoSimples" name="test_playlist_sem_owner_vira_unknown" file="tests/unit/test_core_metadata.py" line="231" time="0.002" /><testcase classname="tests.unit.test_core_metadata.TestRamoSimples" name="test_generico_prioriza_albums_count_sobre_tracks_count" file="tests/unit/test_core_metadata.py" line="236" time="0.001" /><testcase classname="tests.unit.test_core_metadata.TestRamoSimples" name="test_generico_sem_albums_count_usa_tracks_count" file="tests/unit/test_core_metadata.py" line="241" time="0.001" /><testcase classname="tests.unit.test_core_metadata.TestRamoSimples" name="test_generico_sem_nenhuma_contagem_fica_zero" file="tests/unit/test_core_metadata.py" line="246" time="0.002" /><testcase classname="tests.unit.test_core_metadata.TestRamoSimples" name="test_generico_sem_name_vira_unknown" file="tests/unit/test_core_metadata.py" line="251" time="0.001" /><testcase classname="tests.unit.test_core_misc" name="test_filtra_comentarios_vazias_done_e_invalidas" file="tests/unit/test_core_misc.py" line="20" time="0.005" /><testcase classname="tests.unit.test_core_misc" name="test_nenhuma_url_valida_nao_chama_download" file="tests/unit/test_core_misc.py" line="44" time="0.005" /><testcase classname="tests.unit.test_core_misc" name="test_arquivo_inexistente_nao_lanca_excecao" file="tests/unit/test_core_misc.py" line="55" time="0.003" /><testcase classname="tests.unit.test_core_misc" name="test_query_curta_nao_busca" file="tests/unit/test_core_misc.py" line="67" time="0.003" /><testcase classname="tests.unit.test_core_misc" name="test_download_true_busca_e_baixa_os_resultados" file="tests/unit/test_core_misc.py" line="78" time="0.003" /><testcase classname="tests.unit.test_core_misc" name="test_download_false_nao_baixa_mas_devolve_resultados" file="tests/unit/test_core_misc.py" line="102" time="0.003" /><testcase classname="tests.unit.test_core_playlist_states" name="test_playlist_importada_com_falha_e_pulo" file="tests/unit/test_core_playlist_states.py" line="11" time="0.006" /><testcase classname="tests.unit.test_core_playlist_states" name="test_handle_url_playlist_m3u_e_resumo" file="tests/unit/test_core_playlist_states.py" line="57" time="0.006" /><testcase classname="tests.unit.test_core_remaining_branches" name="test_search_favoritos_playlists_erro_no_endpoint" file="tests/unit/test_core_remaining_branches.py" line="15" time="0.003" /><testcase classname="tests.unit.test_core_remaining_branches" name="test_search_ignora_item_nao_dict" file="tests/unit/test_core_remaining_branches.py" line="46" time="0.003" /><testcase classname="tests.unit.test_core_remaining_branches" name="test_download_list_track_paralelo_marca_somente_sucesso" file="tests/unit/test_core_remaining_branches.py" line="67" time="0.005" /><testcase classname="tests.unit.test_core_remaining_branches" name="test_import_playlist_nao_cria_playlist_sem_id" file="tests/unit/test_core_remaining_branches.py" line="113" time="0.003" /><testcase classname="tests.unit.test_core_remaining_branches" name="test_handle_url_blacklist_regex_invalida" file="tests/unit/test_core_remaining_branches.py" line="147" time="0.006" /><testcase classname="tests.unit.test_core_remaining_interactive_disabled" name="test_interactive_artista_catalogo_albuns" file="tests/unit/test_core_remaining_interactive_disabled.py" line="13" time="0.001"><skipped type="pytest.skip" message="interactive() depende de prompt_toolkit e usa formatos interativos reais; cobertura temporariamente feita por teste estático no iOS">/private/var/mobile/Containers/Shared/AppGroup/8E450967-568C-425A-8F81-813E33E2E80F/File Provider Storage/Repositories/qobuz-dl-ultra/tests/unit/test_core_remaining_interactive_disabled.py:14: interactive() depende de prompt_toolkit e usa formatos interativos reais; cobertura temporariamente feita por teste estático no iOS</skipped></testcase><testcase classname="tests.unit.test_core_remaining_interactive_disabled" name="test_interactive_artista_sem_catalogo" file="tests/unit/test_core_remaining_interactive_disabled.py" line="17" time="0.001"><skipped type="pytest.skip" message="interactive() depende de prompt_toolkit e usa formatos interativos reais; cobertura temporariamente feita por teste estático no iOS">/private/var/mobile/Containers/Shared/AppGroup/8E450967-568C-425A-8F81-813E33E2E80F/File Provider Storage/Repositories/qobuz-dl-ultra/tests/unit/test_core_remaining_interactive_disabled.py:18: interactive() depende de prompt_toolkit e usa formatos interativos reais; cobertura temporariamente feita por teste estático no iOS</skipped></testcase><testcase classname="tests.unit.test_core_remaining_interactive_disabled" name="test_interactive_busca_novamente" file="tests/unit/test_core_remaining_interactive_disabled.py" line="21" time="0.001"><skipped type="pytest.skip" message="interactive() depende de prompt_toolkit e usa formatos interativos reais; cobertura temporariamente feita por teste estático no iOS">/private/var/mobile/Containers/Shared/AppGroup/8E450967-568C-425A-8F81-813E33E2E80F/File Provider Storage/Repositories/qobuz-dl-ultra/tests/unit/test_core_remaining_interactive_disabled.py:22: interactive() depende de prompt_toolkit e usa formatos interativos reais; cobertura temporariamente feita por teste estático no iOS</skipped></testcase><testcase classname="tests.unit.test_core_search" name="test_query_muito_curta_devolve_lista_vazia" file="tests/unit/test_core_search.py" line="76" time="0.003" /><testcase classname="tests.unit.test_core_search" name="test_busca_basica_monta_meta_e_url" file="tests/unit/test_core_search.py" line="84" time="0.003" /><testcase classname="tests.unit.test_core_search" name="test_lucky_devolve_apenas_urls_sem_meta" file="tests/unit/test_core_search.py" line="103" time="0.003" /><testcase classname="tests.unit.test_core_search" name="test_limit_trunca_resultados" file="tests/unit/test_core_search.py" line="119" time="0.003" /><testcase classname="tests.unit.test_core_search" name="test_sub_filter_remove_tipos_nao_desejados" file="tests/unit/test_core_search.py" line="142" time="0.003" /><testcase classname="tests.unit.test_core_search" name="test_excecao_na_busca_e_capturada_devolve_lista_vazia" file="tests/unit/test_core_search.py" line="166" time="0.003" /><testcase classname="tests.unit.test_core_search" name="test_favoritos_com_subtype_generico_usa_get_favorites" file="tests/unit/test_core_search.py" line="181" time="0.003" /><testcase classname="tests.unit.test_core_search" name="test_favoritos_playlists_usa_endpoint_interno_getuserplaylists" file="tests/unit/test_core_search.py" line="199" time="0.003" /><testcase classname="tests.unit.test_core_tui" name="test_tui_select_lista_vazia_retorna_none" file="tests/unit/test_core_tui.py" line="55" time="0.004" /><testcase classname="tests.unit.test_core_tui" name="test_tui_select_retorna_selecao_simples" file="tests/unit/test_core_tui.py" line="64" time="0.004" /><testcase classname="tests.unit.test_core_tui" name="test_tui_select_retorna_selecao_multipla" file="tests/unit/test_core_tui.py" line="78" time="0.004" /><testcase classname="tests.unit.test_core_tui" name="test_tui_select_propaga_keyboard_interrupt" file="tests/unit/test_core_tui.py" line="92" time="0.004" /><testcase classname="tests.unit.test_core_tui" name="test_tui_renderiza_cabecalho_lista_e_rodape" file="tests/unit/test_core_tui.py" line="100" time="0.004" /><testcase classname="tests.unit.test_core_tui" name="test_tui_renderiza_categorias_de_cartao" file="tests/unit/test_core_tui.py" line="119" time="0.009" /><testcase classname="tests.unit.test_core_tui" name="test_tui_key_bindings_existem" file="tests/unit/test_core_tui.py" line="139" time="0.004" /><testcase classname="tests.unit.test_core_tui" name="test_tui_header_fallback_terminal" file="tests/unit/test_core_tui.py" line="150" time="0.004" /><testcase classname="tests.unit.test_core_tui_callbacks" name="test_callbacks_navegacao_e_selecao_multipla" file="tests/unit/test_core_tui_callbacks.py" line="94" time="0.005" /><testcase classname="tests.unit.test_core_tui_callbacks" name="test_callbacks_cancelamento" file="tests/unit/test_core_tui_callbacks.py" line="116" time="0.004" /><testcase classname="tests.unit.test_core_tui_callbacks" name="test_callback_enter_lista_vazia_nao_sai" file="tests/unit/test_core_tui_callbacks.py" line="128" time="0.004" /><testcase classname="tests.unit.test_core_tui_render_all" name="test_renderers_for_all_categories[filter-options0]" file="tests/unit/test_core_tui_render_all.py" line="43" time="0.076" /><testcase classname="tests.unit.test_core_tui_render_all" name="test_renderers_for_all_categories[album-options1]" file="tests/unit/test_core_tui_render_all.py" line="43" time="0.069" /><testcase classname="tests.unit.test_core_tui_render_all" name="test_renderers_for_all_categories[track-options2]" file="tests/unit/test_core_tui_render_all.py" line="43" time="0.074" /><testcase classname="tests.unit.test_core_tui_render_all" name="test_renderers_for_all_categories[playlist-options3]" file="tests/unit/test_core_tui_render_all.py" line="43" time="0.068" /><testcase classname="tests.unit.test_core_tui_render_all" name="test_renderers_for_all_categories[artist-options4]" file="tests/unit/test_core_tui_render_all.py" line="43" time="0.068" /><testcase classname="tests.unit.test_core_tui_render_all" name="test_renderers_fallback_largura_e_texto_longo" file="tests/unit/test_core_tui_render_all.py" line="66" time="0.004" /><testcase classname="tests.unit.test_core_ui_exhaustive" name="test_album_table_checked_and_hovered" file="tests/unit/test_core_ui_exhaustive.py" line="46" time="0.068" /><testcase classname="tests.unit.test_core_ui_exhaustive" name="test_track_table_checked_and_hovered" file="tests/unit/test_core_ui_exhaustive.py" line="59" time="0.069" /><testcase classname="tests.unit.test_core_ui_exhaustive" name="test_playlist_table_checked_and_hovered" file="tests/unit/test_core_ui_exhaustive.py" line="69" time="0.068" /><testcase classname="tests.unit.test_core_ui_exhaustive" name="test_artist_table_checked_and_hovered" file="tests/unit/test_core_ui_exhaustive.py" line="79" time="0.067" /><testcase classname="tests.unit.test_core_ui_exhaustive" name="test_generic_string_cards" file="tests/unit/test_core_ui_exhaustive.py" line="89" time="0.069" /><testcase classname="tests.unit.test_core_workflows" name="test_playlist_precarregada_baixa_sem_variavel_indefinida" file="tests/unit/test_core_workflows.py" line="43" time="0.005" /><testcase classname="tests.unit.test_core_workflows" name="test_lista_so_marca_url_concluida" file="tests/unit/test_core_workflows.py" line="84" time="0.005" /><testcase classname="tests.unit.test_core_workflows" name="test_download_from_id_ja_baixado_pula" file="tests/unit/test_core_workflows.py" line="112" time="0.003" /><testcase classname="tests.unit.test_core_workflows" name="test_download_from_id_sucesso_repassa_album_vs_track" file="tests/unit/test_core_workflows.py" line="136" time="0.003" /><testcase classname="tests.unit.test_core_workflows" name="test_download_from_id_404_nao_derruba_e_marca_falha" file="tests/unit/test_core_workflows.py" line="164" time="0.003" /><testcase classname="tests.unit.test_core_workflows" name="test_download_from_id_non_streamable_marca_falha" file="tests/unit/test_core_workflows.py" line="193" time="0.003" /><testcase classname="tests.unit.test_core_workflows" name="test_download_from_id_aplica_delay_apos_download" file="tests/unit/test_core_workflows.py" line="217" time="0.003" /><testcase classname="tests.unit.test_core_workflows" name="test_get_tokens_filtra_secrets_vazios" file="tests/unit/test_core_workflows.py" line="245" time="0.003" /><testcase classname="tests.unit.test_core_workflows" name="test_initialize_client_primeira_vez_nao_fecha_nada" file="tests/unit/test_core_workflows.py" line="270" time="0.003" /><testcase classname="tests.unit.test_core_workflows" name="test_initialize_client_troca_e_fecha_cliente_antigo" file="tests/unit/test_core_workflows.py" line="290" time="0.003" /><testcase classname="tests.unit.test_core_workflows" name="test_initialize_client_nao_fecha_se_create_devolver_o_mesmo_client" file="tests/unit/test_core_workflows.py" line="321" time="0.004" /><testcase classname="tests.unit.test_db.TestCreateDbDoZero" name="test_devolve_o_proprio_caminho" file="tests/unit/test_db.py" line="53" time="0.005" /><testcase classname="tests.unit.test_db.TestCreateDbDoZero" name="test_cria_a_tabela_com_o_schema_atual" file="tests/unit/test_db.py" line="57" time="0.005" /><testcase classname="tests.unit.test_db.TestCreateDbDoZero" name="test_chamar_duas_vezes_nao_quebra" file="tests/unit/test_db.py" line="81" time="0.007" /><testcase classname="tests.unit.test_db.TestMigracaoV1ParaV2" name="test_preserva_os_ids_antigos" file="tests/unit/test_db.py" line="106" time="0.008" /><testcase classname="tests.unit.test_db.TestMigracaoV1ParaV2" name="test_colunas_novas_ganham_os_defaults_documentados" file="tests/unit/test_db.py" line="116" time="0.008" /><testcase classname="tests.unit.test_db.TestMigracaoV1ParaV2" name="test_tabela_antiga_temporaria_nao_sobra" file="tests/unit/test_db.py" line="129" time="0.008" /><testcase classname="tests.unit.test_db.TestMigracaoV1ParaV2" name="test_banco_legado_malformado_com_ids_repetidos_e_deduplicado" file="tests/unit/test_db.py" line="141" time="0.008" /><testcase classname="tests.unit.test_db.TestMigracaoV2ParaV2_1_4" name="test_adiciona_artist_e_album_sem_perder_dados" file="tests/unit/test_db.py" line="183" time="0.009" /><testcase classname="tests.unit.test_db.TestMigracaoV2ParaV2_1_4" name="test_banco_ja_atualizado_nao_e_mexido" file="tests/unit/test_db.py" line="198" time="0.006" /><testcase classname="tests.unit.test_db.TestHandleDownloadId" name="test_sem_db_path_e_no_op" file="tests/unit/test_db.py" line="215" time="0.003" /><testcase classname="tests.unit.test_db.TestHandleDownloadId" name="test_insere_e_depois_acha_por_lookup" file="tests/unit/test_db.py" line="221" time="0.010" /><testcase classname="tests.unit.test_db.TestHandleDownloadId" name="test_lookup_de_algo_que_nunca_foi_baixado_devolve_none" file="tests/unit/test_db.py" line="231" time="0.008" /><testcase classname="tests.unit.test_db.TestHandleDownloadId" name="test_lookup_remove_registro_cujo_arquivo_sumiu" file="tests/unit/test_db.py" line="237" time="0.011" /><testcase classname="tests.unit.test_db.TestHandleDownloadId" name="test_mesma_qualidade_duas_vezes_nao_derruba_o_programa" file="tests/unit/test_db.py" line="252" time="0.014" /><testcase classname="tests.unit.test_db.TestHandleDownloadId" name="test_mesmo_id_qualidade_diferente_sao_dois_registros" file="tests/unit/test_db.py" line="271" time="0.011" /><testcase classname="tests.unit.test_db.TestHandleDownloadId" name="test_todos_os_campos_sao_gravados_de_verdade" file="tests/unit/test_db.py" line="286" time="0.008" /><testcase classname="tests.unit.test_db.TestGetStats" name="test_sem_db_path_devolve_dict_vazio" file="tests/unit/test_db.py" line="332" time="0.001" /><testcase classname="tests.unit.test_db.TestGetStats" name="test_banco_sem_nenhum_registro_devolve_tudo_zerado" file="tests/unit/test_db.py" line="335" time="0.006" /><testcase classname="tests.unit.test_db.TestGetStats" name="test_banco_invalido_nao_quebra" file="tests/unit/test_db.py" line="345" time="0.004" /><testcase classname="tests.unit.test_db.TestGetStats" name="test_totais_gerais" file="tests/unit/test_db.py" line="380" time="0.008" /><testcase classname="tests.unit.test_db.TestGetStats" name="test_hires_conta_bit_depth_24_ou_mais" file="tests/unit/test_db.py" line="398" time="0.008" /><testcase classname="tests.unit.test_db.TestGetStats" name="test_distribuicao_por_formato" file="tests/unit/test_db.py" line="412" time="0.008" /><testcase classname="tests.unit.test_db.TestGetStats" name="test_quality_met_e_not_met" file="tests/unit/test_db.py" line="429" time="0.008" /><testcase classname="tests.unit.test_db.TestGetStats" name="test_artistas_e_albuns_unicos_ignoram_string_vazia" file="tests/unit/test_db.py" line="445" time="0.008" /><testcase classname="tests.unit.test_db.TestGetStats" name="test_top_artists_ordenado_por_contagem_decrescente" file="tests/unit/test_db.py" line="461" time="0.007" /><testcase classname="tests.unit.test_db.TestGetStats" name="test_artist_list_ordenada_alfabeticamente_sem_case" file="tests/unit/test_db.py" line="478" time="0.008" /><testcase classname="tests.unit.test_db.TestGetStats" name="test_oldest_e_newest_release_date" file="tests/unit/test_db.py" line="492" time="0.007" /><testcase classname="tests.unit.test_download_integrity" name="test_retomada_reinicia_quando_cdn_ignora_range" file="tests/unit/test_download_integrity.py" line="21" time="0.017" /><testcase classname="tests.unit.test_download_integrity" name="test_416_sem_tamanho_usa_total_ja_conhecido" file="tests/unit/test_download_integrity.py" line="58" time="0.009" /><testcase classname="tests.unit.test_download_integrity" name="test_segmentos_iniciais_sao_gravados_e_memoria_e_limitada" file="tests/unit/test_download_integrity.py" line="89" time="0.016" /><testcase classname="tests.unit.test_downloader_entrypoints_fixed3" name="test_download_id_by_type_release_non_streamable" file="tests/unit/test_downloader_entrypoints_fixed3.py" line="30" time="0.006" /><testcase classname="tests.unit.test_downloader_entrypoints_fixed3" name="test_download_id_by_type_track_delega_para_download_track" file="tests/unit/test_downloader_entrypoints_fixed3.py" line="47" time="0.005" /><testcase classname="tests.unit.test_downloader_helpers" name="test_build_letras_report_empty" file="tests/unit/test_downloader_helpers.py" line="12" time="0.002" /><testcase classname="tests.unit.test_downloader_helpers" name="test_build_letras_report_success_bilingual" file="tests/unit/test_downloader_helpers.py" line="16" time="0.002" /><testcase classname="tests.unit.test_downloader_helpers" name="test_build_letras_report_failure" file="tests/unit/test_downloader_helpers.py" line="43" time="0.001" /><testcase classname="tests.unit.test_downloader_helpers" name="test_emit_progress_json_desligado" file="tests/unit/test_downloader_helpers.py" line="56" time="0.002" /><testcase classname="tests.unit.test_downloader_helpers" name="test_emit_progress_json_ligado" file="tests/unit/test_downloader_helpers.py" line="61" time="0.002" /><testcase classname="tests.unit.test_downloader_process_track" name="test_process_track_aborta_sem_chamar_report" file="tests/unit/test_downloader_process_track.py" line="57" time="0.005" /><testcase classname="tests.unit.test_downloader_process_track" name="test_process_track_pula_faixa_nao_streamable" file="tests/unit/test_downloader_process_track.py" line="75" time="0.006" /><testcase classname="tests.unit.test_downloader_process_track" name="test_process_track_erro_de_api_marca_falha_sem_propagar" file="tests/unit/test_downloader_process_track.py" line="97" time="0.005" /><testcase classname="tests.unit.test_downloader_process_track" name="test_process_track_amostra_e_pulada_mesmo_com_streamable_true" file="tests/unit/test_downloader_process_track.py" line="124" time="0.005" /><testcase classname="tests.unit.test_downloader_process_track" name="test_process_track_sucesso_chama_download_and_tag_e_reporta_ok" file="tests/unit/test_downloader_process_track.py" line="149" time="0.005" /><testcase classname="tests.unit.test_downloader_pure.TestIsTrackStreamable" name="test_streamable_true_e_liberado" file="tests/unit/test_downloader_pure.py" line="28" time="0.001" /><testcase classname="tests.unit.test_downloader_pure.TestIsTrackStreamable" name="test_apenas_amostra" file="tests/unit/test_downloader_pure.py" line="33" time="0.001" /><testcase classname="tests.unit.test_downloader_pure.TestIsTrackStreamable" name="test_apenas_compra_avulsa" file="tests/unit/test_downloader_pure.py" line="38" time="0.002" /><testcase classname="tests.unit.test_downloader_pure.TestIsTrackStreamable" name="test_sem_nenhuma_flag_e_bloqueio_regional" file="tests/unit/test_downloader_pure.py" line="45" time="0.002" /><testcase classname="tests.unit.test_downloader_pure.TestIsTrackStreamable" name="test_chaves_ausentes_tratadas_como_false" file="tests/unit/test_downloader_pure.py" line="50" time="0.001" /><testcase classname="tests.unit.test_downloader_pure.TestCreateMissingPlaceholder" name="test_cria_arquivo_com_nome_esperado" file="tests/unit/test_downloader_pure.py" line="61" time="0.003" /><testcase classname="tests.unit.test_downloader_pure.TestCreateMissingPlaceholder" name="test_numero_da_faixa_e_preenchido_com_zero" file="tests/unit/test_downloader_pure.py" line="69" time="0.003" /><testcase classname="tests.unit.test_downloader_pure.TestCreateMissingPlaceholder" name="test_barra_no_titulo_nao_quebra_o_caminho" file="tests/unit/test_downloader_pure.py" line="74" time="0.003" /><testcase classname="tests.unit.test_downloader_pure.TestCreateMissingPlaceholder" name="test_conteudo_inclui_motivo_e_artista" file="tests/unit/test_downloader_pure.py" line="81" time="0.003" /><testcase classname="tests.unit.test_downloader_pure.TestCreateMissingPlaceholder" name="test_pasta_inexistente_nao_lanca_excecao" file="tests/unit/test_downloader_pure.py" line="95" time="0.003" /><testcase classname="tests.unit.test_downloader_pure.TestFormatReleaseType" name="test_ep_fica_em_maiusculas" file="tests/unit/test_downloader_pure.py" line="108" time="0.002" /><testcase classname="tests.unit.test_downloader_pure.TestFormatReleaseType" name="test_album_fica_em_title_case" file="tests/unit/test_downloader_pure.py" line="111" time="0.001" /><testcase classname="tests.unit.test_downloader_pure.TestFormatReleaseType" name="test_sem_nenhum_dado_e_desconhecido" file="tests/unit/test_downloader_pure.py" line="114" time="0.001" /><testcase classname="tests.unit.test_downloader_pure.TestProcessFolderFormatWithSubdirs" name="test_placeholders_sao_substituidos" file="tests/unit/test_downloader_pure.py" line="125" time="0.008" /><testcase classname="tests.unit.test_downloader_pure.TestProcessFolderFormatWithSubdirs" name="test_barra_no_formato_vira_subpasta" file="tests/unit/test_downloader_pure.py" line="131" time="0.003" /><testcase classname="tests.unit.test_downloader_pure.TestProcessFolderFormatWithSubdirs" name="test_path_base_e_prefixado_quando_informado" file="tests/unit/test_downloader_pure.py" line="137" time="0.002" /><testcase classname="tests.unit.test_downloader_pure.TestProcessFolderFormatWithSubdirs" name="test_placeholder_ausente_do_dict_cai_pro_texto_original" file="tests/unit/test_downloader_pure.py" line="143" time="0.002" /><testcase classname="tests.unit.test_downloader_pure.TestProcessFolderFormatWithSubdirs" name="test_caracteres_invalidos_de_path_sao_sanitizados" file="tests/unit/test_downloader_pure.py" line="151" time="0.003" /><testcase classname="tests.unit.test_downloader_pure.TestProcessFolderFormatWithSubdirs" name="test_parte_vazia_e_ignorada" file="tests/unit/test_downloader_pure.py" line="161" time="0.003" /><testcase classname="tests.unit.test_downloader_pure.TestProcessFolderFormatWithSubdirs" name="test_nome_muito_longo_e_truncado_no_meio" file="tests/unit/test_downloader_pure.py" line="165" time="0.002" /><testcase classname="tests.unit.test_downloader_pure.TestCleanFormatStr" name="test_extensao_mp3_e_removida" file="tests/unit/test_downloader_pure.py" line="176" time="0.001" /><testcase classname="tests.unit.test_downloader_pure.TestCleanFormatStr" name="test_extensao_flac_e_removida" file="tests/unit/test_downloader_pure.py" line="180" time="0.001" /><testcase classname="tests.unit.test_downloader_pure.TestCleanFormatStr" name="test_sem_extensao_nao_muda" file="tests/unit/test_downloader_pure.py" line="184" time="0.002" /><testcase classname="tests.unit.test_downloader_pure.TestCleanFormatStr" name="test_espacos_nas_pontas_sao_removidos" file="tests/unit/test_downloader_pure.py" line="188" time="0.002" /><testcase classname="tests.unit.test_downloader_pure.TestCleanFormatStr" name="test_extensao_no_meio_da_string_nao_e_tocada" file="tests/unit/test_downloader_pure.py" line="193" time="0.002" /><testcase classname="tests.unit.test_downloader_pure.TestSafeGet" name="test_chave_unica_presente" file="tests/unit/test_downloader_pure.py" line="204" time="0.002" /><testcase classname="tests.unit.test_downloader_pure.TestSafeGet" name="test_navegacao_aninhada" file="tests/unit/test_downloader_pure.py" line="207" time="0.002" /><testcase classname="tests.unit.test_downloader_pure.TestSafeGet" name="test_chave_ausente_devolve_default" file="tests/unit/test_downloader_pure.py" line="210" time="0.002" /><testcase classname="tests.unit.test_downloader_pure.TestSafeGet" name="test_caminho_quebrado_no_meio_devolve_o_valor_parcial" file="tests/unit/test_downloader_pure.py" line="213" time="0.001" /><testcase classname="tests.unit.test_downloader_pure.TestSafeGet" name="test_default_none_por_padrao" file="tests/unit/test_downloader_pure.py" line="219" time="0.001" /><testcase classname="tests.unit.test_downloader_pure.TestArtistLabel" name="test_artista_unico_via_campo_artist" file="tests/unit/test_downloader_pure.py" line="227" time="0.001" /><testcase classname="tests.unit.test_downloader_pure.TestArtistLabel" name="test_multiplos_main_artists_juntados_por_virgula" file="tests/unit/test_downloader_pure.py" line="231" time="0.001" /><testcase classname="tests.unit.test_downloader_pure.TestArtistLabel" name="test_sem_nenhum_artista_usa_fallback" file="tests/unit/test_downloader_pure.py" line="241" time="0.001" /><testcase classname="tests.unit.test_downloader_pure.TestArtistLabel" name="test_item_none_usa_fallback_sem_lancar" file="tests/unit/test_downloader_pure.py" line="244" time="0.002" /><testcase classname="tests.unit.test_downloader_pure.TestDescBudget" name="test_nunca_fica_abaixo_de_6" file="tests/unit/test_downloader_pure.py" line="252" time="0.002" /><testcase classname="tests.unit.test_downloader_pure.TestDescBudget" name="test_nunca_passa_de_30" file="tests/unit/test_downloader_pure.py" line="256" time="0.001" /><testcase classname="tests.unit.test_downloader_pure.TestDescBudget" name="test_terminal_medio_fica_entre_os_limites" file="tests/unit/test_downloader_pure.py" line="259" time="0.002" /><testcase classname="tests.unit.test_downloader_pure.TestPositionPool" name="test_acquire_devolve_posicoes_diferentes" file="tests/unit/test_downloader_pure.py" line="265" time="0.002" /><testcase classname="tests.unit.test_downloader_pure.TestPositionPool" name="test_pool_esgotado_devolve_0_em_vez_de_lancar" file="tests/unit/test_downloader_pure.py" line="270" time="0.002" /><testcase classname="tests.unit.test_downloader_pure.TestPositionPool" name="test_release_devolve_a_posicao_pro_pool" file="tests/unit/test_downloader_pure.py" line="277" time="0.002" /><testcase classname="tests.unit.test_downloader_pure.TestPositionPool" name="test_release_nao_duplica_posicao_ja_livre" file="tests/unit/test_downloader_pure.py" line="283" time="0.002" /><testcase classname="tests.unit.test_downloader_release_guards" name="test_download_release_nao_streamable" file="tests/unit/test_downloader_release_guards.py" line="30" time="0.005" /><testcase classname="tests.unit.test_downloader_release_guards" name="test_download_release_albums_only_ignora_tipo" file="tests/unit/test_downloader_release_guards.py" line="37" time="0.006" /><testcase classname="tests.unit.test_downloader_release_outcomes_fixed2" name="test_download_release_consolida_resultados[outcomes0-True]" file="tests/unit/test_downloader_release_outcomes_fixed2.py" line="36" time="0.020" /><testcase classname="tests.unit.test_downloader_release_outcomes_fixed2" name="test_download_release_consolida_resultados[outcomes1-False]" file="tests/unit/test_downloader_release_outcomes_fixed2.py" line="36" time="0.016" /><testcase classname="tests.unit.test_downloader_release_outcomes_fixed2" name="test_download_release_consolida_resultados[outcomes2-False]" file="tests/unit/test_downloader_release_outcomes_fixed2.py" line="36" time="0.016" /><testcase classname="tests.unit.test_downloader_release_outcomes_fixed2" name="test_download_release_consolida_resultados[outcomes3-False]" file="tests/unit/test_downloader_release_outcomes_fixed2.py" line="36" time="0.015" /><testcase classname="tests.unit.test_downloader_release_quality_fixed3" name="test_download_release_pula_qualidade_insuficiente" file="tests/unit/test_downloader_release_quality_fixed3.py" line="44" time="0.006" /><testcase classname="tests.unit.test_downloader_release_quality_fixed3" name="test_download_release_continua_com_downgrade" file="tests/unit/test_downloader_release_quality_fixed3.py" line="63" time="0.012" /><testcase classname="tests.unit.test_downloader_release_tracks" name="test_download_release_processa_faixa_sequencial" file="tests/unit/test_downloader_release_tracks.py" line="36" time="0.016" /><testcase classname="tests.unit.test_downloader_release_tracks" name="test_download_release_sem_faixas_retorna_false" file="tests/unit/test_downloader_release_tracks.py" line="77" time="0.012" /><testcase classname="tests.unit.test_downloader_resource_helpers" name="test_get_dir_lock_reutiliza_lock" file="tests/unit/test_downloader_resource_helpers.py" line="24" time="0.002" /><testcase classname="tests.unit.test_downloader_resource_helpers" name="test_close_session_sem_lyrics_engine" file="tests/unit/test_downloader_resource_helpers.py" line="31" time="0.005" /><testcase classname="tests.unit.test_downloader_resource_helpers" name="test_close_session_fecha_lyrics_engine" file="tests/unit/test_downloader_resource_helpers.py" line="38" time="0.005" /><testcase classname="tests.unit.test_downloader_resource_helpers" name="test_close_session_ignora_falha_da_sessao" file="tests/unit/test_downloader_resource_helpers.py" line="55" time="0.006" /><testcase classname="tests.unit.test_downloader_track_branches" name="test_process_track_abortado" file="tests/unit/test_downloader_track_branches.py" line="31" time="0.005" /><testcase classname="tests.unit.test_downloader_track_branches" name="test_process_track_nao_streamable" file="tests/unit/test_downloader_track_branches.py" line="55" time="0.006" /><testcase classname="tests.unit.test_downloader_track_branches" name="test_process_track_erro_de_api" file="tests/unit/test_downloader_track_branches.py" line="90" time="0.005" /><testcase classname="tests.unit.test_downloader_track_branches" name="test_process_track_apenas_sample" file="tests/unit/test_downloader_track_branches.py" line="130" time="0.005" /><testcase classname="tests.unit.test_downloader_track_success_fixed" name="test_process_track_sucesso" file="tests/unit/test_downloader_track_success_fixed.py" line="24" time="0.005" /><testcase classname="tests.unit.test_fuzzy.TestRatio" name="test_identico_da_1[motor_disponivel]" file="tests/unit/test_fuzzy.py" line="39" time="0.004" /><testcase classname="tests.unit.test_fuzzy.TestRatio" name="test_identico_da_1[difflib_forcado]" file="tests/unit/test_fuzzy.py" line="39" time="0.002" /><testcase classname="tests.unit.test_fuzzy.TestRatio" name="test_totalmente_diferente_fica_baixo[motor_disponivel]" file="tests/unit/test_fuzzy.py" line="42" time="0.002" /><testcase classname="tests.unit.test_fuzzy.TestRatio" name="test_totalmente_diferente_fica_baixo[difflib_forcado]" file="tests/unit/test_fuzzy.py" line="42" time="0.002" /><testcase classname="tests.unit.test_fuzzy.TestRatio" name="test_escala_normalizada_em_0_1[motor_disponivel]" file="tests/unit/test_fuzzy.py" line="45" time="0.002" /><testcase classname="tests.unit.test_fuzzy.TestRatio" name="test_escala_normalizada_em_0_1[difflib_forcado]" file="tests/unit/test_fuzzy.py" line="45" time="0.002" /><testcase classname="tests.unit.test_fuzzy.TestRatio" name="test_string_vazia_nao_explode[motor_disponivel]" file="tests/unit/test_fuzzy.py" line="56" time="0.002" /><testcase classname="tests.unit.test_fuzzy.TestRatio" name="test_string_vazia_nao_explode[difflib_forcado]" file="tests/unit/test_fuzzy.py" line="56" time="0.002" /><testcase classname="tests.unit.test_fuzzy.TestRatio" name="test_ordem_dos_argumentos_nao_importa[motor_disponivel]" file="tests/unit/test_fuzzy.py" line="60" time="0.002" /><testcase classname="tests.unit.test_fuzzy.TestRatio" name="test_ordem_dos_argumentos_nao_importa[difflib_forcado]" file="tests/unit/test_fuzzy.py" line="60" time="0.002" /><testcase classname="tests.unit.test_fuzzy.TestMelhorMatch" name="test_acha_a_chave_com_erro_de_digitacao[motor_disponivel]" file="tests/unit/test_fuzzy.py" line="74" time="0.003" /><testcase classname="tests.unit.test_fuzzy.TestMelhorMatch" name="test_acha_a_chave_com_erro_de_digitacao[difflib_forcado]" file="tests/unit/test_fuzzy.py" line="74" time="0.003" /><testcase classname="tests.unit.test_fuzzy.TestMelhorMatch" name="test_devolve_string_nao_tupla[motor_disponivel]" file="tests/unit/test_fuzzy.py" line="78" time="0.002" /><testcase classname="tests.unit.test_fuzzy.TestMelhorMatch" name="test_devolve_string_nao_tupla[difflib_forcado]" file="tests/unit/test_fuzzy.py" line="78" time="0.002" /><testcase classname="tests.unit.test_fuzzy.TestMelhorMatch" name="test_sem_nada_parecido_devolve_none[motor_disponivel]" file="tests/unit/test_fuzzy.py" line="86" time="0.002" /><testcase classname="tests.unit.test_fuzzy.TestMelhorMatch" name="test_sem_nada_parecido_devolve_none[difflib_forcado]" file="tests/unit/test_fuzzy.py" line="86" time="0.002" /><testcase classname="tests.unit.test_fuzzy.TestMelhorMatch" name="test_corte_alto_rejeita_match_aproximado[motor_disponivel]" file="tests/unit/test_fuzzy.py" line="89" time="0.002" /><testcase classname="tests.unit.test_fuzzy.TestMelhorMatch" name="test_corte_alto_rejeita_match_aproximado[difflib_forcado]" file="tests/unit/test_fuzzy.py" line="89" time="0.002" /><testcase classname="tests.unit.test_fuzzy.TestMelhorMatch" name="test_corte_fora_da_faixa_nao_explode[motor_disponivel]" file="tests/unit/test_fuzzy.py" line="96" time="0.003" /><testcase classname="tests.unit.test_fuzzy.TestMelhorMatch" name="test_corte_fora_da_faixa_nao_explode[difflib_forcado]" file="tests/unit/test_fuzzy.py" line="96" time="0.003" /><testcase classname="tests.unit.test_fuzzy.TestMelhorMatch" name="test_lista_de_opcoes_vazia[motor_disponivel]" file="tests/unit/test_fuzzy.py" line="103" time="0.002" /><testcase classname="tests.unit.test_fuzzy.TestMelhorMatch" name="test_lista_de_opcoes_vazia[difflib_forcado]" file="tests/unit/test_fuzzy.py" line="103" time="0.002" /><testcase classname="tests.unit.test_fuzzy" name="test_nome_do_motor_e_honesto" file="tests/unit/test_fuzzy.py" line="107" time="0.001" /><testcase classname="tests.unit.test_fuzzy" name="test_cli_importa_sem_rapidfuzz" file="tests/unit/test_fuzzy.py" line="114" time="0.022" /><testcase classname="tests.unit.test_get_table_layout.TestGetTableLayoutModoEstreito" name="test_menos_de_78_colunas_desativa_tabela" file="tests/unit/test_get_table_layout.py" line="11" time="0.002" /><testcase classname="tests.unit.test_get_table_layout.TestGetTableLayoutModoEstreito" name="test_exatamente_78_colunas_ja_ativa_tabela" file="tests/unit/test_get_table_layout.py" line="20" time="0.001" /><testcase classname="tests.unit.test_get_table_layout.TestGetTableLayoutModoEstreito" name="test_categoria_filter_sempre_desativa_tabela_mesmo_em_tela_larga" file="tests/unit/test_get_table_layout.py" line="24" time="0.001" /><testcase classname="tests.unit.test_get_table_layout.TestGetTableLayoutModoEstreito" name="test_categoria_desconhecida_tambem_desativa_tabela" file="tests/unit/test_get_table_layout.py" line="30" time="0.002" /><testcase classname="tests.unit.test_get_table_layout.TestGetTableLayoutCategorias" name="test_numero_de_colunas_bate_com_os_headers[album-6]" file="tests/unit/test_get_table_layout.py" line="39" time="0.002" /><testcase classname="tests.unit.test_get_table_layout.TestGetTableLayoutCategorias" name="test_numero_de_colunas_bate_com_os_headers[track-6]" file="tests/unit/test_get_table_layout.py" line="39" time="0.002" /><testcase classname="tests.unit.test_get_table_layout.TestGetTableLayoutCategorias" name="test_numero_de_colunas_bate_com_os_headers[playlist-4]" file="tests/unit/test_get_table_layout.py" line="39" time="0.002" /><testcase classname="tests.unit.test_get_table_layout.TestGetTableLayoutCategorias" name="test_numero_de_colunas_bate_com_os_headers[artist-2]" file="tests/unit/test_get_table_layout.py" line="39" time="0.002" /><testcase classname="tests.unit.test_get_table_layout.TestGetTableLayoutCategorias" name="test_headers_do_album_estao_corretos" file="tests/unit/test_get_table_layout.py" line="58" time="0.002" /><testcase classname="tests.unit.test_get_table_layout.TestGetTableLayoutCategorias" name="test_headers_da_track_estao_corretos" file="tests/unit/test_get_table_layout.py" line="62" time="0.002" /><testcase classname="tests.unit.test_get_table_layout.TestGetTableLayoutCategorias" name="test_headers_da_playlist_estao_corretos" file="tests/unit/test_get_table_layout.py" line="66" time="0.002" /><testcase classname="tests.unit.test_get_table_layout.TestGetTableLayoutCategorias" name="test_headers_do_artist_estao_corretos" file="tests/unit/test_get_table_layout.py" line="72" time="0.002" /><testcase classname="tests.unit.test_get_table_layout.TestGetTableLayoutCategorias" name="test_larguras_das_colunas_flex_nunca_ficam_negativas" file="tests/unit/test_get_table_layout.py" line="78" time="0.002" /><testcase classname="tests.unit.test_get_table_layout.TestGetTableLayoutCategorias" name="test_is_multi_reduz_o_espaco_disponivel_pro_flex" file="tests/unit/test_get_table_layout.py" line="88" time="0.002" /><testcase classname="tests.unit.test_get_table_layout.TestGetTableLayoutCategorias" name="test_bordas_tem_as_tres_chaves_e_comecam_e_terminam_certo" file="tests/unit/test_get_table_layout.py" line="100" time="0.002" /><testcase classname="tests.unit.test_get_table_layout.TestGetTableLayoutCategorias" name="test_largura_total_das_colunas_cresce_com_a_tela" file="tests/unit/test_get_table_layout.py" line="109" time="0.002" /><testcase classname="tests.unit.test_inspector_device.TestOverrideManual" name="test_vence_se_a_pasta_existir" file="tests/unit/test_inspector_device.py" line="48" time="0.004" /><testcase classname="tests.unit.test_inspector_device.TestOverrideManual" name="test_e_ignorado_se_a_pasta_nao_existir" file="tests/unit/test_inspector_device.py" line="54" time="0.002" /><testcase classname="tests.unit.test_inspector_device.TestDeteccaoPorDispositivo" name="test_ios_a_shell_usa_pasta_documents" file="tests/unit/test_inspector_device.py" line="66" time="0.002" /><testcase classname="tests.unit.test_inspector_device.TestDeteccaoPorDispositivo" name="test_ios_sem_documents_nao_trava_e_cai_pro_home" file="tests/unit/test_inspector_device.py" line="82" time="0.002" /><testcase classname="tests.unit.test_inspector_device.TestDeteccaoPorDispositivo" name="test_android_termux_usa_storage_emulated" file="tests/unit/test_inspector_device.py" line="91" time="0.002" /><testcase classname="tests.unit.test_inspector_device.TestDeteccaoPorDispositivo" name="test_android_detectado_via_variavel_de_ambiente_sem_termux" file="tests/unit/test_inspector_device.py" line="97" time="0.002" /><testcase classname="tests.unit.test_inspector_device.TestDeteccaoPorDispositivo" name="test_desktop_usa_pasta_music" file="tests/unit/test_inspector_device.py" line="108" time="0.002" /><testcase classname="tests.unit.test_inspector_device.TestDeteccaoPorDispositivo" name="test_desktop_aceita_musica_em_portugues" file="tests/unit/test_inspector_device.py" line="120" time="0.002" /><testcase classname="tests.unit.test_inspector_device.TestDeteccaoPorDispositivo" name="test_prioriza_music_em_ingles_quando_as_duas_existem" file="tests/unit/test_inspector_device.py" line="128" time="0.002" /><testcase classname="tests.unit.test_inspector_device.TestFallbackFinal" name="test_nada_existe_cai_pro_home" file="tests/unit/test_inspector_device.py" line="141" time="0.002" /><testcase classname="tests.unit.test_inspector_device.TestFallbackFinal" name="test_home_tambem_nao_existe_cai_pro_diretorio_atual" file="tests/unit/test_inspector_device.py" line="147" time="0.003" /><testcase classname="tests.unit.test_inspector_extrair_tudo.TestFormatarTamanho" name="test_bytes_sem_casas_decimais" file="tests/unit/test_inspector_extrair_tudo.py" line="35" time="0.002" /><testcase classname="tests.unit.test_inspector_extrair_tudo.TestFormatarTamanho" name="test_kilobytes" file="tests/unit/test_inspector_extrair_tudo.py" line="39" time="0.001" /><testcase classname="tests.unit.test_inspector_extrair_tudo.TestFormatarTamanho" name="test_megabytes" file="tests/unit/test_inspector_extrair_tudo.py" line="42" time="0.001" /><testcase classname="tests.unit.test_inspector_extrair_tudo.TestFormatarTamanho" name="test_gigabytes" file="tests/unit/test_inspector_extrair_tudo.py" line="45" time="0.001" /><testcase classname="tests.unit.test_inspector_extrair_tudo.TestFormatarTamanho" name="test_terabytes_via_fallback_do_loop" file="tests/unit/test_inspector_extrair_tudo.py" line="48" time="0.002" /><testcase classname="tests.unit.test_inspector_extrair_tudo.TestExtrairTudoFlac" name="test_extrai_tecnico_tags_e_capas" file="tests/unit/test_inspector_extrair_tudo.py" line="56" time="0.004" /><testcase classname="tests.unit.test_inspector_extrair_tudo.TestExtrairTudoFlac" name="test_tags_repetidas_sao_concatenadas_com_virgula" file="tests/unit/test_inspector_extrair_tudo.py" line="92" time="0.004" /><testcase classname="tests.unit.test_inspector_extrair_tudo.TestExtrairTudoMp3" name="test_extrai_tecnico_e_separa_apic_das_demais_tags" file="tests/unit/test_inspector_extrair_tudo.py" line="118" time="0.004" /><testcase classname="tests.unit.test_inspector_extrair_tudo.TestExtrairTudoGenerico" name="test_formato_generico_via_mutagen_file" file="tests/unit/test_inspector_extrair_tudo.py" line="157" time="0.004" /><testcase classname="tests.unit.test_inspector_extrair_tudo.TestExtrairTudoGenerico" name="test_formato_nao_reconhecido_lanca_value_error" file="tests/unit/test_inspector_extrair_tudo.py" line="179" time="0.004" /><testcase classname="tests.unit.test_inspector_genuinidade.TestGuardClauses" name="test_sem_numpy_devolve_indisponivel_com_motivo" file="tests/unit/test_inspector_genuinidade.py" line="33" time="0.002" /><testcase classname="tests.unit.test_inspector_genuinidade.TestGuardClauses" name="test_sem_ffmpeg_devolve_indisponivel_com_motivo" file="tests/unit/test_inspector_genuinidade.py" line="43" time="0.002" /><testcase classname="tests.unit.test_inspector_genuinidade.TestGuardClauses" name="test_dados_insuficientes_devolve_indisponivel[None-200]" file="tests/unit/test_inspector_genuinidade.py" line="51" time="0.003" /><testcase classname="tests.unit.test_inspector_genuinidade.TestGuardClauses" name="test_dados_insuficientes_devolve_indisponivel[44100-None]" file="tests/unit/test_inspector_genuinidade.py" line="51" time="0.003" /><testcase classname="tests.unit.test_inspector_genuinidade.TestGuardClauses" name="test_dados_insuficientes_devolve_indisponivel[44100-0]" file="tests/unit/test_inspector_genuinidade.py" line="51" time="0.003" /><testcase classname="tests.unit.test_inspector_genuinidade.TestGuardClauses" name="test_dados_insuficientes_devolve_indisponivel[44100-2.9]" file="tests/unit/test_inspector_genuinidade.py" line="51" time="0.003" /><testcase classname="tests.unit.test_inspector_grafico.TestSuavizar" name="test_media_movel_simples" file="tests/unit/test_inspector_grafico.py" line="22" time="0.002" /><testcase classname="tests.unit.test_inspector_grafico.TestSuavizar" name="test_janela_1_ou_menor_devolve_lista_sem_alterar" file="tests/unit/test_inspector_grafico.py" line="27" time="0.001" /><testcase classname="tests.unit.test_inspector_grafico.TestSuavizar" name="test_lista_vazia_devolve_lista_vazia" file="tests/unit/test_inspector_grafico.py" line="31" time="0.001" /><testcase classname="tests.unit.test_inspector_grafico.TestSuavizar" name="test_devolve_lista_nao_o_iteravel_original" file="tests/unit/test_inspector_grafico.py" line="34" time="0.002" /><testcase classname="tests.unit.test_inspector_grafico.TestGerarGraficoHtml" name="test_indisponivel_devolve_none_sem_escrever_arquivo" file="tests/unit/test_inspector_grafico.py" line="56" time="0.004" /><testcase classname="tests.unit.test_inspector_grafico.TestGerarGraficoHtml" name="test_sem_freqs_hz_devolve_none_sem_escrever_arquivo" file="tests/unit/test_inspector_grafico.py" line="63" time="0.003" /><testcase classname="tests.unit.test_inspector_grafico.TestGerarGraficoHtml" name="test_caminho_feliz_escreve_html_com_nome_e_manchete_certos" file="tests/unit/test_inspector_grafico.py" line="70" time="0.004" /><testcase classname="tests.unit.test_inspector_grafico.TestGerarGraficoHtml" name="test_badge_bate_com_o_veredito[genuino-GENU\xcdNO]" file="tests/unit/test_inspector_grafico.py" line="82" time="0.005" /><testcase classname="tests.unit.test_inspector_grafico.TestGerarGraficoHtml" name="test_badge_bate_com_o_veredito[inconclusivo-INCONCLUSIVO]" file="tests/unit/test_inspector_grafico.py" line="82" time="0.005" /><testcase classname="tests.unit.test_inspector_grafico.TestGerarGraficoHtml" name="test_badge_bate_com_o_veredito[suspeito-SUSPEITO]" file="tests/unit/test_inspector_grafico.py" line="82" time="0.005" /><testcase classname="tests.unit.test_inspector_grafico.TestGerarGraficoHtml" name="test_veredito_desconhecido_lanca_key_error" file="tests/unit/test_inspector_grafico.py" line="100" time="0.003" /><testcase classname="tests.unit.test_inspector_relatorio.TestMostrarRelatorio" name="test_indisponivel_mostra_aviso_sem_gerar_grafico" file="tests/unit/test_inspector_relatorio.py" line="68" time="0.004" /><testcase classname="tests.unit.test_inspector_relatorio.TestMostrarRelatorio" name="test_cor_ok_chama_ui_ok_e_avisa_grafico_salvo" file="tests/unit/test_inspector_relatorio.py" line="87" time="0.004" /><testcase classname="tests.unit.test_inspector_relatorio.TestMostrarRelatorio" name="test_cor_warn_chama_ui_warn" file="tests/unit/test_inspector_relatorio.py" line="104" time="0.004" /><testcase classname="tests.unit.test_inspector_relatorio.TestMostrarRelatorio" name="test_cor_error_chama_ui_error" file="tests/unit/test_inspector_relatorio.py" line="115" time="0.004" /><testcase classname="tests.unit.test_inspector_relatorio.TestMostrarRelatorio" name="test_grafico_none_avisa_dados_insuficientes" file="tests/unit/test_inspector_relatorio.py" line="126" time="0.004" /><testcase classname="tests.unit.test_inspector_relatorio.TestMostrarRelatorio" name="test_grafico_lanca_excecao_vira_ui_error_sem_propagar" file="tests/unit/test_inspector_relatorio.py" line="140" time="0.004" /><testcase classname="tests.unit.test_inspector_relatorio.TestMostrarRelatorio" name="test_sem_tags_mostra_mensagem_de_nenhuma_tag" file="tests/unit/test_inspector_relatorio.py" line="158" time="0.004" /><testcase classname="tests.unit.test_inspector_relatorio.TestMostrarRelatorio" name="test_com_capas_mostra_secao_de_capas" file="tests/unit/test_inspector_relatorio.py" line="174" time="0.003" /><testcase classname="tests.unit.test_inspector_relatorio.TestMostrarRelatorio" name="test_sem_capas_nao_mostra_secao_de_capas" file="tests/unit/test_inspector_relatorio.py" line="187" time="0.004" /><testcase classname="tests.unit.test_lyrics_engine_unit" name="test_ms_to_lrc_timestamp" file="tests/unit/test_lyrics_engine_unit.py" line="51" time="0.002" /><testcase classname="tests.unit.test_lyrics_engine_unit" name="test_qobuz_lines_to_lrc" file="tests/unit/test_lyrics_engine_unit.py" line="56" time="0.002" /><testcase classname="tests.unit.test_lyrics_engine_unit" name="test_qobuz_lines_to_plain" file="tests/unit/test_lyrics_engine_unit.py" line="70" time="0.002" /><testcase classname="tests.unit.test_lyrics_engine_unit" name="test_extract_qobuz_lyrics" file="tests/unit/test_lyrics_engine_unit.py" line="79" time="0.001" /><testcase classname="tests.unit.test_lyrics_engine_unit" name="test_build_bilingual_lrc" file="tests/unit/test_lyrics_engine_unit.py" line="94" time="0.001" /><testcase classname="tests.unit.test_lyrics_engine_unit" name="test_inject_instrumental_pauses" file="tests/unit/test_lyrics_engine_unit.py" line="102" time="0.001" /><testcase classname="tests.unit.test_lyrics_engine_unit" name="test_save_lrc_file" file="tests/unit/test_lyrics_engine_unit.py" line="108" time="0.004" /><testcase classname="tests.unit.test_lyrics_engine_unit" name="test_inject_metadata_flac" file="tests/unit/test_lyrics_engine_unit.py" line="149" time="0.004" /><testcase classname="tests.unit.test_lyrics_engine_unit" name="test_inject_metadata_mp3" file="tests/unit/test_lyrics_engine_unit.py" line="171" time="0.004" /><testcase classname="tests.unit.test_lyrics_engine_unit" name="test_inject_metadata_exception" file="tests/unit/test_lyrics_engine_unit.py" line="190" time="0.004" /><testcase classname="tests.unit.test_lyrics_engine_unit" name="test_fetch_and_inject_qobuz_plain_failure" file="tests/unit/test_lyrics_engine_unit.py" line="204" time="0.004" /><testcase classname="tests.unit.test_lyrics_engine_unit" name="test_fetch_and_inject_lrclib_only_save_lrc" file="tests/unit/test_lyrics_engine_unit.py" line="234" time="0.005" /><testcase classname="tests.unit.test_metadata_formatting.TestMakeSortName" name="test_artigo_the_vai_pro_final" file="tests/unit/test_metadata_formatting.py" line="22" time="0.002" /><testcase classname="tests.unit.test_metadata_formatting.TestMakeSortName" name="test_sem_artigo_nao_muda" file="tests/unit/test_metadata_formatting.py" line="25" time="0.002" /><testcase classname="tests.unit.test_metadata_formatting.TestMakeSortName" name="test_apostrofo_l_e_tratado_sem_espaco_apos" file="tests/unit/test_metadata_formatting.py" line="28" time="0.002" /><testcase classname="tests.unit.test_metadata_formatting.TestMakeSortName" name="test_lista_de_artistas_processa_cada_um" file="tests/unit/test_metadata_formatting.py" line="31" time="0.002" /><testcase classname="tests.unit.test_metadata_formatting.TestMakeSortName" name="test_lista_ignora_itens_vazios" file="tests/unit/test_metadata_formatting.py" line="36" time="0.001" /><testcase classname="tests.unit.test_metadata_formatting.TestMakeSortName" name="test_none_ou_vazio_vira_string_vazia" file="tests/unit/test_metadata_formatting.py" line="39" time="0.002" /><testcase classname="tests.unit.test_metadata_formatting.TestMakeSortName" name="test_artigo_no_meio_do_nome_nao_conta" file="tests/unit/test_metadata_formatting.py" line="43" time="0.002" /><testcase classname="tests.unit.test_metadata_formatting.TestMakeSortName" name="test_valor_nao_string_e_convertido" file="tests/unit/test_metadata_formatting.py" line="48" time="0.002" /><testcase classname="tests.unit.test_metadata_formatting.TestGetTitleComVersao" name="test_versao_e_anexada_quando_ausente_do_titulo" file="tests/unit/test_metadata_formatting.py" line="58" time="0.001" /><testcase classname="tests.unit.test_metadata_formatting.TestGetTitleComVersao" name="test_versao_ja_presente_no_titulo_nao_duplica" file="tests/unit/test_metadata_formatting.py" line="61" time="0.001" /><testcase classname="tests.unit.test_metadata_formatting.TestGetTitleComVersao" name="test_sem_versao_titulo_fica_igual" file="tests/unit/test_metadata_formatting.py" line="66" time="0.002" /><testcase classname="tests.unit.test_metadata_formatting.TestGetTitleComVersao" name="test_titulo_vazio_com_versao" file="tests/unit/test_metadata_formatting.py" line="69" time="0.002" /><testcase classname="tests.unit.test_metadata_formatting.TestGetTitle" name="test_titulo_simples_sem_versao_nem_obra" file="tests/unit/test_metadata_formatting.py" line="74" time="0.002" /><testcase classname="tests.unit.test_metadata_formatting.TestGetTitle" name="test_titulo_com_versao" file="tests/unit/test_metadata_formatting.py" line="77" time="0.001" /><testcase classname="tests.unit.test_metadata_formatting.TestGetTitle" name="test_titulo_com_obra_classica_e_versao" file="tests/unit/test_metadata_formatting.py" line="80" time="0.001" /><testcase classname="tests.unit.test_metadata_formatting.TestGetTitle" name="test_titulo_sem_work_nem_version_no_dict" file="tests/unit/test_metadata_formatting.py" line="86" time="0.002" /><testcase classname="tests.unit.test_metadata_formatting.TestFormatCopyright" name="test_marcador_p_vira_simbolo_fonografico" file="tests/unit/test_metadata_formatting.py" line="95" time="0.002" /><testcase classname="tests.unit.test_metadata_formatting.TestFormatCopyright" name="test_marcador_c_vira_simbolo_de_copyright" file="tests/unit/test_metadata_formatting.py" line="98" time="0.002" /><testcase classname="tests.unit.test_metadata_formatting.TestFormatCopyright" name="test_ambos_marcadores_na_mesma_string" file="tests/unit/test_metadata_formatting.py" line="101" time="0.002" /><testcase classname="tests.unit.test_metadata_formatting.TestFormatCopyright" name="test_string_vazia_ou_none_passa_direto" file="tests/unit/test_metadata_formatting.py" line="105" time="0.001" /><testcase classname="tests.unit.test_metadata_formatting.TestFormatCopyright" name="test_sem_marcador_nao_muda" file="tests/unit/test_metadata_formatting.py" line="109" time="0.001" /><testcase classname="tests.unit.test_metadata_formatting.TestFormatGenres" name="test_seta_de_hierarquia_e_dividida" file="tests/unit/test_metadata_formatting.py" line="117" time="0.002" /><testcase classname="tests.unit.test_metadata_formatting.TestFormatGenres" name="test_barra_tambem_divide" file="tests/unit/test_metadata_formatting.py" line="124" time="0.002" /><testcase classname="tests.unit.test_metadata_formatting.TestFormatGenres" name="test_generos_duplicados_sao_removidos_mantendo_ordem" file="tests/unit/test_metadata_formatting.py" line="127" time="0.001" /><testcase classname="tests.unit.test_metadata_formatting.TestFormatGenres" name="test_lista_vazia_vira_string_vazia" file="tests/unit/test_metadata_formatting.py" line="130" time="0.001" /><testcase classname="tests.unit.test_metadata_formatting.TestFormatGenres" name="test_multiplos_generos_com_hierarquia_cada_um" file="tests/unit/test_metadata_formatting.py" line="133" time="0.002" /><testcase classname="tests.unit.test_metadata_formatting.TestNormalizeName" name="test_acentos_sao_removidos" file="tests/unit/test_metadata_formatting.py" line="142" time="0.001" /><testcase classname="tests.unit.test_metadata_formatting.TestNormalizeName" name="test_maiusculas_viram_minusculas" file="tests/unit/test_metadata_formatting.py" line="145" time="0.001" /><testcase classname="tests.unit.test_metadata_formatting.TestNormalizeName" name="test_espacos_nas_pontas_sao_removidos" file="tests/unit/test_metadata_formatting.py" line="148" time="0.002" /><testcase classname="tests.unit.test_metadata_formatting.TestNormalizeName" name="test_lista_e_unida_com_virgula" file="tests/unit/test_metadata_formatting.py" line="151" time="0.002" /><testcase classname="tests.unit.test_metadata_formatting.TestNormalizeName" name="test_lista_ignora_itens_vazios" file="tests/unit/test_metadata_formatting.py" line="154" time="0.002" /><testcase classname="tests.unit.test_metadata_formatting.TestNormalizeName" name="test_mesmo_nome_com_acento_diferente_normaliza_igual" file="tests/unit/test_metadata_formatting.py" line="157" time="0.001" /><testcase classname="tests.unit.test_metadata_formatting.TestGetCoverPath" name="test_override_valido_tem_prioridade" file="tests/unit/test_metadata_formatting.py" line="167" time="0.004" /><testcase classname="tests.unit.test_metadata_formatting.TestGetCoverPath" name="test_override_inexistente_e_ignorado_cai_pro_embed" file="tests/unit/test_metadata_formatting.py" line="176" time="0.004" /><testcase classname="tests.unit.test_metadata_formatting.TestGetCoverPath" name="test_capa_na_pasta_atual_e_encontrada" file="tests/unit/test_metadata_formatting.py" line="185" time="0.004" /><testcase classname="tests.unit.test_metadata_formatting.TestGetCoverPath" name="test_capa_na_pasta_pai_e_encontrada_multi_disco" file="tests/unit/test_metadata_formatting.py" line="190" time="0.004" /><testcase classname="tests.unit.test_metadata_formatting.TestGetCoverPath" name="test_pasta_atual_tem_prioridade_sobre_a_pai" file="tests/unit/test_metadata_formatting.py" line="201" time="0.004" /><testcase classname="tests.unit.test_metadata_formatting.TestGetCoverPath" name="test_nenhuma_capa_encontrada_devolve_none" file="tests/unit/test_metadata_formatting.py" line="212" time="0.003" /><testcase classname="tests.unit.test_metadata_formatting.TestMetadataBordasETratamento" name="test_format_genres_com_strings_e_espacos" file="tests/unit/test_metadata_formatting.py" line="220" time="0.001" /><testcase classname="tests.unit.test_metadata_formatting.TestMetadataBordasETratamento" name="test_get_title_with_version_formatacao_padrao" file="tests/unit/test_metadata_formatting.py" line="226" time="0.002" /><testcase classname="tests.unit.test_metadata_formatting.TestGetTagsToAdd" name="test_album_ou_item_vazio_devolve_dict_vazio" file="tests/unit/test_metadata_formatting.py" line="275" time="0.002" /><testcase classname="tests.unit.test_metadata_formatting.TestGetTagsToAdd" name="test_tags_basicas_de_album_e_faixa" file="tests/unit/test_metadata_formatting.py" line="281" time="0.002" /><testcase classname="tests.unit.test_metadata_formatting.TestGetTagsToAdd" name="test_titulo_nao_duplica_versao_ja_presente" file="tests/unit/test_metadata_formatting.py" line="292" time="0.002" /><testcase classname="tests.unit.test_metadata_formatting.TestGetTagsToAdd" name="test_faixa_explicita_marca_emoji_e_tags_de_aviso" file="tests/unit/test_metadata_formatting.py" line="300" time="0.002" /><testcase classname="tests.unit.test_metadata_formatting.TestGetTagsToAdd" name="test_album_artist_e_sort_name_vem_como_lista" file="tests/unit/test_metadata_formatting.py" line="319" time="0.002" /><testcase classname="tests.unit.test_metadata_formatting.TestGetTagsToAdd" name="test_artistas_da_faixa_deduplicados_por_performers" file="tests/unit/test_metadata_formatting.py" line="330" time="0.002" /><testcase classname="tests.unit.test_metadata_formatting.TestGetTagsToAdd" name="test_artist_vazio_quando_sem_performer_nem_artist_do_album" file="tests/unit/test_metadata_formatting.py" line="346" time="0.002" /><testcase classname="tests.unit.test_metadata_formatting.TestGetTagsToAdd" name="test_compositor_via_performers_tem_prioridade_sobre_fallback" file="tests/unit/test_metadata_formatting.py" line="356" time="0.002" /><testcase classname="tests.unit.test_metadata_formatting.TestGetTagsToAdd" name="test_compositor_cai_pro_fallback_sem_performers_elegiveis" file="tests/unit/test_metadata_formatting.py" line="362" time="0.002" /><testcase classname="tests.unit.test_metadata_formatting.TestGetTagsToAdd" name="test_genero_traduzido_pelo_mapa_local_sem_duplicar" file="tests/unit/test_metadata_formatting.py" line="370" time="0.002" /><testcase classname="tests.unit.test_metadata_formatting.TestGetTagsToAdd" name="test_copyright_formatado_e_label_com_espacos_colapsados" file="tests/unit/test_metadata_formatting.py" line="382" time="0.002" /><testcase classname="tests.unit.test_metadata_formatting.TestGetTagsToAdd" name="test_copyright_tag_e_controlada_por_no_label_tag_nao_no_copyright_tag" file="tests/unit/test_metadata_formatting.py" line="389" time="0.002" /><testcase classname="tests.unit.test_metadata_formatting.TestGetTagsToAdd" name="test_compilation_tag_via_classify_release_type" file="tests/unit/test_metadata_formatting.py" line="408" time="0.002" /><testcase classname="tests.unit.test_metadata_formatting.TestGetTagsToAdd" name="test_replaygain_somente_quando_presente_no_audio_info" file="tests/unit/test_metadata_formatting.py" line="419" time="0.002" /><testcase classname="tests.unit.test_metadata_formatting.TestGetTagsToAdd" name="test_work_tag_apenas_quando_presente_e_habilitada" file="tests/unit/test_metadata_formatting.py" line="440" time="0.003" /><testcase classname="tests.unit.test_metadata_formatting.TestGetTagsToAdd" name="test_regente_e_conjunto_via_performers" file="tests/unit/test_metadata_formatting.py" line="454" time="0.002" /><testcase classname="tests.unit.test_metadata_formatting.TestGetTagsToAdd" name="test_ids_qobuz_e_url_do_album_sao_montados" file="tests/unit/test_metadata_formatting.py" line="467" time="0.002" /><testcase classname="tests.unit.test_metadata_formatting.TestGetTagsToAdd" name="test_flags_no_x_tag_suprimem_a_tag_correspondente" file="tests/unit/test_metadata_formatting.py" line="480" time="0.004" /><testcase classname="tests.unit.test_metadata_formatting.TestGetTagsToAdd" name="test_no_explicit_tag_suprime_as_tres_tags_de_aviso" file="tests/unit/test_metadata_formatting.py" line="499" time="0.002" /><testcase classname="tests.unit.test_metadata_tagging.TestTagFlac" name="test_grava_tags_vorbis_basicas_e_renomeia" file="tests/unit/test_metadata_tagging.py" line="116" time="0.005" /><testcase classname="tests.unit.test_metadata_tagging.TestTagFlac" name="test_remove_tags_de_encoder_residuais" file="tests/unit/test_metadata_tagging.py" line="146" time="0.004" /><testcase classname="tests.unit.test_metadata_tagging.TestTagFlac" name="test_zera_vendor_string" file="tests/unit/test_metadata_tagging.py" line="168" time="0.005" /><testcase classname="tests.unit.test_metadata_tagging.TestTagFlac" name="test_multi_value_tags_troca_virgula_por_ponto_e_virgula" file="tests/unit/test_metadata_tagging.py" line="188" time="0.005" /><testcase classname="tests.unit.test_metadata_tagging.TestTagFlac" name="test_sem_multi_value_tags_mantem_virgula" file="tests/unit/test_metadata_tagging.py" line="215" time="0.004" /><testcase classname="tests.unit.test_metadata_tagging.TestTagFlac" name="test_embed_image_chama_add_picture_quando_capa_existe" file="tests/unit/test_metadata_tagging.py" line="240" time="0.005" /><testcase classname="tests.unit.test_metadata_tagging.TestTagFlac" name="test_sem_capa_nao_chama_add_picture" file="tests/unit/test_metadata_tagging.py" line="264" time="0.005" /><testcase classname="tests.unit.test_metadata_tagging.TestTagMp3" name="test_grava_frames_basicos_e_renomeia" file="tests/unit/test_metadata_tagging.py" line="289" time="0.005" /><testcase classname="tests.unit.test_metadata_tagging.TestTagMp3" name="test_titulo_artista_e_album_vao_via_setitem_pelo_nome_do_frame" file="tests/unit/test_metadata_tagging.py" line="309" time="0.005" /><testcase classname="tests.unit.test_metadata_tagging.TestTagMp3" name="test_tags_sem_mapeamento_no_id3_legend_nao_aparecem" file="tests/unit/test_metadata_tagging.py" line="342" time="0.005" /><testcase classname="tests.unit.test_metadata_tagging.TestTagMp3" name="test_txxx_e_comm_vao_via_add_nao_setitem" file="tests/unit/test_metadata_tagging.py" line="384" time="0.005" /><testcase classname="tests.unit.test_metadata_tagging.TestTagMp3" name="test_sem_header_id3_existente_cria_um_novo" file="tests/unit/test_metadata_tagging.py" line="415" time="0.005" /><testcase classname="tests.unit.test_metadata_tagging.TestTagMp3" name="test_remove_tenc_e_tsse_quando_presentes" file="tests/unit/test_metadata_tagging.py" line="442" time="0.005" /><testcase classname="tests.unit.test_metadata_tagging.TestTagMp3" name="test_embed_image_chama_add_apic_quando_capa_existe" file="tests/unit/test_metadata_tagging.py" line="476" time="0.005" /><testcase classname="tests.unit.test_playlist_import.TestArquivoInexistenteOuVazio" name="test_arquivo_inexistente_levanta_filenotfound" file="tests/unit/test_playlist_import.py" line="25" time="0.004" /><testcase classname="tests.unit.test_playlist_import.TestArquivoInexistenteOuVazio" name="test_txt_vazio_levanta_valueerror" file="tests/unit/test_playlist_import.py" line="29" time="0.004" /><testcase classname="tests.unit.test_playlist_import.TestArquivoInexistenteOuVazio" name="test_txt_so_com_comentarios_levanta_valueerror" file="tests/unit/test_playlist_import.py" line="35" time="0.004" /><testcase classname="tests.unit.test_playlist_import.TestParseTxt" name="test_separador_hifen" file="tests/unit/test_playlist_import.py" line="48" time="0.004" /><testcase classname="tests.unit.test_playlist_import.TestParseTxt" name="test_separador_dois_pontos" file="tests/unit/test_playlist_import.py" line="55" time="0.004" /><testcase classname="tests.unit.test_playlist_import.TestParseTxt" name="test_separador_pipe" file="tests/unit/test_playlist_import.py" line="62" time="0.004" /><testcase classname="tests.unit.test_playlist_import.TestParseTxt" name="test_separador_en_dash" file="tests/unit/test_playlist_import.py" line="69" time="0.004" /><testcase classname="tests.unit.test_playlist_import.TestParseTxt" name="test_dois_pontos_sem_espaco_depois_nao_e_separador" file="tests/unit/test_playlist_import.py" line="76" time="0.004" /><testcase classname="tests.unit.test_playlist_import.TestParseTxt" name="test_linha_sem_separador_vira_so_titulo" file="tests/unit/test_playlist_import.py" line="86" time="0.004" /><testcase classname="tests.unit.test_playlist_import.TestParseTxt" name="test_so_o_primeiro_hifen_separa_titulos_com_hifen" file="tests/unit/test_playlist_import.py" line="93" time="0.003" /><testcase classname="tests.unit.test_playlist_import.TestParseTxt" name="test_linhas_em_branco_e_comentarios_sao_ignorados" file="tests/unit/test_playlist_import.py" line="103" time="0.004" /><testcase classname="tests.unit.test_playlist_import.TestParseTxt" name="test_extensao_text_tambem_e_aceita_como_txt" file="tests/unit/test_playlist_import.py" line="119" time="0.004" /><testcase classname="tests.unit.test_playlist_import.TestParseTxt" name="test_sem_extensao_com_conteudo_de_texto_puro_cai_no_parser_txt" file="tests/unit/test_playlist_import.py" line="126" time="0.004" /><testcase classname="tests.unit.test_playlist_import.TestParseCsv" name="test_colunas_artist_e_title_basicas" file="tests/unit/test_playlist_import.py" line="138" time="0.004" /><testcase classname="tests.unit.test_playlist_import.TestParseCsv" name="test_deteccao_de_coluna_case_insensitive_e_sinonimos" file="tests/unit/test_playlist_import.py" line="148" time="0.004" /><testcase classname="tests.unit.test_playlist_import.TestParseCsv" name="test_separador_ponto_e_virgula_detectado_automaticamente" file="tests/unit/test_playlist_import.py" line="157" time="0.004" /><testcase classname="tests.unit.test_playlist_import.TestParseCsv" name="test_separador_tab_detectado_automaticamente" file="tests/unit/test_playlist_import.py" line="164" time="0.004" /><testcase classname="tests.unit.test_playlist_import.TestParseCsv" name="test_multiplos_artistas_pega_so_o_primeiro" file="tests/unit/test_playlist_import.py" line="171" time="0.004" /><testcase classname="tests.unit.test_playlist_import.TestParseCsv" name="test_linha_sem_titulo_e_descartada_silenciosamente" file="tests/unit/test_playlist_import.py" line="180" time="0.004" /><testcase classname="tests.unit.test_playlist_import.TestParseCsv" name="test_sem_coluna_de_titulo_reconhecida_levanta_valueerror_explicativo" file="tests/unit/test_playlist_import.py" line="189" time="0.004" /><testcase classname="tests.unit.test_playlist_import.TestParseCsv" name="test_sem_coluna_de_artista_ainda_funciona_so_com_titulo" file="tests/unit/test_playlist_import.py" line="197" time="0.004" /><testcase classname="tests.unit.test_playlist_import.TestParseJson" name="test_formato_generico_flat" file="tests/unit/test_playlist_import.py" line="207" time="0.004" /><testcase classname="tests.unit.test_playlist_import.TestParseJson" name="test_formato_generico_com_name_em_vez_de_title" file="tests/unit/test_playlist_import.py" line="216" time="0.004" /><testcase classname="tests.unit.test_playlist_import.TestParseJson" name="test_formato_generico_com_lista_de_artistas" file="tests/unit/test_playlist_import.py" line="225" time="0.004" /><testcase classname="tests.unit.test_playlist_import.TestParseJson" name="test_exportify" file="tests/unit/test_playlist_import.py" line="235" time="0.004" /><testcase classname="tests.unit.test_playlist_import.TestParseJson" name="test_spotify_api_com_items" file="tests/unit/test_playlist_import.py" line="245" time="0.004" /><testcase classname="tests.unit.test_playlist_import.TestParseJson" name="test_lastfm_com_wrapper_track" file="tests/unit/test_playlist_import.py" line="266" time="0.004" /><testcase classname="tests.unit.test_playlist_import.TestParseJson" name="test_lastfm_artist_como_string_direta" file="tests/unit/test_playlist_import.py" line="276" time="0.004" /><testcase classname="tests.unit.test_playlist_import.TestParseJson" name="test_objeto_unico_sem_wrapper_vira_lista_de_um" file="tests/unit/test_playlist_import.py" line="287" time="0.004" /><testcase classname="tests.unit.test_playlist_import.TestParseJson" name="test_item_sem_titulo_e_descartado" file="tests/unit/test_playlist_import.py" line="298" time="0.004" /><testcase classname="tests.unit.test_playlist_import.TestParseJson" name="test_item_que_nao_e_dict_e_ignorado_sem_quebrar" file="tests/unit/test_playlist_import.py" line="313" time="0.004" /><testcase classname="tests.unit.test_playlist_import.TestParseJson" name="test_json_de_nivel_superior_que_nao_e_lista_nem_dict_de_faixa" file="tests/unit/test_playlist_import.py" line="325" time="0.005" /><testcase classname="tests.unit.test_playlist_import.TestParseJson" name="test_lista_vazia_levanta_valueerror" file="tests/unit/test_playlist_import.py" line="331" time="0.004" /><testcase classname="tests.unit.test_playlist_import.TestDeteccaoPorConteudo" name="test_conteudo_json_sem_extensao_json" file="tests/unit/test_playlist_import.py" line="342" time="0.004" /><testcase classname="tests.unit.test_playlist_import.TestDeteccaoPorConteudo" name="test_conteudo_csv_sem_extensao_csv" file="tests/unit/test_playlist_import.py" line="351" time="0.004" /><testcase classname="tests.unit.test_postprocess.TestNormId" name="test_int_e_str_do_mesmo_numero_normalizam_igual" file="tests/unit/test_postprocess.py" line="96" time="0.002" /><testcase classname="tests.unit.test_postprocess.TestNormId" name="test_none_vira_none" file="tests/unit/test_postprocess.py" line="99" time="0.002" /><testcase classname="tests.unit.test_postprocess.TestNormId" name="test_string_vazia_vira_none" file="tests/unit/test_postprocess.py" line="102" time="0.002" /><testcase classname="tests.unit.test_postprocess.TestNormId" name="test_float_e_aceito" file="tests/unit/test_postprocess.py" line="106" time="0.002" /><testcase classname="tests.unit.test_postprocess.TestNormId" name="test_preserva_texto_de_id_nao_numerico" file="tests/unit/test_postprocess.py" line="109" time="0.002" /><testcase classname="tests.unit.test_postprocess.TestInitReport" name="test_cria_arquivo_em_pasta_nova" file="tests/unit/test_postprocess.py" line="119" time="0.007" /><testcase classname="tests.unit.test_postprocess.TestInitReport" name="test_cabecalho_inicial_correto" file="tests/unit/test_postprocess.py" line="123" time="0.007" /><testcase classname="tests.unit.test_postprocess.TestInitReport" name="test_faixas_previstas_populam_lista_como_pendente" file="tests/unit/test_postprocess.py" line="144" time="0.009" /><testcase classname="tests.unit.test_postprocess.TestInitReport" name="test_faixas_previstas_mantem_ordem_numerica" file="tests/unit/test_postprocess.py" line="162" time="0.009" /><testcase classname="tests.unit.test_postprocess.TestInitReport" name="test_idempotente_nao_apaga_progresso" file="tests/unit/test_postprocess.py" line="177" time="0.014" /><testcase classname="tests.unit.test_postprocess.TestInitReport" name="test_nao_duplica_faixa_ja_existente" file="tests/unit/test_postprocess.py" line="199" time="0.011" /><testcase classname="tests.unit.test_postprocess.TestInitReport" name="test_faixa_promovida_para_album" file="tests/unit/test_postprocess.py" line="216" time="0.012" /><testcase classname="tests.unit.test_postprocess.TestInitReport" name="test_faixa_avulsa_nao_rebaixa_album" file="tests/unit/test_postprocess.py" line="248" time="0.010" /><testcase classname="tests.unit.test_postprocess.TestInitReport" name="test_tmp_nao_sobra_apos_escrita" file="tests/unit/test_postprocess.py" line="274" time="0.007" /><testcase classname="tests.unit.test_postprocess.TestUpdateTrackStatus" name="test_cria_report_quando_nao_existe" file="tests/unit/test_postprocess.py" line="285" time="0.007" /><testcase classname="tests.unit.test_postprocess.TestUpdateTrackStatus" name="test_status_ok_registrado" file="tests/unit/test_postprocess.py" line="297" time="0.007" /><testcase classname="tests.unit.test_postprocess.TestUpdateTrackStatus" name="test_status_falha_registrado" file="tests/unit/test_postprocess.py" line="311" time="0.007" /><testcase classname="tests.unit.test_postprocess.TestUpdateTrackStatus" name="test_upsert_nao_duplica_mesma_faixa" file="tests/unit/test_postprocess.py" line="327" time="0.011" /><testcase classname="tests.unit.test_postprocess.TestUpdateTrackStatus" name="test_upsert_id_int_e_str_sao_a_mesma_faixa" file="tests/unit/test_postprocess.py" line="341" time="0.011" /><testcase classname="tests.unit.test_postprocess.TestUpdateTrackStatus" name="test_id_str_depois_de_int_via_init" file="tests/unit/test_postprocess.py" line="366" time="0.013" /><testcase classname="tests.unit.test_postprocess.TestUpdateTrackStatus" name="test_lista_sempre_ordenada_por_numero" file="tests/unit/test_postprocess.py" line="395" time="0.017" /><testcase classname="tests.unit.test_postprocess.TestUpdateTrackStatus" name="test_resumo_e_recalculado" file="tests/unit/test_postprocess.py" line="416" time="0.017" /><testcase classname="tests.unit.test_postprocess.TestUpdateTrackStatus" name="test_campos_metalicos_preservados_no_upsert" file="tests/unit/test_postprocess.py" line="439" time="0.012" /><testcase classname="tests.unit.test_postprocess.TestFinalizeReport" name="test_estado_completo" file="tests/unit/test_postprocess.py" line="481" time="0.011" /><testcase classname="tests.unit.test_postprocess.TestFinalizeReport" name="test_estado_incompleto" file="tests/unit/test_postprocess.py" line="491" time="0.011" /><testcase classname="tests.unit.test_postprocess.TestFinalizeReport" name="test_qualidade_atingida_registrada" file="tests/unit/test_postprocess.py" line="501" time="0.010" /><testcase classname="tests.unit.test_postprocess.TestFinalizeReport" name="test_noop_em_pasta_sem_report" file="tests/unit/test_postprocess.py" line="513" time="0.004" /><testcase classname="tests.unit.test_postprocess.TestConcorrencia" name="test_todas_faixas_chegam_quando_paralelas" file="tests/unit/test_postprocess.py" line="527" time="0.119" /><testcase classname="tests.unit.test_postprocess.TestConcorrencia" name="test_sem_arquivo_tmp_residual" file="tests/unit/test_postprocess.py" line="565" time="0.026" /><testcase classname="tests.unit.test_postprocess.TestCenarioFaixaSoltaDepoisAlbum" name="test_sem_duplicata" file="tests/unit/test_postprocess.py" line="598" time="0.022" /><testcase classname="tests.unit.test_postprocess.TestCenarioFaixaSoltaDepoisAlbum" name="test_status_ok_preservado_apos_init" file="tests/unit/test_postprocess.py" line="655" time="0.011" /><testcase classname="tests.unit.test_postprocess.TestCenarioFaixaSoltaDepoisAlbum" name="test_cabecalho_promovido_para_album" file="tests/unit/test_postprocess.py" line="690" time="0.010" /><testcase classname="tests.unit.test_qopy_extra" name="test_qopy_get_track_url_retries_and_parses" file="tests/unit/test_qopy_extra.py" line="8" time="0.004" /><testcase classname="tests.unit.test_qopy_parsing" name="test_api_call_repete_get_apos_erro_transitorio" file="tests/unit/test_qopy_parsing.py" line="41" time="0.005" /><testcase classname="tests.unit.test_qopy_parsing" name="test_api_call_nao_repete_post_mutavel_apos_erro_de_leitura" file="tests/unit/test_qopy_parsing.py" line="65" time="0.004" /><testcase classname="tests.unit.test_qopy_parsing" name="test_create_fecha_sessao_quando_autenticacao_falha" file="tests/unit/test_qopy_parsing.py" line="86" time="0.005" /><testcase classname="tests.unit.test_qopy_parsing.TestCheckSubscriptionSemDados" name="test_user_info_vazio_cai_no_default_inativo" file="tests/unit/test_qopy_parsing.py" line="105" time="0.002" /><testcase classname="tests.unit.test_qopy_parsing.TestCheckSubscriptionSemDados" name="test_subscription_que_nao_e_dict_tambem_cai_no_default" file="tests/unit/test_qopy_parsing.py" line="112" time="0.002" /><testcase classname="tests.unit.test_qopy_parsing.TestCheckSubscriptionComEndDate" name="test_end_date_no_futuro_e_ativa" file="tests/unit/test_qopy_parsing.py" line="123" time="0.002" /><testcase classname="tests.unit.test_qopy_parsing.TestCheckSubscriptionComEndDate" name="test_cancelada_mas_ainda_no_periodo_pago_continua_ativa" file="tests/unit/test_qopy_parsing.py" line="130" time="0.002" /><testcase classname="tests.unit.test_qopy_parsing.TestCheckSubscriptionComEndDate" name="test_end_date_no_passado_e_expirada" file="tests/unit/test_qopy_parsing.py" line="138" time="0.001" /><testcase classname="tests.unit.test_qopy_parsing.TestCheckSubscriptionComEndDate" name="test_end_date_hoje_ainda_conta_como_ativa" file="tests/unit/test_qopy_parsing.py" line="145" time="0.001" /><testcase classname="tests.unit.test_qopy_parsing.TestCheckSubscriptionComEndDate" name="test_end_date_em_formato_invalido_nao_derruba_e_usa_fallback" file="tests/unit/test_qopy_parsing.py" line="152" time="0.002" /><testcase classname="tests.unit.test_qopy_parsing.TestCheckSubscriptionComEndDate" name="test_end_date_invalido_e_cancelada_fica_inativa_no_fallback" file="tests/unit/test_qopy_parsing.py" line="163" time="0.002" /><testcase classname="tests.unit.test_qopy_parsing.TestCheckSubscriptionSemEndDate" name="test_oferta_paga_sem_cancelamento_e_ativa" file="tests/unit/test_qopy_parsing.py" line="174" time="0.002" /><testcase classname="tests.unit.test_qopy_parsing.TestCheckSubscriptionSemEndDate" name="test_oferta_free_e_inativa" file="tests/unit/test_qopy_parsing.py" line="181" time="0.002" /><testcase classname="tests.unit.test_qopy_parsing.TestCheckSubscriptionSemEndDate" name="test_oferta_paga_mas_cancelada_e_inativa" file="tests/unit/test_qopy_parsing.py" line="186" time="0.002" /><testcase classname="tests.unit.test_qopy_parsing.TestCheckSubscriptionCamposAuxiliares" name="test_offer_ausente_vira_n_a" file="tests/unit/test_qopy_parsing.py" line="193" time="0.002" /><testcase classname="tests.unit.test_qopy_parsing.TestCheckSubscriptionCamposAuxiliares" name="test_household_size_max_default_e_1" file="tests/unit/test_qopy_parsing.py" line="202" time="0.002" /><testcase classname="tests.unit.test_qopy_parsing.TestCheckSubscriptionCamposAuxiliares" name="test_household_size_max_e_repassado_quando_presente" file="tests/unit/test_qopy_parsing.py" line="207" time="0.001" /><testcase classname="tests.unit.test_qopy_parsing.TestCheckSubscriptionCamposAuxiliares" name="test_start_date_invalido_mantem_string_original" file="tests/unit/test_qopy_parsing.py" line="212" time="0.001" /><testcase classname="tests.unit.test_qopy_parsing.TestCheckSubscriptionCamposAuxiliares" name="test_raw_preserva_o_dict_original_da_api" file="tests/unit/test_qopy_parsing.py" line="222" time="0.002" /><testcase classname="tests.unit.test_qopy_parsing.TestNormalizeJsonStrings" name="test_reticencias_soltas_viram_caractere_unico" file="tests/unit/test_qopy_parsing.py" line="232" time="0.002" /><testcase classname="tests.unit.test_qopy_parsing.TestNormalizeJsonStrings" name="test_reticencias_dentro_de_url_nao_sao_tocadas" file="tests/unit/test_qopy_parsing.py" line="236" time="0.002" /><testcase classname="tests.unit.test_qopy_parsing.TestNormalizeJsonStrings" name="test_dict_e_normalizado_recursivamente" file="tests/unit/test_qopy_parsing.py" line="243" time="0.002" /><testcase classname="tests.unit.test_qopy_parsing.TestNormalizeJsonStrings" name="test_lista_e_normalizada_recursivamente" file="tests/unit/test_qopy_parsing.py" line="250" time="0.001" /><testcase classname="tests.unit.test_qopy_parsing.TestNormalizeJsonStrings" name="test_dict_aninhado_dentro_de_lista_tambem_e_normalizado" file="tests/unit/test_qopy_parsing.py" line="255" time="0.001" /><testcase classname="tests.unit.test_qopy_parsing.TestNormalizeJsonStrings" name="test_tipos_nao_string_dict_lista_passam_direto" file="tests/unit/test_qopy_parsing.py" line="261" time="0.002" /><testcase classname="tests.unit.test_qopy_parsing.TestNormalizeJsonStrings" name="test_unicode_decomposto_e_normalizado_pra_forma_composta" file="tests/unit/test_qopy_parsing.py" line="268" time="0.003" /><testcase classname="tests.unit.test_retro_tagger.TestExtractTrackIdFlac" name="test_tag_qobuztrackid_direta" file="tests/unit/test_retro_tagger.py" line="68" time="0.002" /><testcase classname="tests.unit.test_retro_tagger.TestExtractTrackIdFlac" name="test_tag_alternativa_com_espaco" file="tests/unit/test_retro_tagger.py" line="74" time="0.002" /><testcase classname="tests.unit.test_retro_tagger.TestExtractTrackIdFlac" name="test_id_no_comentario_via_regex" file="tests/unit/test_retro_tagger.py" line="82" time="0.003" /><testcase classname="tests.unit.test_retro_tagger.TestExtractTrackIdFlac" name="test_sem_nenhum_id_devolve_none" file="tests/unit/test_retro_tagger.py" line="90" time="0.002" /><testcase classname="tests.unit.test_retro_tagger.TestExtractTrackIdFlac" name="test_valor_com_espacos_e_stripado" file="tests/unit/test_retro_tagger.py" line="94" time="0.002" /><testcase classname="tests.unit.test_retro_tagger.TestExtractTrackIdFlac" name="test_excecao_na_leitura_nao_lanca" file="tests/unit/test_retro_tagger.py" line="100" time="0.002" /><testcase classname="tests.unit.test_retro_tagger.TestExtractTrackIdMp3" name="test_txxx_com_desc_exata" file="tests/unit/test_retro_tagger.py" line="109" time="0.002" /><testcase classname="tests.unit.test_retro_tagger.TestExtractTrackIdMp3" name="test_txxx_com_desc_normalizada_espaco_e_underscore" file="tests/unit/test_retro_tagger.py" line="121" time="0.002" /><testcase classname="tests.unit.test_retro_tagger.TestExtractTrackIdMp3" name="test_id_no_comm_via_regex" file="tests/unit/test_retro_tagger.py" line="135" time="0.002" /><testcase classname="tests.unit.test_retro_tagger.TestExtractTrackIdMp3" name="test_sem_nenhum_id_devolve_none" file="tests/unit/test_retro_tagger.py" line="147" time="0.002" /><testcase classname="tests.unit.test_retro_tagger.TestExtractTrackIdExtensaoDesconhecida" name="test_extensao_nao_flac_nem_mp3_devolve_none_direto" file="tests/unit/test_retro_tagger.py" line="155" time="0.001" /><testcase classname="tests.unit.test_retro_tagger.TestInspectExistingLyricsFlac" name="test_letra_embutida_em_lyrics" file="tests/unit/test_retro_tagger.py" line="165" time="0.003" /><testcase classname="tests.unit.test_retro_tagger.TestInspectExistingLyricsFlac" name="test_fallback_para_unsyncedlyrics_quando_lyrics_ausente" file="tests/unit/test_retro_tagger.py" line="173" time="0.002" /><testcase classname="tests.unit.test_retro_tagger.TestInspectExistingLyricsFlac" name="test_idioma_embutido_e_lido_em_minusculo" file="tests/unit/test_retro_tagger.py" line="183" time="0.002" /><testcase classname="tests.unit.test_retro_tagger.TestInspectExistingLyricsFlac" name="test_sem_letra_nenhuma" file="tests/unit/test_retro_tagger.py" line="192" time="0.004" /><testcase classname="tests.unit.test_retro_tagger.TestInspectExistingLyricsArquivosExternos" name="test_le_arquivo_lrc_quando_nao_ha_letra_embutida" file="tests/unit/test_retro_tagger.py" line="206" time="0.006" /><testcase classname="tests.unit.test_retro_tagger.TestInspectExistingLyricsArquivosExternos" name="test_le_arquivo_txt_quando_nao_ha_lrc_nem_letra_embutida" file="tests/unit/test_retro_tagger.py" line="218" time="0.004" /><testcase classname="tests.unit.test_retro_tagger.TestInspectExistingLyricsArquivosExternos" name="test_txt_com_tracklist_no_caminho_e_ignorado" file="tests/unit/test_retro_tagger.py" line="230" time="0.004" /><testcase classname="tests.unit.test_retro_tagger.TestInspectExistingLyricsArquivosExternos" name="test_letra_embutida_tem_prioridade_sobre_arquivo_externo" file="tests/unit/test_retro_tagger.py" line="241" time="0.004" /><testcase classname="tests.unit.test_retro_tagger.TestInspectExistingLyricsBilingue" name="test_separador_de_traducao_detecta_bilingue" file="tests/unit/test_retro_tagger.py" line="256" time="0.004" /><testcase classname="tests.unit.test_retro_tagger.TestInspectExistingLyricsBilingue" name="test_marcador_traducao_detecta_bilingue" file="tests/unit/test_retro_tagger.py" line="264" time="0.004" /><testcase classname="tests.unit.test_retro_tagger.TestInspectExistingLyricsBilingue" name="test_idioma_composto_detecta_bilingue" file="tests/unit/test_retro_tagger.py" line="272" time="0.004" /><testcase classname="tests.unit.test_retro_tagger.TestInspectExistingLyricsBilingue" name="test_letra_normal_nao_e_bilingue" file="tests/unit/test_retro_tagger.py" line="281" time="0.004" /><testcase classname="tests.unit.test_retro_tagger.TestFetchQobuzLyricsRaw" name="test_sucesso_devolve_json_da_letra" file="tests/unit/test_retro_tagger.py" line="315" time="0.004" /><testcase classname="tests.unit.test_retro_tagger.TestFetchQobuzLyricsRaw" name="test_primeira_requisicao_falha_devolve_none" file="tests/unit/test_retro_tagger.py" line="323" time="0.004" /><testcase classname="tests.unit.test_retro_tagger.TestFetchQobuzLyricsRaw" name="test_usa_lyrics_url_quando_url_ausente" file="tests/unit/test_retro_tagger.py" line="328" time="0.003" /><testcase classname="tests.unit.test_retro_tagger.TestFetchQobuzLyricsRaw" name="test_usa_qualquer_chave_que_contenha_url_como_fallback" file="tests/unit/test_retro_tagger.py" line="336" time="0.003" /><testcase classname="tests.unit.test_retro_tagger.TestFetchQobuzLyricsRaw" name="test_sem_nenhuma_url_devolve_none" file="tests/unit/test_retro_tagger.py" line="344" time="0.003" /><testcase classname="tests.unit.test_retro_tagger.TestFetchQobuzLyricsRaw" name="test_segunda_requisicao_falha_devolve_none" file="tests/unit/test_retro_tagger.py" line="349" time="0.003" /><testcase classname="tests.unit.test_retro_tagger.TestFetchQobuzLyricsRaw" name="test_excecao_qualquer_e_capturada_devolve_none" file="tests/unit/test_retro_tagger.py" line="357" time="0.004" /><testcase classname="tests.unit.test_retro_tagger.TestFetchQobuzLyricsRaw" name="test_idioma_e_incluido_nos_parametros_quando_informado" file="tests/unit/test_retro_tagger.py" line="363" time="0.003" /><testcase classname="tests.unit.test_settings.TestDefaults" name="test_sem_kwargs_usa_os_defaults_documentados" file="tests/unit/test_settings.py" line="48" time="0.002" /><testcase classname="tests.unit.test_settings.TestDefaults" name="test_kwargs_explicitos_sobrescrevem_o_default" file="tests/unit/test_settings.py" line="61" time="0.001" /><testcase classname="tests.unit.test_settings.TestDefaults" name="test_max_workers_e_convertido_pra_inteiro" file="tests/unit/test_settings.py" line="66" time="0.002" /><testcase classname="tests.unit.test_settings.TestDefaults" name="test_workers_sao_limitados_a_valores_seguros" file="tests/unit/test_settings.py" line="71" time="0.002" /><testcase classname="tests.unit.test_settings.TestSinceBeforeDate" name="test_ano_isolado_no_since_vira_primeiro_dia_do_ano" file="tests/unit/test_settings.py" line="78" time="0.001" /><testcase classname="tests.unit.test_settings.TestSinceBeforeDate" name="test_ano_isolado_no_before_vira_ultimo_dia_do_ano" file="tests/unit/test_settings.py" line="81" time="0.002" /><testcase classname="tests.unit.test_settings.TestSinceBeforeDate" name="test_data_completa_e_preservada_sem_mudanca" file="tests/unit/test_settings.py" line="84" time="0.002" /><testcase classname="tests.unit.test_settings.TestSinceBeforeDate" name="test_sem_data_vira_none" file="tests/unit/test_settings.py" line="89" time="0.002" /><testcase classname="tests.unit.test_settings.TestSinceBeforeDate" name="test_string_vazia_vira_none" file="tests/unit/test_settings.py" line="94" time="0.002" /><testcase classname="tests.unit.test_settings.TestSegmentWorkers" name="test_valor_explicito_positivo_e_respeitado" file="tests/unit/test_settings.py" line="101" time="0.002" /><testcase classname="tests.unit.test_settings.TestSegmentWorkers" name="test_zero_ou_ausente_cai_na_heuristica_de_cpu" file="tests/unit/test_settings.py" line="104" time="0.002" /><testcase classname="tests.unit.test_settings.TestSegmentWorkers" name="test_heuristica_tem_piso_de_2" file="tests/unit/test_settings.py" line="111" time="0.002" /><testcase classname="tests.unit.test_settings.TestSegmentWorkers" name="test_heuristica_tem_teto_de_8" file="tests/unit/test_settings.py" line="118" time="0.002" /><testcase classname="tests.unit.test_settings.TestSegmentWorkers" name="test_cpu_count_none_nao_quebra" file="tests/unit/test_settings.py" line="124" time="0.002" /><testcase classname="tests.unit.test_settings.TestMergeBoolOptOut" name="test_cli_ausente_usa_config" file="tests/unit/test_settings.py" line="141" time="0.001" /><testcase classname="tests.unit.test_settings.TestMergeBoolOptOut" name="test_cli_true_vence_config_false" file="tests/unit/test_settings.py" line="145" time="0.002" /><testcase classname="tests.unit.test_settings.TestMergeBoolOptOut" name="test_cli_false_vence_config_true" file="tests/unit/test_settings.py" line="148" time="0.002" /><testcase classname="tests.unit.test_settings.TestMergeBoolOptIn" name="test_no_opcao_desliga_mesmo_com_opcao_ligada" file="tests/unit/test_settings.py" line="155" time="0.002" /><testcase classname="tests.unit.test_settings.TestMergeBoolOptIn" name="test_opcao_liga_sem_o_no_" file="tests/unit/test_settings.py" line="160" time="0.002" /><testcase classname="tests.unit.test_settings.TestMergeBoolOptIn" name="test_sem_nenhum_dos_dois_usa_config" file="tests/unit/test_settings.py" line="163" time="0.002" /><testcase classname="tests.unit.test_settings.TestFromArgumentsConfigparser" name="test_cli_tem_precedencia_sobre_config" file="tests/unit/test_settings.py" line="172" time="0.003" /><testcase classname="tests.unit.test_settings.TestFromArgumentsConfigparser" name="test_config_preenche_quando_cli_nao_fornece" file="tests/unit/test_settings.py" line="181" time="0.003" /><testcase classname="tests.unit.test_settings.TestFromArgumentsConfigparser" name="test_sem_cli_e_sem_config_usa_o_default_da_classe" file="tests/unit/test_settings.py" line="189" time="0.003" /><testcase classname="tests.unit.test_settings.TestFromArgumentsConfigparser" name="test_secrets_do_config_sao_divididos_por_virgula_sem_vazios" file="tests/unit/test_settings.py" line="198" time="0.003" /><testcase classname="tests.unit.test_settings.TestFromArgumentsConfigparser" name="test_no_lrc_files_desliga_mesmo_sem_flag_positiva_no_cli" file="tests/unit/test_settings.py" line="206" time="0.003" /><testcase classname="tests.unit.test_settings.TestFromArgumentsConfigparser" name="test_lrc_files_liga_por_padrao_sem_no_lrc_files" file="tests/unit/test_settings.py" line="214" time="0.003" /><testcase classname="tests.unit.test_settings.TestFromArgumentsConfigparser" name="test_no_embed_lyrics_no_cli_forca_false_mesmo_com_config_true" file="tests/unit/test_settings.py" line="222" time="0.003" /><testcase classname="tests.unit.test_settings.TestFromArgumentsConfigparser" name="test_no_multi_tags_no_cli_forca_false_mesmo_com_config_true" file="tests/unit/test_settings.py" line="230" time="0.003" /><testcase classname="tests.unit.test_settings.TestFromArgumentsConfigparser" name="test_multi_value_tags_do_cli_e_usado_sem_o_no_" file="tests/unit/test_settings.py" line="238" time="0.003" /><testcase classname="tests.unit.test_settings.TestFromArgumentsConfigparser" name="test_secao_default_e_usada_se_qobuz_nao_existir" file="tests/unit/test_settings.py" line="246" time="0.003" /><testcase classname="tests.unit.test_settings.TestFromArgumentsConfigparser" name="test_embed_art_default_e_true_quando_nada_e_informado" file="tests/unit/test_settings.py" line="256" time="0.003" /><testcase classname="tests.unit.test_stats_view.TestFmtDate" name="test_data_iso_vira_formato_br" file="tests/unit/test_stats_view.py" line="20" time="0.002" /><testcase classname="tests.unit.test_stats_view.TestFmtDate" name="test_apenas_a_data_sem_horario" file="tests/unit/test_stats_view.py" line="23" time="0.002" /><testcase classname="tests.unit.test_stats_view.TestFmtDate" name="test_valor_ausente_vira_interrogacao" file="tests/unit/test_stats_view.py" line="26" time="0.002" /><testcase classname="tests.unit.test_stats_view.TestFmtDate" name="test_valor_malformado_e_devolvido_como_veio" file="tests/unit/test_stats_view.py" line="30" time="0.002" /><testcase classname="tests.unit.test_stats_view.TestRenderStatsSemDados" name="test_total_zero_mostra_aviso_e_retorna_0" file="tests/unit/test_stats_view.py" line="94" time="0.002" /><testcase classname="tests.unit.test_stats_view.TestRenderStatsSemDados" name="test_stats_none_tambem_mostra_aviso" file="tests/unit/test_stats_view.py" line="101" time="0.002" /><testcase classname="tests.unit.test_stats_view.TestRenderStatsSemDados" name="test_sem_dados_nao_tenta_mostrar_secoes_de_qualidade" file="tests/unit/test_stats_view.py" line="107" time="0.002" /><testcase classname="tests.unit.test_stats_view.TestRenderStatsComDados" name="test_retorna_0" file="tests/unit/test_stats_view.py" line="119" time="0.002" /><testcase classname="tests.unit.test_stats_view.TestRenderStatsComDados" name="test_secoes_esperadas_aparecem" file="tests/unit/test_stats_view.py" line="123" time="0.002" /><testcase classname="tests.unit.test_stats_view.TestRenderStatsComDados" name="test_percentuais_de_hires_e_qualidade_calculados_certo" file="tests/unit/test_stats_view.py" line="135" time="0.002" /><testcase classname="tests.unit.test_stats_view.TestRenderStatsComDados" name="test_datas_sao_formatadas_para_br" file="tests/unit/test_stats_view.py" line="145" time="0.002" /><testcase classname="tests.unit.test_stats_view.TestRenderStatsComDados" name="test_sem_oldest_nem_newest_pula_secao_periodo" file="tests/unit/test_stats_view.py" line="152" time="0.003" /><testcase classname="tests.unit.test_stats_view.TestRenderStatsComDados" name="test_sem_top_artists_pula_secao" file="tests/unit/test_stats_view.py" line="159" time="0.002" /><testcase classname="tests.unit.test_stats_view.TestRenderStatsComDados" name="test_dica_de_flag_aparece_so_quando_nao_pediu_todos_os_artistas" file="tests/unit/test_stats_view.py" line="166" time="0.002" /><testcase classname="tests.unit.test_stats_view.TestRenderStatsComDados" name="test_show_all_artists_adiciona_secao_com_a_lista_completa" file="tests/unit/test_stats_view.py" line="173" time="0.003" /><testcase classname="tests.unit.test_stats_view.TestRenderStatsComDados" name="test_top_artists_modo_largo_usa_uma_linha_por_artista" file="tests/unit/test_stats_view.py" line="186" time="0.003" /><testcase classname="tests.unit.test_stats_view.TestRenderStatsComDados" name="test_top_artists_modo_estreito_usa_duas_linhas_por_artista" file="tests/unit/test_stats_view.py" line="197" time="0.002" /><testcase classname="tests.unit.test_sync_fingerprint.TestFingerprintFlac" name="test_md5_nativo_tem_prioridade_maxima" file="tests/unit/test_sync_fingerprint.py" line="69" time="0.002" /><testcase classname="tests.unit.test_sync_fingerprint.TestFingerprintFlac" name="test_sem_md5_usa_qobuz_track_id" file="tests/unit/test_sync_fingerprint.py" line="83" time="0.002" /><testcase classname="tests.unit.test_sync_fingerprint.TestFingerprintFlac" name="test_sem_md5_e_sem_qobuz_id_usa_isrc" file="tests/unit/test_sync_fingerprint.py" line="95" time="0.002" /><testcase classname="tests.unit.test_sync_fingerprint.TestFingerprintFlac" name="test_case_do_nome_da_extensao_nao_importa" file="tests/unit/test_sync_fingerprint.py" line="107" time="0.002" /><testcase classname="tests.unit.test_sync_fingerprint.TestFingerprintFlac" name="test_flac_sem_nenhum_id_cai_pro_fallback_de_metadados" file="tests/unit/test_sync_fingerprint.py" line="116" time="0.002" /><testcase classname="tests.unit.test_sync_fingerprint.TestFingerprintMp3" name="test_txxx_qobuz_track_id_tem_prioridade" file="tests/unit/test_sync_fingerprint.py" line="138" time="0.002" /><testcase classname="tests.unit.test_sync_fingerprint.TestFingerprintMp3" name="test_sem_txxx_usa_tsrc_isrc" file="tests/unit/test_sync_fingerprint.py" line="148" time="0.002" /><testcase classname="tests.unit.test_sync_fingerprint.TestFingerprintMp3" name="test_mp3_sem_nenhum_id_cai_pro_fallback_de_metadados" file="tests/unit/test_sync_fingerprint.py" line="157" time="0.002" /><testcase classname="tests.unit.test_sync_fingerprint.TestFingerprintFallbackGenerico" name="test_metadados_normalizados_compoem_o_meta_hash" file="tests/unit/test_sync_fingerprint.py" line="173" time="0.002" /><testcase classname="tests.unit.test_sync_fingerprint.TestFingerprintFallbackGenerico" name="test_tags_ausentes_viram_string_vazia_sem_lancar" file="tests/unit/test_sync_fingerprint.py" line="193" time="0.002" /><testcase classname="tests.unit.test_sync_fingerprint.TestFingerprintFallbackGenerico" name="test_file_none_devolve_none_none" file="tests/unit/test_sync_fingerprint.py" line="201" time="0.002" /><testcase classname="tests.unit.test_sync_fingerprint.TestFingerprintErros" name="test_excecao_qualquer_e_capturada_devolve_none_none" file="tests/unit/test_sync_fingerprint.py" line="212" time="0.002" /><testcase classname="tests.unit.test_sync_fingerprint.TestFingerprintErros" name="test_erro_no_fallback_generico_tambem_e_capturado" file="tests/unit/test_sync_fingerprint.py" line="220" time="0.002" /><testcase classname="tests.unit.test_sync_playlist" name="test_falha_no_download_preserva_arquivos_orfaos" file="tests/unit/test_sync_playlist.py" line="68" time="0.009" /><testcase classname="tests.unit.test_sync_playlist" name="test_exclusao_ocorre_depois_de_download_bem_sucedido" file="tests/unit/test_sync_playlist.py" line="78" time="0.009" /><testcase classname="tests.unit.test_sync_playlist" name="test_lixeira_indisponivel_cai_para_remocao_direta" file="tests/unit/test_sync_playlist.py" line="87" time="0.009" /><testcase classname="tests.unit.test_sync_playlist" name="test_sync_falha_quando_lixeira_e_remocao_direta_falham" file="tests/unit/test_sync_playlist.py" line="98" time="0.009" /><testcase classname="tests.unit.test_utils_pure.TestClassifyReleaseType" name="test_live_via_versao" file="tests/unit/test_utils_pure.py" line="29" time="0.002" /><testcase classname="tests.unit.test_utils_pure.TestClassifyReleaseType" name="test_live_via_titulo_com_parenteses" file="tests/unit/test_utils_pure.py" line="32" time="0.002" /><testcase classname="tests.unit.test_utils_pure.TestClassifyReleaseType" name="test_live_via_titulo_com_travessao" file="tests/unit/test_utils_pure.py" line="35" time="0.002" /><testcase classname="tests.unit.test_utils_pure.TestClassifyReleaseType" name="test_compilation_por_palavra_chave[Best Of]" file="tests/unit/test_utils_pure.py" line="38" time="0.002" /><testcase classname="tests.unit.test_utils_pure.TestClassifyReleaseType" name="test_compilation_por_palavra_chave[Greatest Hits]" file="tests/unit/test_utils_pure.py" line="38" time="0.002" /><testcase classname="tests.unit.test_utils_pure.TestClassifyReleaseType" name="test_compilation_por_palavra_chave[Anthology]" file="tests/unit/test_utils_pure.py" line="38" time="0.002" /><testcase classname="tests.unit.test_utils_pure.TestClassifyReleaseType" name="test_compilation_por_palavra_chave[Collection]" file="tests/unit/test_utils_pure.py" line="38" time="0.002" /><testcase classname="tests.unit.test_utils_pure.TestClassifyReleaseType" name="test_compilation_por_palavra_chave[Compilation]" file="tests/unit/test_utils_pure.py" line="38" time="0.002" /><testcase classname="tests.unit.test_utils_pure.TestClassifyReleaseType" name="test_compilation_tem_prioridade_sobre_contagem_de_faixas" file="tests/unit/test_utils_pure.py" line="44" time="0.001" /><testcase classname="tests.unit.test_utils_pure.TestClassifyReleaseType" name="test_ep_via_titulo_ou_versao" file="tests/unit/test_utils_pure.py" line="52" time="0.002" /><testcase classname="tests.unit.test_utils_pure.TestClassifyReleaseType" name="test_contagem_de_faixas_bate_com_a_regra_oficial[1-single]" file="tests/unit/test_utils_pure.py" line="56" time="0.002" /><testcase classname="tests.unit.test_utils_pure.TestClassifyReleaseType" name="test_contagem_de_faixas_bate_com_a_regra_oficial[3-single]" file="tests/unit/test_utils_pure.py" line="56" time="0.002" /><testcase classname="tests.unit.test_utils_pure.TestClassifyReleaseType" name="test_contagem_de_faixas_bate_com_a_regra_oficial[4-ep]" file="tests/unit/test_utils_pure.py" line="56" time="0.002" /><testcase classname="tests.unit.test_utils_pure.TestClassifyReleaseType" name="test_contagem_de_faixas_bate_com_a_regra_oficial[7-ep]" file="tests/unit/test_utils_pure.py" line="56" time="0.002" /><testcase classname="tests.unit.test_utils_pure.TestClassifyReleaseType" name="test_contagem_de_faixas_bate_com_a_regra_oficial[8-album]" file="tests/unit/test_utils_pure.py" line="56" time="0.002" /><testcase classname="tests.unit.test_utils_pure.TestClassifyReleaseType" name="test_contagem_de_faixas_bate_com_a_regra_oficial[20-album]" file="tests/unit/test_utils_pure.py" line="56" time="0.002" /><testcase classname="tests.unit.test_utils_pure.TestClassifyReleaseType" name="test_contagem_de_faixas_vence_mesmo_com_api_dizendo_outra_coisa" file="tests/unit/test_utils_pure.py" line="70" time="0.002" /><testcase classname="tests.unit.test_utils_pure.TestClassifyReleaseType" name="test_sem_contagem_cai_pra_duracao_longa_como_album" file="tests/unit/test_utils_pure.py" line="77" time="0.002" /><testcase classname="tests.unit.test_utils_pure.TestClassifyReleaseType" name="test_sem_contagem_nem_duracao_longa_cai_pra_tag_da_api" file="tests/unit/test_utils_pure.py" line="81" time="0.002" /><testcase classname="tests.unit.test_utils_pure.TestClassifyReleaseType" name="test_sem_nenhum_sinal_cai_pro_item_type" file="tests/unit/test_utils_pure.py" line="87" time="0.002" /><testcase classname="tests.unit.test_utils_pure.TestClassifyReleaseType" name="test_titulo_e_versao_none_nao_lancam_excecao" file="tests/unit/test_utils_pure.py" line="90" time="0.002" /><testcase classname="tests.unit.test_utils_pure.TestGetAlbumArtist" name="test_sem_chave_artists_cai_pro_artist_unico" file="tests/unit/test_utils_pure.py" line="100" time="0.002" /><testcase classname="tests.unit.test_utils_pure.TestGetAlbumArtist" name="test_filtra_so_quem_tem_role_main_artist" file="tests/unit/test_utils_pure.py" line="104" time="0.002" /><testcase classname="tests.unit.test_utils_pure.TestGetAlbumArtist" name="test_artists_presente_sem_nenhum_main_artist_cai_pro_artist_unico" file="tests/unit/test_utils_pure.py" line="114" time="0.002" /><testcase classname="tests.unit.test_utils_pure.TestGetAlbumArtist" name="test_album_vazio_devolve_lista_vazia" file="tests/unit/test_utils_pure.py" line="121" time="0.002" /><testcase classname="tests.unit.test_utils_pure.TestGetAlbumArtist" name="test_artist_sem_name_devolve_lista_vazia" file="tests/unit/test_utils_pure.py" line="124" time="0.002" /><testcase classname="tests.unit.test_utils_pure.TestGetUrlInfo" name="test_url_completa_www" file="tests/unit/test_utils_pure.py" line="132" time="0.002" /><testcase classname="tests.unit.test_utils_pure.TestGetUrlInfo" name="test_url_open_qobuz" file="tests/unit/test_utils_pure.py" line="139" time="0.002" /><testcase classname="tests.unit.test_utils_pure.TestGetUrlInfo" name="test_url_play_qobuz" file="tests/unit/test_utils_pure.py" line="144" time="0.002" /><testcase classname="tests.unit.test_utils_pure.TestGetUrlInfo" name="test_caminho_relativo_sem_dominio" file="tests/unit/test_utils_pure.py" line="149" time="0.001" /><testcase classname="tests.unit.test_utils_pure.TestGetUrlInfo" name="test_label" file="tests/unit/test_utils_pure.py" line="154" time="0.002" /><testcase classname="tests.unit.test_utils_pure.TestGetUrlInfo" name="test_url_sem_match_lanca_attribute_error" file="tests/unit/test_utils_pure.py" line="161" time="0.002" /><testcase classname="tests.unit.test_utils_pure.TestFormatDuration" name="test_menos_de_um_minuto" file="tests/unit/test_utils_pure.py" line="173" time="0.002" /><testcase classname="tests.unit.test_utils_pure.TestFormatDuration" name="test_minutos_e_segundos" file="tests/unit/test_utils_pure.py" line="176" time="0.002" /><testcase classname="tests.unit.test_utils_pure.TestFormatDuration" name="test_uma_hora_exata" file="tests/unit/test_utils_pure.py" line="179" time="0.002" /><testcase classname="tests.unit.test_utils_pure.TestFormatDuration" name="test_zero" file="tests/unit/test_utils_pure.py" line="182" time="0.002" /><testcase classname="tests.unit.test_utils_pure.TestPartialFormatter" name="test_campo_presente_formata_normalmente" file="tests/unit/test_utils_pure.py" line="190" time="0.002" /><testcase classname="tests.unit.test_utils_pure.TestPartialFormatter" name="test_campo_ausente_vira_missing" file="tests/unit/test_utils_pure.py" line="194" time="0.001" /><testcase classname="tests.unit.test_utils_pure.TestPartialFormatter" name="test_campo_vazio_tambem_vira_missing" file="tests/unit/test_utils_pure.py" line="198" time="0.001" /><testcase classname="tests.unit.test_utils_pure.TestPartialFormatter" name="test_missing_customizado" file="tests/unit/test_utils_pure.py" line="202" time="0.002" /><testcase classname="tests.unit.test_utils_pure.TestPartialFormatter" name="test_spec_invalido_para_string_vira_bad_fmt" file="tests/unit/test_utils_pure.py" line="206" time="0.002" /><testcase classname="tests.unit.test_utils_pure.TestCreateAndReturnDir" name="test_cria_diretorio_que_nao_existe" file="tests/unit/test_utils_pure.py" line="217" time="0.004" /><testcase classname="tests.unit.test_utils_pure.TestCreateAndReturnDir" name="test_diretorio_ja_existente_nao_lanca_excecao" file="tests/unit/test_utils_pure.py" line="224" time="0.004" /><testcase classname="tests.unit.test_utils_pure.TestGetConfigPaths" name="test_config_dir_explicito_tem_prioridade_maxima" file="tests/unit/test_utils_pure.py" line="233" time="0.004" /><testcase classname="tests.unit.test_utils_pure.TestGetConfigPaths" name="test_ios_home_usado_quando_config_dir_ausente" file="tests/unit/test_utils_pure.py" line="244" time="0.004" /><testcase classname="tests.unit.test_utils_pure.TestGetConfigPaths" name="test_deteccao_automatica_de_ios_via_home" file="tests/unit/test_utils_pure.py" line="252" time="0.002" /><testcase classname="tests.unit.test_utils_pure.TestEncontrarBinario" name="test_encontrado_no_path_e_cacheado" file="tests/unit/test_utils_pure.py" line="277" time="0.002" /><testcase classname="tests.unit.test_utils_pure.TestEncontrarBinario" name="test_nao_encontrado_em_lugar_nenhum_devolve_none" file="tests/unit/test_utils_pure.py" line="291" time="0.002" /><testcase classname="tests.unit.test_utils_pure.TestCheckarBinariosExternos" name="test_ffmpeg_encontrado_sem_fpcalc_nao_avisa_nada" file="tests/unit/test_utils_pure.py" line="317" time="0.002" /><testcase classname="tests.unit.test_utils_pure.TestCheckarBinariosExternos" name="test_ffmpeg_ausente_avisa" file="tests/unit/test_utils_pure.py" line="325" time="0.002" /><testcase classname="tests.unit.test_utils_pure.TestCheckarBinariosExternos" name="test_fpcalc_nao_e_checado_quando_nao_precisa" file="tests/unit/test_utils_pure.py" line="336" time="0.002" /><testcase classname="tests.unit.test_utils_pure.TestCheckarBinariosExternos" name="test_fpcalc_ausente_quando_precisa_avisa" file="tests/unit/test_utils_pure.py" line="348" time="0.002" /><testcase classname="tests.unit.test_utils_pure.TestCheckarBinariosExternos" name="test_fpcalc_encontrado_quando_precisa_nao_avisa_fpcalc" file="tests/unit/test_utils_pure.py" line="363" time="0.002" /><testcase classname="tests.unit.test_utils_pure.TestVerifyAudioIntegrity" name="test_arquivo_inexistente" file="tests/unit/test_utils_pure.py" line="378" time="0.004" /><testcase classname="tests.unit.test_utils_pure.TestVerifyAudioIntegrity" name="test_ffmpeg_nao_disponivel" file="tests/unit/test_utils_pure.py" line="383" time="0.004" /><testcase classname="tests.unit.test_utils_pure.TestVerifyAudioIntegrity" name="test_sucesso_returncode_zero_sem_stderr" file="tests/unit/test_utils_pure.py" line="393" time="0.004" /><testcase classname="tests.unit.test_utils_pure.TestVerifyAudioIntegrity" name="test_returncode_diferente_de_zero_e_falha" file="tests/unit/test_utils_pure.py" line="407" time="0.004" /><testcase classname="tests.unit.test_utils_pure.TestVerifyAudioIntegrity" name="test_stderr_com_conteudo_e_falha_mesmo_com_returncode_zero" file="tests/unit/test_utils_pure.py" line="422" time="0.004" /><testcase classname="tests.unit.test_utils_pure.TestVerifyAudioIntegrity" name="test_ffmpeg_desaparece_entre_o_encontrar_e_o_rodar" file="tests/unit/test_utils_pure.py" line="441" time="0.004" /><testcase classname="tests.unit.test_utils_pure.TestVerifyAudioIntegrity" name="test_timeout" file="tests/unit/test_utils_pure.py" line="456" time="0.004" /><testcase classname="tests.unit.test_utils_pure.TestSmartDiscographyFilter" name="test_remove_album_onde_artista_pedido_e_so_feature" file="tests/unit/test_utils_pure.py" line="493" time="0.003" /><testcase classname="tests.unit.test_utils_pure.TestSmartDiscographyFilter" name="test_mantem_a_melhor_qualidade_entre_duplicatas" file="tests/unit/test_utils_pure.py" line="501" time="0.002" /><testcase classname="tests.unit.test_utils_pure.TestSmartDiscographyFilter" name="test_save_space_escolhe_a_menor_taxa_de_amostragem" file="tests/unit/test_utils_pure.py" line="510" time="0.002" /><testcase classname="tests.unit.test_utils_pure.TestSmartDiscographyFilter" name="test_quando_existe_remaster_no_grupo_so_ele_sobrevive" file="tests/unit/test_utils_pure.py" line="518" time="0.002" /><testcase classname="tests.unit.test_utils_pure.TestSmartDiscographyFilter" name="test_skip_extras_remove_deluxe" file="tests/unit/test_utils_pure.py" line="526" time="0.003" /><testcase classname="tests.unit.test_utils_pure.TestSmartDiscographyFilter" name="test_grupos_de_essencia_diferentes_sobrevivem_independentemente" file="tests/unit/test_utils_pure.py" line="534" time="0.002" /><testcase classname="tests.unit.test_utils_pure.TestInvalidCharsToFullwidth" name="test_cada_caractere_invalido_vira_seu_equivalente_fullwidth" file="tests/unit/test_utils_pure.py" line="544" time="0.002" /><testcase classname="tests.unit.test_utils_pure.TestInvalidCharsToFullwidth" name="test_sem_caractere_invalido_nao_muda" file="tests/unit/test_utils_pure.py" line="549" time="0.002" /><testcase classname="tests.unit.test_utils_pure.TestApplyLegacyCharmap" name="test_dois_pontos_vira_hifen_e_interrogacao_e_removida" file="tests/unit/test_utils_pure.py" line="554" time="0.002" /><testcase classname="tests.unit.test_utils_pure.TestApplyLegacyCharmap" name="test_menor_e_maior_viram_colchetes" file="tests/unit/test_utils_pure.py" line="557" time="0.002" /><testcase classname="tests.unit.test_utils_pure.TestApplyLegacyCharmap" name="test_hifens_duplos_gerados_pela_substituicao_colapsam" file="tests/unit/test_utils_pure.py" line="560" time="0.001" /><testcase classname="tests.unit.test_utils_pure.TestCleanFilename" name="test_normaliza_unicode_para_nfc" file="tests/unit/test_utils_pure.py" line="567" time="0.002" /><testcase classname="tests.unit.test_utils_pure.TestCleanFilename" name="test_separadores_repetidos_colapsam_em_um_so" file="tests/unit/test_utils_pure.py" line="572" time="0.002" /><testcase classname="tests.unit.test_utils_pure.TestCleanFilename" name="test_parenteses_vazios_sao_removidos" file="tests/unit/test_utils_pure.py" line="575" time="0.002" /><testcase classname="tests.unit.test_utils_pure.TestCleanFilename" name="test_parenteses_com_texto_util_sao_preservados" file="tests/unit/test_utils_pure.py" line="578" time="0.002" /><testcase classname="tests.unit.test_utils_pure.TestCleanFilename" name="test_espacos_multiplos_colapsam" file="tests/unit/test_utils_pure.py" line="581" time="0.002" /><testcase classname="tests.unit.test_utils_pure.TestCleanFilename" name="test_pontos_finais_sao_removidos" file="tests/unit/test_utils_pure.py" line="584" time="0.002" /><testcase classname="tests.unit.test_utils_pure.TestCleanFilename" name="test_legacy_charmap_true_usa_ascii" file="tests/unit/test_utils_pure.py" line="587" time="0.002" /><testcase classname="tests.unit.test_utils_pure.TestCleanFilename" name="test_legacy_charmap_false_usa_fullwidth_por_padrao" file="tests/unit/test_utils_pure.py" line="590" time="0.002" /><testcase classname="tests.unit.test_versao.TestPrefixo" name="test_lstrip_nao_come_v_do_meio" file="tests/unit/test_versao.py" line="32" time="0.002" /><testcase classname="tests.unit.test_versao.TestPrefixo" name="test_aceita_maiusculo" file="tests/unit/test_versao.py" line="37" time="0.001" /><testcase classname="tests.unit.test_versao.TestPrefixo" name="test_sem_prefixo_tambem_funciona" file="tests/unit/test_versao.py" line="40" time="0.002" /><testcase classname="tests.unit.test_versao.TestTagsQueQuebravamAntes" name="test_tag_e_interpretada[v2.5.0-rc1]" file="tests/unit/test_versao.py" line="47" time="0.002" /><testcase classname="tests.unit.test_versao.TestTagsQueQuebravamAntes" name="test_tag_e_interpretada[v2.5.0b1]" file="tests/unit/test_versao.py" line="47" time="0.002" /><testcase classname="tests.unit.test_versao.TestTagsQueQuebravamAntes" name="test_tag_e_interpretada[v2.5.0.post1]" file="tests/unit/test_versao.py" line="47" time="0.002" /><testcase classname="tests.unit.test_versao.TestTagsQueQuebravamAntes" name="test_tag_e_interpretada[v2.5.0a2]" file="tests/unit/test_versao.py" line="47" time="0.002" /><testcase classname="tests.unit.test_versao.TestTagsQueQuebravamAntes" name="test_tag_e_interpretada[v2.5.0.dev3]" file="tests/unit/test_versao.py" line="47" time="0.002" /><testcase classname="tests.unit.test_versao.TestTagsQueQuebravamAntes" name="test_tag_e_interpretada[v2.5.0rc1]" file="tests/unit/test_versao.py" line="47" time="0.002" /><testcase classname="tests.unit.test_versao.TestTagsQueQuebravamAntes" name="test_tag_e_interpretada[v3.0]" file="tests/unit/test_versao.py" line="47" time="0.002" /><testcase classname="tests.unit.test_versao.TestTagsQueQuebravamAntes" name="test_pre_release_nao_e_maior_que_o_final[v2.5.0-rc1]" file="tests/unit/test_versao.py" line="62" time="0.002" /><testcase classname="tests.unit.test_versao.TestTagsQueQuebravamAntes" name="test_pre_release_nao_e_maior_que_o_final[v2.5.0b1]" file="tests/unit/test_versao.py" line="62" time="0.002" /><testcase classname="tests.unit.test_versao.TestTagsQueQuebravamAntes" name="test_pre_release_nao_e_maior_que_o_final[v2.5.0a2]" file="tests/unit/test_versao.py" line="62" time="0.002" /><testcase classname="tests.unit.test_versao.TestTagsQueQuebravamAntes" name="test_pre_release_nao_e_maior_que_o_final[v2.5.0.dev3]" file="tests/unit/test_versao.py" line="62" time="0.002" /><testcase classname="tests.unit.test_versao.TestTagsQueQuebravamAntes" name="test_post_release_e_maior_que_o_final" file="tests/unit/test_versao.py" line="76" time="0.002" /><testcase classname="tests.unit.test_versao.TestComparacaoContraVersaoAtual" name="test_detecta_versao_mais_nova[v2.4.9]" file="tests/unit/test_versao.py" line="83" time="0.002" /><testcase classname="tests.unit.test_versao.TestComparacaoContraVersaoAtual" name="test_detecta_versao_mais_nova[v2.5.0]" file="tests/unit/test_versao.py" line="83" time="0.002" /><testcase classname="tests.unit.test_versao.TestComparacaoContraVersaoAtual" name="test_detecta_versao_mais_nova[v3.0.0]" file="tests/unit/test_versao.py" line="83" time="0.002" /><testcase classname="tests.unit.test_versao.TestComparacaoContraVersaoAtual" name="test_detecta_versao_mais_nova[v2.4.8.3]" file="tests/unit/test_versao.py" line="83" time="0.002" /><testcase classname="tests.unit.test_versao.TestComparacaoContraVersaoAtual" name="test_nao_avisa_para_versao_igual_ou_antiga[v2.4.8.2]" file="tests/unit/test_versao.py" line="87" time="0.002" /><testcase classname="tests.unit.test_versao.TestComparacaoContraVersaoAtual" name="test_nao_avisa_para_versao_igual_ou_antiga[v2.4.8.1]" file="tests/unit/test_versao.py" line="87" time="0.002" /><testcase classname="tests.unit.test_versao.TestComparacaoContraVersaoAtual" name="test_nao_avisa_para_versao_igual_ou_antiga[v2.4.8]" file="tests/unit/test_versao.py" line="87" time="0.002" /><testcase classname="tests.unit.test_versao.TestComparacaoContraVersaoAtual" name="test_nao_avisa_para_versao_igual_ou_antiga[v1.0.0]" file="tests/unit/test_versao.py" line="87" time="0.002" /><testcase classname="tests.unit.test_versao.TestComparacaoContraVersaoAtual" name="test_comparacao_numerica_nao_lexicografica" file="tests/unit/test_versao.py" line="91" time="0.002" /><testcase classname="tests.unit.test_versao" name="test_versao_do_pacote_e_valida" file="tests/unit/test_versao.py" line="98" time="0.002" /><testcase classname="tests.unit.test_versao" name="test_tag_realmente_lixo_ainda_e_erro" file="tests/unit/test_versao.py" line="106" time="0.002" /><testcase classname="tests.unit.test_watcher.TestNewAudioFileHandler" name="test_extensao_de_audio_e_enfileirada" file="tests/unit/test_watcher.py" line="76" time="0.004" /><testcase classname="tests.unit.test_watcher.TestNewAudioFileHandler" name="test_extensao_e_case_insensitive" file="tests/unit/test_watcher.py" line="85" time="0.002" /><testcase classname="tests.unit.test_watcher.TestNewAudioFileHandler" name="test_extensao_nao_suportada_e_ignorada" file="tests/unit/test_watcher.py" line="91" time="0.002" /><testcase classname="tests.unit.test_watcher.TestNewAudioFileHandler" name="test_evento_de_diretorio_e_ignorado" file="tests/unit/test_watcher.py" line="98" time="0.001" /><testcase classname="tests.unit.test_watcher.TestNewAudioFileHandler" name="test_on_moved_usa_dest_path_no_src_path" file="tests/unit/test_watcher.py" line="107" time="0.001" /><testcase classname="tests.unit.test_watcher.TestNewAudioFileHandler" name="test_on_moved_de_diretorio_e_ignorado" file="tests/unit/test_watcher.py" line="120" time="0.002" /><testcase classname="tests.unit.test_watcher.TestWatchDirectoryValidacao" name="test_pasta_inexistente_levanta_erro_direto" file="tests/unit/test_watcher.py" line="134" time="0.005" /><testcase classname="tests.unit.test_watcher.TestWatchDirectoryDebounce" name="test_arquivos_na_mesma_pasta_geram_uma_unica_chamada" file="tests/unit/test_watcher.py" line="153" time="0.239" /><testcase classname="tests.unit.test_watcher.TestWatchDirectoryDebounce" name="test_pastas_diferentes_na_mesma_janela_geram_uma_chamada_cada" file="tests/unit/test_watcher.py" line="184" time="0.228" /><testcase classname="tests.unit.test_watcher.TestWatchDirectoryDebounce" name="test_falha_numa_pasta_nao_impede_as_outras" file="tests/unit/test_watcher.py" line="215" time="0.228" /><testcase classname="tests.unit.test_watcher.TestWatchDirectoryDebounce" name="test_observer_e_parado_ao_cancelar" file="tests/unit/test_watcher.py" line="245" time="0.028" /></testsuite></testsuites>